Archive member included to satisfy reference by file (symbol)

/usr/lib/gcc/arm-none-eabi/6.3.1/../../../arm-none-eabi/lib/libg.a(lib_a-strcasecmp.o)
                              build/obj/shell.o (strcasecmp)
/usr/lib/gcc/arm-none-eabi/6.3.1/../../../arm-none-eabi/lib/libg.a(lib_a-strpbrk.o)
                              build/obj/shell.o (strpbrk)
/usr/lib/gcc/arm-none-eabi/6.3.1/../../../arm-none-eabi/lib/libg.a(lib_a-strspn.o)
                              build/obj/shell.o (strspn)
/usr/lib/gcc/arm-none-eabi/6.3.1/../../../arm-none-eabi/lib/libg.a(lib_a-ctype_.o)
                              /usr/lib/gcc/arm-none-eabi/6.3.1/../../../arm-none-eabi/lib/libg.a(lib_a-strcasecmp.o) (__ctype_ptr__)

Discarded input sections

 .text          0x0000000000000000        0x0 build/obj/crt0.o
 .data          0x0000000000000000        0x0 build/obj/crt0.o
 .bss           0x0000000000000000        0x0 build/obj/crt0.o
 .text.__early_init
                0x0000000000000000        0x4 build/obj/crt0.o
 .text          0x0000000000000000        0x0 build/obj/vectors.o
 .data          0x0000000000000000        0x0 build/obj/vectors.o
 .bss           0x0000000000000000        0x0 build/obj/vectors.o
 .text          0x0000000000000000        0x0 build/obj/chcore.o
 .data          0x0000000000000000        0x0 build/obj/chcore.o
 .bss           0x0000000000000000        0x0 build/obj/chcore.o
 .text.port_halt
                0x0000000000000000        0x4 build/obj/chcore.o
 .debug_info    0x0000000000000000      0x64e build/obj/chcore.o
 .debug_abbrev  0x0000000000000000      0x112 build/obj/chcore.o
 .debug_aranges
                0x0000000000000000       0x20 build/obj/chcore.o
 .debug_ranges  0x0000000000000000       0x10 build/obj/chcore.o
 .debug_line    0x0000000000000000      0x132 build/obj/chcore.o
 .debug_str     0x0000000000000000      0x517 build/obj/chcore.o
 .comment       0x0000000000000000       0x32 build/obj/chcore.o
 .debug_frame   0x0000000000000000       0x20 build/obj/chcore.o
 .ARM.attributes
                0x0000000000000000       0x33 build/obj/chcore.o
 .text          0x0000000000000000        0x0 build/obj/chcore_v7m.o
 .data          0x0000000000000000        0x0 build/obj/chcore_v7m.o
 .bss           0x0000000000000000        0x0 build/obj/chcore_v7m.o
 .text          0x0000000000000000        0x0 build/obj/nvic.o
 .data          0x0000000000000000        0x0 build/obj/nvic.o
 .bss           0x0000000000000000        0x0 build/obj/nvic.o
 .text.nvicDisableVector
                0x0000000000000000       0x40 build/obj/nvic.o
 .text          0x0000000000000000        0x0 build/obj/chsys.o
 .data          0x0000000000000000        0x0 build/obj/chsys.o
 .bss           0x0000000000000000        0x0 build/obj/chsys.o
 .text          0x0000000000000000        0x0 build/obj/chdebug.o
 .data          0x0000000000000000        0x0 build/obj/chdebug.o
 .bss           0x0000000000000000        0x0 build/obj/chdebug.o
 .debug_info    0x0000000000000000      0x635 build/obj/chdebug.o
 .debug_abbrev  0x0000000000000000       0xf6 build/obj/chdebug.o
 .debug_aranges
                0x0000000000000000       0x18 build/obj/chdebug.o
 .debug_line    0x0000000000000000      0x116 build/obj/chdebug.o
 .debug_str     0x0000000000000000      0x508 build/obj/chdebug.o
 .comment       0x0000000000000000       0x32 build/obj/chdebug.o
 .ARM.attributes
                0x0000000000000000       0x33 build/obj/chdebug.o
 .text          0x0000000000000000        0x0 build/obj/chlists.o
 .data          0x0000000000000000        0x0 build/obj/chlists.o
 .bss           0x0000000000000000        0x0 build/obj/chlists.o
 .debug_info    0x0000000000000000      0x635 build/obj/chlists.o
 .debug_abbrev  0x0000000000000000       0xf6 build/obj/chlists.o
 .debug_aranges
                0x0000000000000000       0x18 build/obj/chlists.o
 .debug_line    0x0000000000000000      0x116 build/obj/chlists.o
 .debug_str     0x0000000000000000      0x508 build/obj/chlists.o
 .comment       0x0000000000000000       0x32 build/obj/chlists.o
 .ARM.attributes
                0x0000000000000000       0x33 build/obj/chlists.o
 .text          0x0000000000000000        0x0 build/obj/chvt.o
 .data          0x0000000000000000        0x0 build/obj/chvt.o
 .bss           0x0000000000000000        0x0 build/obj/chvt.o
 .text          0x0000000000000000        0x0 build/obj/chschd.o
 .data          0x0000000000000000        0x0 build/obj/chschd.o
 .bss           0x0000000000000000        0x0 build/obj/chschd.o
 .text          0x0000000000000000        0x0 build/obj/chthreads.o
 .data          0x0000000000000000        0x0 build/obj/chthreads.o
 .bss           0x0000000000000000        0x0 build/obj/chthreads.o
 .text          0x0000000000000000        0x0 build/obj/chdynamic.o
 .data          0x0000000000000000        0x0 build/obj/chdynamic.o
 .bss           0x0000000000000000        0x0 build/obj/chdynamic.o
[...]
Memory Configuration

Name             Origin             Length             Attributes
flash            0x0000000008000000 0x0000000000200000
ram              0x0000000020000000 0x0000000000030000
ccmram           0x0000000010000000 0x0000000000010000
*default*        0x0000000000000000 0xffffffffffffffff

Linker script and memory map

LOAD build/obj/crt0.o
LOAD build/obj/vectors.o
LOAD build/obj/chcore.o
LOAD build/obj/chcore_v7m.o
LOAD build/obj/nvic.o
LOAD build/obj/chsys.o
LOAD build/obj/chdebug.o
LOAD build/obj/chlists.o
LOAD build/obj/chvt.o
LOAD build/obj/chschd.o
LOAD build/obj/chthreads.o
LOAD build/obj/chdynamic.o
LOAD build/obj/chregistry.o
LOAD build/obj/chsem.o
LOAD build/obj/chmtx.o
LOAD build/obj/chcond.o
LOAD build/obj/chevents.o
LOAD build/obj/chmsg.o
LOAD build/obj/chmboxes.o
LOAD build/obj/chqueues.o
LOAD build/obj/chmemcore.o
LOAD build/obj/chheap.o
LOAD build/obj/chmempools.o
LOAD build/obj/test.o
LOAD build/obj/testthd.o
LOAD build/obj/testsem.o
LOAD build/obj/testmtx.o
LOAD build/obj/testmsg.o
LOAD build/obj/testmbox.o
LOAD build/obj/testevt.o
LOAD build/obj/testheap.o
LOAD build/obj/testpools.o
LOAD build/obj/testdyn.o
LOAD build/obj/testqueues.o
LOAD build/obj/testbmk.o
LOAD build/obj/hal.o
LOAD build/obj/adc.o
LOAD build/obj/can.o
LOAD build/obj/ext.o
LOAD build/obj/gpt.o
LOAD build/obj/i2c.o
LOAD build/obj/icu.o
LOAD build/obj/mac.o
LOAD build/obj/mmc_spi.o
LOAD build/obj/mmcsd.o
LOAD build/obj/pal.o
LOAD build/obj/pwm.o
LOAD build/obj/rtc.o
LOAD build/obj/sdc.o
LOAD build/obj/serial.o
LOAD build/obj/serial_usb.o
LOAD build/obj/spi.o
LOAD build/obj/tm.o
LOAD build/obj/uart.o
LOAD build/obj/usb.o
LOAD build/obj/stm32_dma.o
LOAD build/obj/hal_lld.o
LOAD build/obj/adc_lld.o
LOAD build/obj/ext_lld_isr.o
LOAD build/obj/can_lld.o
LOAD build/obj/ext_lld.o
LOAD build/obj/mac_lld.o
LOAD build/obj/sdc_lld.o
LOAD build/obj/pal_lld.o
LOAD build/obj/i2c_lld.o
LOAD build/obj/usb_lld.o
LOAD build/obj/rtc_lld.o
LOAD build/obj/spi_lld.o
LOAD build/obj/gpt_lld.o
LOAD build/obj/icu_lld.o
LOAD build/obj/pwm_lld.o
LOAD build/obj/serial_lld.o
LOAD build/obj/uart_lld.o
LOAD build/obj/board.o
LOAD build/obj/shell.o
LOAD build/obj/chprintf.o
LOAD build/obj/usbcfg.o
LOAD build/obj/main.o
                0x0000000000000400                __main_stack_size__ = 0x400
                0x0000000000000400                __process_stack_size__ = 0x400
                0x0000000020000000                __ram_start__ = ORIGIN (ram)
                0x0000000000030000                __ram_size__ = LENGTH (ram)
                0x0000000020030000                __ram_end__ = (__ram_start__ + __ram_size__)
                0x0000000000000000                . = 0x0
                0x0000000000000000                _text = .

startup         0x0000000008000000      0x1ac
 *(vectors)
 vectors        0x0000000008000000      0x1ac build/obj/vectors.o
                0x0000000008000000                _vectors

constructors    0x00000000080001ac        0x0
                0x00000000080001ac                PROVIDE (__init_array_start, .)
 *(SORT(.init_array.*))
 *(.init_array)
                0x00000000080001ac                PROVIDE (__init_array_end, .)

destructors     0x00000000080001ac        0x0
                0x00000000080001ac                PROVIDE (__fini_array_start, .)
 *(.fini_array)
 *(SORT(.fini_array.*))
                0x00000000080001ac                PROVIDE (__fini_array_end, .)

.text           0x00000000080001b0     0x9190
 *(.text.startup.*)
 .text.startup.main
                0x00000000080001b0       0xdc build/obj/main.o
                0x00000000080001b0                main
 *(.text)
 *fill*         0x000000000800028c        0x4 
 .text          0x0000000008000290       0x74 /usr/lib/gcc/arm-none-eabi/6.3.1/../../../arm-none-eabi/lib/libg.a(lib_a-strcasecmp.o)
                0x0000000008000290                strcasecmp
 *fill*         0x0000000008000304        0xc 
 .text          0x0000000008000310       0x7c /usr/lib/gcc/arm-none-eabi/6.3.1/../../../arm-none-eabi/lib/libg.a(lib_a-strpbrk.o)
                0x0000000008000310                strpbrk
 *fill*         0x000000000800038c        0x4 
 .text          0x0000000008000390       0x70 /usr/lib/gcc/arm-none-eabi/6.3.1/../../../arm-none-eabi/lib/libg.a(lib_a-strspn.o)
                0x0000000008000390                strspn
 *(.text.*)
 .text.__late_init
                0x0000000008000400        0x4 build/obj/crt0.o
                0x0000000008000400                __late_init
 *fill*         0x0000000008000404        0xc 
 .text._default_exit
                0x0000000008000410        0x4 build/obj/crt0.o
                0x0000000008000410                _default_exit
 *fill*         0x0000000008000414        0xc 
 .text.ResetHandler
                0x0000000008000420       0xfc build/obj/crt0.o
                0x0000000008000420                ResetHandler
 *fill*         0x000000000800051c        0x4 
 .text._unhandled_exception
                0x0000000008000520        0x4 build/obj/vectors.o
                0x0000000008000520                Vector58
                0x0000000008000520                Vector9C
                0x0000000008000520                VectorE8
                0x0000000008000520                VectorAC
                0x0000000008000520                Vector1A0
                0x0000000008000520                Vector5C
                0x0000000008000520                NMIVector
                0x0000000008000520                Vector11C
                0x0000000008000520                Vector19C
                0x0000000008000520                Vector8C
                0x0000000008000520                VectorDC
                0x0000000008000520                Vector168
                0x0000000008000520                Vector110
                0x0000000008000520                Vector120
                0x0000000008000520                VectorC8
                0x0000000008000520                Vector94
                0x0000000008000520                VectorA8
                0x0000000008000520                VectorB4
                0x0000000008000520                Vector74
                0x0000000008000520                Vector160
                0x0000000008000520                VectorEC
                0x0000000008000520                UsageFaultVector
                0x0000000008000520                DebugMonitorVector
                0x0000000008000520                Vector40
                0x0000000008000520                VectorF8
                0x0000000008000520                Vector108
                0x0000000008000520                VectorBC
                0x0000000008000520                Vector190
                0x0000000008000520                Vector150
                0x0000000008000520                Vector124
                0x0000000008000520                Vector148
                0x0000000008000520                Vector188
                0x0000000008000520                PendSVVector
                0x0000000008000520                Vector198
                0x0000000008000520                Vector118
                0x0000000008000520                Vector64
                0x0000000008000520                VectorCC
                0x0000000008000520                Vector54
                0x0000000008000520                Vector98
                0x0000000008000520                VectorD8
                0x0000000008000520                Vector138
                0x0000000008000520                Vector24
                0x0000000008000520                Vector178
                0x0000000008000520                Vector84
                0x0000000008000520                Vector1A4
                0x0000000008000520                BusFaultVector
                0x0000000008000520                VectorD0
                0x0000000008000520                Vector140
                0x0000000008000520                VectorE4
                0x0000000008000520                VectorC0
                0x0000000008000520                Vector158
                0x0000000008000520                Vector130
                0x0000000008000520                Vector134
                0x0000000008000520                VectorF0
                0x0000000008000520                Vector12C
                0x0000000008000520                Vector13C
                0x0000000008000520                Vector100
                0x0000000008000520                VectorE0
                0x0000000008000520                VectorF4
                0x0000000008000520                MemManageVector
                0x0000000008000520                Vector6C
                0x0000000008000520                VectorA0
                0x0000000008000520                Vector7C
                0x0000000008000520                VectorC4
                0x0000000008000520                Vector180
                0x0000000008000520                VectorB0
                0x0000000008000520                Vector90
                0x0000000008000520                Vector114
                0x0000000008000520                Vector60
                0x0000000008000520                Vector164
                0x0000000008000520                Vector1C
                0x0000000008000520                Vector17C
                0x0000000008000520                Vector48
                0x0000000008000520                Vector1A8
                0x0000000008000520                Vector16C
                0x0000000008000520                Vector70
                0x0000000008000520                VectorD4
                0x0000000008000520                Vector4C
                0x0000000008000520                Vector144
                0x0000000008000520                Vector80
                0x0000000008000520                Vector15C
                0x0000000008000520                Vector68
                0x0000000008000520                Vector78
                0x0000000008000520                _unhandled_exception
                0x0000000008000520                Vector170
                0x0000000008000520                Vector88
                0x0000000008000520                Vector104
                0x0000000008000520                Vector184
                0x0000000008000520                Vector10C
                0x0000000008000520                Vector14C
                0x0000000008000520                Vector50
                0x0000000008000520                Vector194
                0x0000000008000520                Vector154
                0x0000000008000520                Vector44
                0x0000000008000520                Vector28
                0x0000000008000520                VectorB8
                0x0000000008000520                VectorFC
                0x0000000008000520                Vector34
                0x0000000008000520                Vector128
                0x0000000008000520                VectorA4
                0x0000000008000520                Vector20
                0x0000000008000520                Vector18C
 *fill*         0x0000000008000524        0xc 
 .text.HardFaultVector
                0x0000000008000530       0x10 build/obj/vectors.o
                0x0000000008000530                HardFaultVector
 .text._port_switch_from_isr
                0x0000000008000540        0x8 build/obj/chcore_v7m.o
                0x0000000008000540                _port_switch_from_isr
 *fill*         0x0000000008000548        0x8 
 .text.SVCallVector
                0x0000000008000550       0x14 build/obj/chcore_v7m.o
                0x0000000008000550                SVCallVector
 *fill*         0x0000000008000564        0xc 
 .text._port_init
                0x0000000008000570       0x30 build/obj/chcore_v7m.o
                0x0000000008000570                _port_init
 .text._port_irq_epilogue
                0x00000000080005a0       0x74 build/obj/chcore_v7m.o
                0x00000000080005a0                _port_irq_epilogue
 *fill*         0x0000000008000614        0xc 
 .text.SysTickVector
                0x0000000008000620       0x1c build/obj/chcore_v7m.o
                0x0000000008000620                SysTickVector
 *fill*         0x000000000800063c        0x4 
 .text._port_switch
                0x0000000008000640       0x10 build/obj/chcore_v7m.o
                0x0000000008000640                _port_switch
 .text._port_thread_start
                0x0000000008000650       0x10 build/obj/chcore_v7m.o
                0x0000000008000650                _port_thread_start
 .text.nvicEnableVector
                0x0000000008000660       0x48 build/obj/nvic.o
                0x0000000008000660                nvicEnableVector
 *fill*         0x00000000080006a8        0x8 
 .text.nvicSetSystemHandlerPriority
                0x00000000080006b0       0x28 build/obj/nvic.o
                0x00000000080006b0                nvicSetSystemHandlerPriority
 *fill*         0x00000000080006d8        0x8 
 .text._idle_thread
                0x00000000080006e0       0x14 build/obj/chsys.o
                0x00000000080006e0                _idle_thread
 *fill*         0x00000000080006f4        0xc 
 .text.chSysInit
                0x0000000008000700       0x5c build/obj/chsys.o
                0x0000000008000700                chSysInit
 *fill*         0x000000000800075c        0x4 
 .text.chSysTimerHandlerI
                0x0000000008000760       0x58 build/obj/chsys.o
                0x0000000008000760                chSysTimerHandlerI
 *fill*         0x00000000080007b8        0x8 
 .text._vt_init
                0x00000000080007c0       0x18 build/obj/chvt.o
                0x00000000080007c0                _vt_init
 *fill*         0x00000000080007d8        0x8 
 .text.chVTSetI
                0x00000000080007e0       0x38 build/obj/chvt.o
                0x00000000080007e0                chVTSetI
 *fill*         0x0000000008000818        0x8 
 .text.chVTResetI
                0x0000000008000820       0x24 build/obj/chvt.o
                0x0000000008000820                chVTResetI
 *fill*         0x0000000008000844        0xc 
 .text.wakeup   0x0000000008000850       0x68 build/obj/chschd.o
 *fill*         0x00000000080008b8        0x8 
 .text._scheduler_init
                0x00000000080008c0       0x14 build/obj/chschd.o
                0x00000000080008c0                _scheduler_init
 *fill*         0x00000000080008d4        0xc 
 .text.chSchReadyI
                0x00000000080008e0       0x28 build/obj/chschd.o
                0x00000000080008e0                chSchReadyI
 *fill*         0x0000000008000908        0x8 
 .text.chSchGoSleepS
                0x0000000008000910       0x28 build/obj/chschd.o
                0x0000000008000910                chSchGoSleepS
 *fill*         0x0000000008000938        0x8 
 .text.chSchGoSleepTimeoutS
                0x0000000008000940       0x44 build/obj/chschd.o
                0x0000000008000940                chSchGoSleepTimeoutS
 *fill*         0x0000000008000984        0xc 
 .text.chSchWakeupS
                0x0000000008000990       0x58 build/obj/chschd.o
                0x0000000008000990                chSchWakeupS
 *fill*         0x00000000080009e8        0x8 
 .text.chSchDoRescheduleBehind
                0x00000000080009f0       0x40 build/obj/chschd.o
                0x00000000080009f0                chSchDoRescheduleBehind
 .text.chSchDoRescheduleAhead
                0x0000000008000a30       0x3c build/obj/chschd.o
                0x0000000008000a30                chSchDoRescheduleAhead
 *fill*         0x0000000008000a6c        0x4 
 .text.chSchRescheduleS
                0x0000000008000a70       0x18 build/obj/chschd.o
                0x0000000008000a70                chSchRescheduleS
 *fill*         0x0000000008000a88        0x8 
 .text.chSchDoReschedule
                0x0000000008000a90       0x14 build/obj/chschd.o
                0x0000000008000a90                chSchDoReschedule
 *fill*         0x0000000008000aa4        0xc 
 .text._thread_init
                0x0000000008000ab0       0x44 build/obj/chthreads.o
                0x0000000008000ab0                _thread_init
 *fill*         0x0000000008000af4        0xc 
 .text.chThdCreateI
                0x0000000008000b00       0x5c build/obj/chthreads.o
                0x0000000008000b00                chThdCreateI
 *fill*         0x0000000008000b5c        0x4 
 .text.chThdCreateStatic
                0x0000000008000b60       0x74 build/obj/chthreads.o
                0x0000000008000b60                chThdCreateStatic
 *fill*         0x0000000008000bd4        0xc 
 .text.chThdSetPriority
                0x0000000008000be0       0x30 build/obj/chthreads.o
                0x0000000008000be0                chThdSetPriority
 .text.chThdResume
                0x0000000008000c10       0x1c build/obj/chthreads.o
                0x0000000008000c10                chThdResume
 *fill*         0x0000000008000c2c        0x4 
 .text.chThdTerminate
                0x0000000008000c30       0x18 build/obj/chthreads.o
                0x0000000008000c30                chThdTerminate
 *fill*         0x0000000008000c48        0x8 
 .text.chThdSleep
                0x0000000008000c50       0x18 build/obj/chthreads.o
                0x0000000008000c50                chThdSleep
 *fill*         0x0000000008000c68        0x8 
 .text.chThdSleepUntil
                0x0000000008000c70       0x24 build/obj/chthreads.o
                0x0000000008000c70                chThdSleepUntil
 *fill*         0x0000000008000c94        0xc 
 .text.chThdYield
                0x0000000008000ca0       0x28 build/obj/chthreads.o
                0x0000000008000ca0                chThdYield
 *fill*         0x0000000008000cc8        0x8 
 .text.chThdExitS
                0x0000000008000cd0       0x40 build/obj/chthreads.o
                0x0000000008000cd0                chThdExitS
 .text.chThdExit
                0x0000000008000d10        0xc build/obj/chthreads.o
                0x0000000008000d10                chThdExit
 *fill*         0x0000000008000d1c        0x4 
 .text.chThdWait
                0x0000000008000d20       0x38 build/obj/chthreads.o
                0x0000000008000d20                chThdWait
 *fill*         0x0000000008000d58        0x8 
 .text.chThdAddRef
                0x0000000008000d60       0x14 build/obj/chdynamic.o
                0x0000000008000d60                chThdAddRef
 *fill*         0x0000000008000d74        0xc 
 .text.chThdRelease
                0x0000000008000d80       0x50 build/obj/chdynamic.o
                0x0000000008000d80                chThdRelease
 .text.chThdCreateFromHeap
                0x0000000008000dd0       0x40 build/obj/chdynamic.o
                0x0000000008000dd0                chThdCreateFromHeap
 .text.chThdCreateFromMemoryPool
                0x0000000008000e10       0x48 build/obj/chdynamic.o
                0x0000000008000e10                chThdCreateFromMemoryPool
 *fill*         0x0000000008000e58        0x8 
 .text.chRegFirstThread
                0x0000000008000e60       0x1c build/obj/chregistry.o
                0x0000000008000e60                chRegFirstThread
 *fill*         0x0000000008000e7c        0x4 
 .text.chRegNextThread
                0x0000000008000e80       0x2c build/obj/chregistry.o
                0x0000000008000e80                chRegNextThread
 *fill*         0x0000000008000eac        0x4 
 .text.chSemInit
                0x0000000008000eb0        0x8 build/obj/chsem.o
                0x0000000008000eb0                chSemInit
 *fill*         0x0000000008000eb8        0x8 
 .text.chSemResetI
                0x0000000008000ec0       0x28 build/obj/chsem.o
                0x0000000008000ec0                chSemResetI
 *fill*         0x0000000008000ee8        0x8 
 .text.chSemReset
                0x0000000008000ef0       0x18 build/obj/chsem.o
                0x0000000008000ef0                chSemReset
 *fill*         0x0000000008000f08        0x8 
 .text.chSemWait
                0x0000000008000f10       0x44 build/obj/chsem.o
                0x0000000008000f10                chSemWait
 *fill*         0x0000000008000f54        0xc 
 .text.chSemWaitTimeout
                0x0000000008000f60       0x4c build/obj/chsem.o
                0x0000000008000f60                chSemWaitTimeout
 *fill*         0x0000000008000fac        0x4 
 .text.chSemWaitTimeoutS
                0x0000000008000fb0       0x3c build/obj/chsem.o
                0x0000000008000fb0                chSemWaitTimeoutS
 *fill*         0x0000000008000fec        0x4 
 .text.chSemSignal
                0x0000000008000ff0       0x34 build/obj/chsem.o
                0x0000000008000ff0                chSemSignal
 *fill*         0x0000000008001024        0xc 
 .text.chSemSignalI
                0x0000000008001030       0x20 build/obj/chsem.o
                0x0000000008001030                chSemSignalI
 .text.chSemAddCounterI
                0x0000000008001050       0x30 build/obj/chsem.o
                0x0000000008001050                chSemAddCounterI
 .text.chSemSignalWait
                0x0000000008001080       0x6c build/obj/chsem.o
                0x0000000008001080                chSemSignalWait
 *fill*         0x00000000080010ec        0x4 
 .text.chMtxInit
                0x00000000080010f0        0xc build/obj/chmtx.o
                0x00000000080010f0                chMtxInit
 *fill*         0x00000000080010fc        0x4 
 .text.chMtxLockS
                0x0000000008001100       0xc8 build/obj/chmtx.o
                0x0000000008001100                chMtxLockS
 *fill*         0x00000000080011c8        0x8 
 .text.chMtxLock
                0x00000000080011d0       0x14 build/obj/chmtx.o
                0x00000000080011d0                chMtxLock
 *fill*         0x00000000080011e4        0xc 
 .text.chMtxTryLock
                0x00000000080011f0       0x30 build/obj/chmtx.o
                0x00000000080011f0                chMtxTryLock
 .text.chMtxUnlock
                0x0000000008001220       0x64 build/obj/chmtx.o
                0x0000000008001220                chMtxUnlock
 *fill*         0x0000000008001284        0xc 
 .text.chMtxUnlockS
                0x0000000008001290       0x50 build/obj/chmtx.o
                0x0000000008001290                chMtxUnlockS
 .text.chMtxUnlockAll
                0x00000000080012e0       0x54 build/obj/chmtx.o
                0x00000000080012e0                chMtxUnlockAll
 *fill*         0x0000000008001334        0xc 
 .text.chCondInit
                0x0000000008001340        0x8 build/obj/chcond.o
                0x0000000008001340                chCondInit
 *fill*         0x0000000008001348        0x8 
 .text.chCondSignal
                0x0000000008001350       0x28 build/obj/chcond.o
                0x0000000008001350                chCondSignal
 *fill*         0x0000000008001378        0x8 
 .text.chCondSignalI
                0x0000000008001380       0x20 build/obj/chcond.o
                0x0000000008001380                chCondSignalI
 .text.chCondBroadcast
                0x00000000080013a0       0x34 build/obj/chcond.o
                0x00000000080013a0                chCondBroadcast
 *fill*         0x00000000080013d4        0xc 
 .text.chCondWaitS
                0x00000000080013e0       0x44 build/obj/chcond.o
                0x00000000080013e0                chCondWaitS
 *fill*         0x0000000008001424        0xc 
 .text.chCondWait
                0x0000000008001430       0x14 build/obj/chcond.o
                0x0000000008001430                chCondWait
 *fill*         0x0000000008001444        0xc 
 .text.chCondWaitTimeoutS
                0x0000000008001450       0x4c build/obj/chcond.o
                0x0000000008001450                chCondWaitTimeoutS
 *fill*         0x000000000800149c        0x4 
 .text.chCondWaitTimeout
                0x00000000080014a0       0x14 build/obj/chcond.o
                0x00000000080014a0                chCondWaitTimeout
 *fill*         0x00000000080014b4        0xc 
 .text.chEvtRegisterMask
                0x00000000080014c0       0x28 build/obj/chevents.o
                0x00000000080014c0                chEvtRegisterMask
 *fill*         0x00000000080014e8        0x8 
 .text.chEvtUnregister
                0x00000000080014f0       0x2c build/obj/chevents.o
                0x00000000080014f0                chEvtUnregister
 *fill*         0x000000000800151c        0x4 
 .text.chEvtGetAndClearEvents
                0x0000000008001520       0x20 build/obj/chevents.o
                0x0000000008001520                chEvtGetAndClearEvents
 .text.chEvtAddEvents
                0x0000000008001540       0x1c build/obj/chevents.o
                0x0000000008001540                chEvtAddEvents
 *fill*         0x000000000800155c        0x4 
 .text.chEvtSignalI
                0x0000000008001560       0x2c build/obj/chevents.o
                0x0000000008001560                chEvtSignalI
 *fill*         0x000000000800158c        0x4 
 .text.chEvtBroadcastFlagsI
                0x0000000008001590       0x20 build/obj/chevents.o
                0x0000000008001590                chEvtBroadcastFlagsI
 .text.chEvtSignal
                0x00000000080015b0       0x18 build/obj/chevents.o
                0x00000000080015b0                chEvtSignal
 *fill*         0x00000000080015c8        0x8 
 .text.chEvtBroadcastFlags
                0x00000000080015d0       0x18 build/obj/chevents.o
                0x00000000080015d0                chEvtBroadcastFlags
 *fill*         0x00000000080015e8        0x8 
 .text.chEvtDispatch
                0x00000000080015f0       0x34 build/obj/chevents.o
                0x00000000080015f0                chEvtDispatch
 *fill*         0x0000000008001624        0xc 
 .text.chEvtWaitOne
                0x0000000008001630       0x3c build/obj/chevents.o
                0x0000000008001630                chEvtWaitOne
 *fill*         0x000000000800166c        0x4 
 .text.chEvtWaitAny
                0x0000000008001670       0x38 build/obj/chevents.o
                0x0000000008001670                chEvtWaitAny
 *fill*         0x00000000080016a8        0x8 
 .text.chEvtWaitAll
                0x00000000080016b0       0x34 build/obj/chevents.o
                0x00000000080016b0                chEvtWaitAll
 *fill*         0x00000000080016e4        0xc 
 .text.chEvtWaitOneTimeout
                0x00000000080016f0       0x4c build/obj/chevents.o
                0x00000000080016f0                chEvtWaitOneTimeout
 *fill*         0x000000000800173c        0x4 
 .text.chEvtWaitAnyTimeout
                0x0000000008001740       0x48 build/obj/chevents.o
                0x0000000008001740                chEvtWaitAnyTimeout
 *fill*         0x0000000008001788        0x8 
 .text.chEvtWaitAllTimeout
                0x0000000008001790       0x44 build/obj/chevents.o
                0x0000000008001790                chEvtWaitAllTimeout
 *fill*         0x00000000080017d4        0xc 
 .text.chMsgSend
                0x00000000080017e0       0x40 build/obj/chmsg.o
                0x00000000080017e0                chMsgSend
 .text.chMsgWait
                0x0000000008001820       0x3c build/obj/chmsg.o
                0x0000000008001820                chMsgWait
 *fill*         0x000000000800185c        0x4 
 .text.chMsgRelease
                0x0000000008001860       0x14 build/obj/chmsg.o
                0x0000000008001860                chMsgRelease
 *fill*         0x0000000008001874        0xc 
 .text.chMBInit
                0x0000000008001880       0x28 build/obj/chmboxes.o
                0x0000000008001880                chMBInit
 *fill*         0x00000000080018a8        0x8 
 .text.chMBReset
                0x00000000080018b0       0x34 build/obj/chmboxes.o
                0x00000000080018b0                chMBReset
 *fill*         0x00000000080018e4        0xc 
 .text.chMBPost
                0x00000000080018f0       0x44 build/obj/chmboxes.o
                0x00000000080018f0                chMBPost
 *fill*         0x0000000008001934        0xc 
 .text.chMBPostI
                0x0000000008001940       0x34 build/obj/chmboxes.o
                0x0000000008001940                chMBPostI
 *fill*         0x0000000008001974        0xc 
 .text.chMBPostAhead
                0x0000000008001980       0x4c build/obj/chmboxes.o
                0x0000000008001980                chMBPostAhead
 *fill*         0x00000000080019cc        0x4 
 .text.chMBPostAheadI
                0x00000000080019d0       0x30 build/obj/chmboxes.o
                0x00000000080019d0                chMBPostAheadI
 .text.chMBFetch
                0x0000000008001a00       0x44 build/obj/chmboxes.o
                0x0000000008001a00                chMBFetch
 *fill*         0x0000000008001a44        0xc 
 .text.chMBFetchI
                0x0000000008001a50       0x38 build/obj/chmboxes.o
                0x0000000008001a50                chMBFetchI
 *fill*         0x0000000008001a88        0x8 
 .text.qwait    0x0000000008001a90       0x28 build/obj/chqueues.o
 *fill*         0x0000000008001ab8        0x8 
 .text.chIQInit
                0x0000000008001ac0       0x20 build/obj/chqueues.o
                0x0000000008001ac0                chIQInit
 .text.chIQResetI
                0x0000000008001ae0       0x2c build/obj/chqueues.o
                0x0000000008001ae0                chIQResetI
 *fill*         0x0000000008001b0c        0x4 
 .text.chIQPutI
                0x0000000008001b10       0x54 build/obj/chqueues.o
                0x0000000008001b10                chIQPutI
 *fill*         0x0000000008001b64        0xc 
 .text.chIQGetTimeout
                0x0000000008001b70       0x48 build/obj/chqueues.o
                0x0000000008001b70                chIQGetTimeout
 *fill*         0x0000000008001bb8        0x8 
 .text.chIQReadTimeout
                0x0000000008001bc0       0x70 build/obj/chqueues.o
                0x0000000008001bc0                chIQReadTimeout
 .text.chOQInit
                0x0000000008001c30       0x1c build/obj/chqueues.o
                0x0000000008001c30                chOQInit
 *fill*         0x0000000008001c4c        0x4 
 .text.chOQResetI
                0x0000000008001c50       0x30 build/obj/chqueues.o
                0x0000000008001c50                chOQResetI
 .text.chOQPutTimeout
                0x0000000008001c80       0x54 build/obj/chqueues.o
                0x0000000008001c80                chOQPutTimeout
 *fill*         0x0000000008001cd4        0xc 
 .text.chOQGetI
                0x0000000008001ce0       0x48 build/obj/chqueues.o
                0x0000000008001ce0                chOQGetI
 *fill*         0x0000000008001d28        0x8 
 .text.chOQWriteTimeout
                0x0000000008001d30       0x84 build/obj/chqueues.o
                0x0000000008001d30                chOQWriteTimeout
 *fill*         0x0000000008001db4        0xc 
 .text._core_init
                0x0000000008001dc0       0x28 build/obj/chmemcore.o
                0x0000000008001dc0                _core_init
 *fill*         0x0000000008001de8        0x8 
 .text.chCoreAlloc
                0x0000000008001df0       0x38 build/obj/chmemcore.o
                0x0000000008001df0                chCoreAlloc
 *fill*         0x0000000008001e28        0x8 
 .text.chCoreStatus
                0x0000000008001e30       0x14 build/obj/chmemcore.o
                0x0000000008001e30                chCoreStatus
 *fill*         0x0000000008001e44        0xc 
 .text._heap_init
                0x0000000008001e50       0x1c build/obj/chheap.o
                0x0000000008001e50                _heap_init
 *fill*         0x0000000008001e6c        0x4 
 .text.chHeapInit
                0x0000000008001e70       0x14 build/obj/chheap.o
                0x0000000008001e70                chHeapInit
 *fill*         0x0000000008001e84        0xc 
 .text.chHeapAlloc
                0x0000000008001e90       0x7c build/obj/chheap.o
                0x0000000008001e90                chHeapAlloc
 *fill*         0x0000000008001f0c        0x4 
 .text.chHeapFree
                0x0000000008001f10       0x88 build/obj/chheap.o
                0x0000000008001f10                chHeapFree
 *fill*         0x0000000008001f98        0x8 
 .text.chHeapStatus
                0x0000000008001fa0       0x40 build/obj/chheap.o
                0x0000000008001fa0                chHeapStatus
 .text.chPoolInit
                0x0000000008001fe0        0xc build/obj/chmempools.o
                0x0000000008001fe0                chPoolInit
 *fill*         0x0000000008001fec        0x4 
 .text.chPoolLoadArray
                0x0000000008001ff0       0x20 build/obj/chmempools.o
                0x0000000008001ff0                chPoolLoadArray
 .text.chPoolAlloc
                0x0000000008002010       0x2c build/obj/chmempools.o
                0x0000000008002010                chPoolAlloc
 *fill*         0x000000000800203c        0x4 
 .text.chPoolFree
                0x0000000008002040       0x14 build/obj/chmempools.o
                0x0000000008002040                chPoolFree
 *fill*         0x0000000008002054        0xc 
 .text.tmr      0x0000000008002060        0xc build/obj/test.o
 *fill*         0x000000000800206c        0x4 
 .text.print_line
                0x0000000008002070       0x2c build/obj/test.o
 *fill*         0x000000000800209c        0x4 
 .text.test_printn
                0x00000000080020a0       0x60 build/obj/test.o
                0x00000000080020a0                test_printn
 .text.test_print
                0x0000000008002100       0x24 build/obj/test.o
                0x0000000008002100                test_print
 *fill*         0x0000000008002124        0xc 
 .text.test_println
                0x0000000008002130       0x38 build/obj/test.o
                0x0000000008002130                test_println
 *fill*         0x0000000008002168        0x8 
 .text.test_emit_token
                0x0000000008002170       0x1c build/obj/test.o
                0x0000000008002170                test_emit_token
 *fill*         0x000000000800218c        0x4 
 .text._test_assert
                0x0000000008002190       0x2c build/obj/test.o
                0x0000000008002190                _test_assert
 *fill*         0x00000000080021bc        0x4 
 .text._test_assert_sequence
                0x00000000080021c0       0x50 build/obj/test.o
                0x00000000080021c0                _test_assert_sequence
 .text._test_assert_time_window
                0x0000000008002210       0x38 build/obj/test.o
                0x0000000008002210                _test_assert_time_window
 *fill*         0x0000000008002248        0x8 
 .text.test_terminate_threads
                0x0000000008002250       0x20 build/obj/test.o
                0x0000000008002250                test_terminate_threads
 .text.test_wait_threads
                0x0000000008002270       0x20 build/obj/test.o
                0x0000000008002270                test_wait_threads
 .text.test_cpu_pulse
                0x0000000008002290       0x40 build/obj/test.o
                0x0000000008002290                test_cpu_pulse
 .text.test_wait_tick
                0x00000000080022d0       0x14 build/obj/test.o
                0x00000000080022d0                test_wait_tick
 *fill*         0x00000000080022e4        0xc 
 .text.test_start_timer
                0x00000000080022f0       0x44 build/obj/test.o
                0x00000000080022f0                test_start_timer
 *fill*         0x0000000008002334        0xc 
 .text.TestThread
                0x0000000008002340      0x314 build/obj/test.o
                0x0000000008002340                TestThread
 *fill*         0x0000000008002654        0xc 
 .text.thd1_execute
                0x0000000008002660       0xc8 build/obj/testthd.o
 *fill*         0x0000000008002728        0x8 
 .text.thread   0x0000000008002730        0xc build/obj/testthd.o
 *fill*         0x000000000800273c        0x4 
 .text.thd2_execute
                0x0000000008002740       0xd8 build/obj/testthd.o
 *fill*         0x0000000008002818        0x8 
 .text.thd3_execute
                0x0000000008002820      0x130 build/obj/testthd.o
 .text.thd4_execute
                0x0000000008002950       0x78 build/obj/testthd.o
 *fill*         0x00000000080029c8        0x8 
 .text.sem1_execute
                0x00000000080029d0      0x144 build/obj/testsem.o
 *fill*         0x0000000008002b14        0xc 
 .text.thread3  0x0000000008002b20       0x18 build/obj/testsem.o
 *fill*         0x0000000008002b38        0x8 
 .text.thread1  0x0000000008002b40       0x18 build/obj/testsem.o
 *fill*         0x0000000008002b58        0x8 
 .text.sem3_setup
                0x0000000008002b60        0xc build/obj/testsem.o
 *fill*         0x0000000008002b6c        0x4 
 .text.sem2_setup
                0x0000000008002b70        0x4 build/obj/testsem.o
 *fill*         0x0000000008002b74        0xc 
 .text.sem1_setup
                0x0000000008002b80        0x4 build/obj/testsem.o
 *fill*         0x0000000008002b84        0xc 
 .text.thread2  0x0000000008002b90       0x28 build/obj/testsem.o
 *fill*         0x0000000008002bb8        0x8 
 .text.thread4  0x0000000008002bc0       0x24 build/obj/testsem.o
 *fill*         0x0000000008002be4        0xc 
 .text.sem4_execute
                0x0000000008002bf0      0x104 build/obj/testsem.o
 *fill*         0x0000000008002cf4        0xc 
 .text.sem2_execute
                0x0000000008002d00      0x148 build/obj/testsem.o
 *fill*         0x0000000008002e48        0x8 
 .text.sem3_execute
                0x0000000008002e50       0x98 build/obj/testsem.o
 *fill*         0x0000000008002ee8        0x8 
 .text.mtx1_execute
                0x0000000008002ef0       0xdc build/obj/testmtx.o
 *fill*         0x0000000008002fcc        0x4 
 .text.thread1  0x0000000008002fd0       0x1c build/obj/testmtx.o
 *fill*         0x0000000008002fec        0x4 
 .text.thread12
                0x0000000008002ff0       0x1c build/obj/testmtx.o
 *fill*         0x000000000800300c        0x4 
 .text.mtx4_setup
                0x0000000008003010       0x1c build/obj/testmtx.o
 *fill*         0x000000000800302c        0x4 
 .text.mtx3_setup
                0x0000000008003030        0x4 build/obj/testmtx.o
 *fill*         0x0000000008003034        0xc 
 .text.mtx5_setup
                0x0000000008003040        0xc build/obj/testmtx.o
 *fill*         0x000000000800304c        0x4 
 .text.mtx2_setup
                0x0000000008003050        0x4 build/obj/testmtx.o
 *fill*         0x0000000008003054        0xc 
 .text.mtx1_setup
                0x0000000008003060        0x4 build/obj/testmtx.o
 *fill*         0x0000000008003064        0xc 
 .text.mtx2_execute
                0x0000000008003070       0xa8 build/obj/testmtx.o
 *fill*         0x0000000008003118        0x8 
 .text.mtx3_execute
                0x0000000008003120       0xe0 build/obj/testmtx.o
 .text.thread2L
                0x0000000008003200       0x28 build/obj/testmtx.o
 *fill*         0x0000000008003228        0x8 
 .text.thread3LL
                0x0000000008003230       0x20 build/obj/testmtx.o
 .text.thread2M
                0x0000000008003250       0x18 build/obj/testmtx.o
 *fill*         0x0000000008003268        0x8 
 .text.thread2H
                0x0000000008003270       0x28 build/obj/testmtx.o
 *fill*         0x0000000008003298        0x8 
 .text.thread3HH
                0x00000000080032a0       0x28 build/obj/testmtx.o
 *fill*         0x00000000080032c8        0x8 
 .text.thread3H
                0x00000000080032d0       0x18 build/obj/testmtx.o
 *fill*         0x00000000080032e8        0x8 
 .text.thread3M
                0x00000000080032f0       0x28 build/obj/testmtx.o
 *fill*         0x0000000008003318        0x8 
 .text.thread3L
                0x0000000008003320       0x40 build/obj/testmtx.o
 .text.thread4b
                0x0000000008003360       0x1c build/obj/testmtx.o
 *fill*         0x000000000800337c        0x4 
 .text.thread4a
                0x0000000008003380       0x1c build/obj/testmtx.o
 *fill*         0x000000000800339c        0x4 
 .text.mtx4_execute
                0x00000000080033a0      0x25c build/obj/testmtx.o
 *fill*         0x00000000080035fc        0x4 
 .text.mtx5_execute
                0x0000000008003600       0xb8 build/obj/testmtx.o
 *fill*         0x00000000080036b8        0x8 
 .text.mtx6_execute
                0x00000000080036c0       0xec build/obj/testmtx.o
 *fill*         0x00000000080037ac        0x4 
 .text.thread10
                0x00000000080037b0       0x28 build/obj/testmtx.o
 *fill*         0x00000000080037d8        0x8 
 .text.mtx7_setup
                0x00000000080037e0       0x1c build/obj/testmtx.o
 *fill*         0x00000000080037fc        0x4 
 .text.mtx6_setup
                0x0000000008003800        0x4 build/obj/testmtx.o
 *fill*         0x0000000008003804        0xc 
 .text.mtx8_setup
                0x0000000008003810       0x24 build/obj/testmtx.o
 *fill*         0x0000000008003834        0xc 
 .text.mtx7_execute
                0x0000000008003840       0xc0 build/obj/testmtx.o
 .text.mtx8_execute
                0x0000000008003900       0x9c build/obj/testmtx.o
 *fill*         0x000000000800399c        0x4 
 .text.thread11
                0x00000000080039a0       0x38 build/obj/testmtx.o
 *fill*         0x00000000080039d8        0x8 
 .text.msg1_execute
                0x00000000080039e0       0x78 build/obj/testmsg.o
 *fill*         0x0000000008003a58        0x8 
 .text.thread   0x0000000008003a60       0x20 build/obj/testmsg.o
 .text.mbox1_execute
                0x0000000008003a80      0x5e4 build/obj/testmbox.o
 *fill*         0x0000000008004064        0xc 
 .text.mbox1_setup
                0x0000000008004070       0x14 build/obj/testmbox.o
 *fill*         0x0000000008004084        0xc 
 .text.evt1_execute
                0x0000000008004090       0x84 build/obj/testevt.o
 *fill*         0x0000000008004114        0xc 
 .text.h3       0x0000000008004120        0x8 build/obj/testevt.o
 *fill*         0x0000000008004128        0x8 
 .text.h2       0x0000000008004130        0x8 build/obj/testevt.o
 *fill*         0x0000000008004138        0x8 
 .text.h1       0x0000000008004140        0x8 build/obj/testevt.o
 *fill*         0x0000000008004148        0x8 
 .text.evt3_setup
                0x0000000008004150        0x8 build/obj/testevt.o
 *fill*         0x0000000008004158        0x8 
 .text.evt2_setup
                0x0000000008004160        0x4 build/obj/testevt.o
 *fill*         0x0000000008004164        0xc 
 .text.evt1_setup
                0x0000000008004170        0x4 build/obj/testevt.o
 *fill*         0x0000000008004174        0xc 
 .text.thread2  0x0000000008004180       0x24 build/obj/testevt.o
 *fill*         0x00000000080041a4        0xc 
 .text.thread1  0x00000000080041b0       0x18 build/obj/testevt.o
 *fill*         0x00000000080041c8        0x8 
 .text.evt2_execute
                0x00000000080041d0      0x24c build/obj/testevt.o
 *fill*         0x000000000800441c        0x4 
 .text.evt3_execute
                0x0000000008004420       0xa0 build/obj/testevt.o
 .text.heap1_execute
                0x00000000080044c0      0x24c build/obj/testheap.o
 *fill*         0x000000000800470c        0x4 
 .text.heap1_setup
                0x0000000008004710       0x14 build/obj/testheap.o
 *fill*         0x0000000008004724        0xc 
 .text.null_provider
                0x0000000008004730        0x4 build/obj/testpools.o
 *fill*         0x0000000008004734        0xc 
 .text.pools1_setup
                0x0000000008004740       0x10 build/obj/testpools.o
 .text.pools1_execute
                0x0000000008004750       0xc8 build/obj/testpools.o
 *fill*         0x0000000008004818        0x8 
 .text.dyn1_execute
                0x0000000008004820       0xf4 build/obj/testdyn.o
 *fill*         0x0000000008004914        0xc 
 .text.thread   0x0000000008004920        0xc build/obj/testdyn.o
 *fill*         0x000000000800492c        0x4 
 .text.dyn3_setup
                0x0000000008004930       0x14 build/obj/testdyn.o
 *fill*         0x0000000008004944        0xc 
 .text.dyn1_setup
                0x0000000008004950        0x4 build/obj/testdyn.o
 *fill*         0x0000000008004954        0xc 
 .text.dyn2_execute
                0x0000000008004960       0xf8 build/obj/testdyn.o
 *fill*         0x0000000008004a58        0x8 
 .text.dyn2_setup
                0x0000000008004a60       0x10 build/obj/testdyn.o
 .text.regfind  0x0000000008004a70       0x24 build/obj/testdyn.o
 *fill*         0x0000000008004a94        0xc 
 .text.dyn3_execute
                0x0000000008004aa0      0x130 build/obj/testdyn.o
 .text.notify   0x0000000008004bd0        0x4 build/obj/testqueues.o
 *fill*         0x0000000008004bd4        0xc 
 .text.thread1  0x0000000008004be0       0x14 build/obj/testqueues.o
 *fill*         0x0000000008004bf4        0xc 
 .text.queues1_setup
                0x0000000008004c00       0x28 build/obj/testqueues.o
 *fill*         0x0000000008004c28        0x8 
 .text.thread2  0x0000000008004c30       0x14 build/obj/testqueues.o
 *fill*         0x0000000008004c44        0xc 
 .text.queues2_setup
                0x0000000008004c50       0x28 build/obj/testqueues.o
 *fill*         0x0000000008004c78        0x8 
 .text.queues1_execute
                0x0000000008004c80      0x274 build/obj/testqueues.o
 *fill*         0x0000000008004ef4        0xc 
 .text.queues2_execute
                0x0000000008004f00      0x248 build/obj/testqueues.o
 *fill*         0x0000000008005148        0x8 
 .text.thread2  0x0000000008005150        0x4 build/obj/testbmk.o
 *fill*         0x0000000008005154        0xc 
 .text.tmo      0x0000000008005160        0x4 build/obj/testbmk.o
 *fill*         0x0000000008005164        0xc 
 .text.bmk13_execute
                0x0000000008005170       0xec build/obj/testbmk.o
 *fill*         0x000000000800525c        0x4 
 .text.thread1  0x0000000008005260       0x18 build/obj/testbmk.o
 *fill*         0x0000000008005278        0x8 
 .text.bmk6_execute
                0x0000000008005280       0x74 build/obj/testbmk.o
 *fill*         0x00000000080052f4        0xc 
 .text.msg_loop_test
                0x0000000008005300       0x34 build/obj/testbmk.o
 *fill*         0x0000000008005334        0xc 
 .text.bmk1_execute
                0x0000000008005340       0x6c build/obj/testbmk.o
 *fill*         0x00000000080053ac        0x4 
 .text.bmk2_execute
                0x00000000080053b0       0x6c build/obj/testbmk.o
 *fill*         0x000000000800541c        0x4 
 .text.bmk3_execute
                0x0000000008005420       0xd8 build/obj/testbmk.o
 *fill*         0x00000000080054f8        0x8 
 .text.thread4  0x0000000008005500       0x28 build/obj/testbmk.o
                0x0000000008005500                thread4
 *fill*         0x0000000008005528        0x8 
 .text.bmk4_execute
                0x0000000008005530       0xb4 build/obj/testbmk.o
 *fill*         0x00000000080055e4        0xc 
 .text.bmk5_execute
                0x00000000080055f0       0x78 build/obj/testbmk.o
 *fill*         0x0000000008005668        0x8 
 .text.bmk7_execute
                0x0000000008005670      0x10c build/obj/testbmk.o
 *fill*         0x000000000800577c        0x4 
 .text.thread3  0x0000000008005780       0x28 build/obj/testbmk.o
 *fill*         0x00000000080057a8        0x8 
 .text.bmk7_setup
                0x00000000080057b0        0xc build/obj/testbmk.o
 *fill*         0x00000000080057bc        0x4 
 .text.bmk11_setup
                0x00000000080057c0        0xc build/obj/testbmk.o
 *fill*         0x00000000080057cc        0x4 
 .text.bmk8_execute
                0x00000000080057d0       0xdc build/obj/testbmk.o
 *fill*         0x00000000080058ac        0x4 
 .text.thread8  0x00000000080058b0       0x2c build/obj/testbmk.o
 *fill*         0x00000000080058dc        0x4 
 .text.bmk9_execute
                0x00000000080058e0       0xac build/obj/testbmk.o
 *fill*         0x000000000800598c        0x4 
 .text.bmk10_execute
                0x0000000008005990       0x88 build/obj/testbmk.o
 *fill*         0x0000000008005a18        0x8 
 .text.bmk11_execute
                0x0000000008005a20       0x74 build/obj/testbmk.o
 *fill*         0x0000000008005a94        0xc 
 .text.bmk12_execute
                0x0000000008005aa0       0x6c build/obj/testbmk.o
 *fill*         0x0000000008005b0c        0x4 
 .text.bmk12_setup
                0x0000000008005b10        0xc build/obj/testbmk.o
 *fill*         0x0000000008005b1c        0x4 
 .text.halInit  0x0000000008005b20       0x20 build/obj/hal.o
                0x0000000008005b20                halInit
 .text.halPolledDelay
                0x0000000008005b40       0x28 build/obj/hal.o
                0x0000000008005b40                halPolledDelay
 *fill*         0x0000000008005b68        0x8 
 .text.onotify  0x0000000008005b70       0x60 build/obj/serial_usb.o
 .text.inotify  0x0000000008005bd0       0x6c build/obj/serial_usb.o
 *fill*         0x0000000008005c3c        0x4 
 .text.readt    0x0000000008005c40        0x8 build/obj/serial_usb.o
 *fill*         0x0000000008005c48        0x8 
 .text.read     0x0000000008005c50        0xc build/obj/serial_usb.o
 *fill*         0x0000000008005c5c        0x4 
 .text.writet   0x0000000008005c60        0x8 build/obj/serial_usb.o
 *fill*         0x0000000008005c68        0x8 
 .text.write    0x0000000008005c70        0xc build/obj/serial_usb.o
 *fill*         0x0000000008005c7c        0x4 
 .text.gett     0x0000000008005c80        0x8 build/obj/serial_usb.o
 *fill*         0x0000000008005c88        0x8 
 .text.get      0x0000000008005c90        0xc build/obj/serial_usb.o
 *fill*         0x0000000008005c9c        0x4 
 .text.putt     0x0000000008005ca0        0x8 build/obj/serial_usb.o
 *fill*         0x0000000008005ca8        0x8 
 .text.put      0x0000000008005cb0        0xc build/obj/serial_usb.o
 *fill*         0x0000000008005cbc        0x4 
 .text.sduInit  0x0000000008005cc0        0x4 build/obj/serial_usb.o
                0x0000000008005cc0                sduInit
 *fill*         0x0000000008005cc4        0xc 
 .text.sduObjectInit
                0x0000000008005cd0       0x4c build/obj/serial_usb.o
                0x0000000008005cd0                sduObjectInit
 *fill*         0x0000000008005d1c        0x4 
 .text.sduStart
                0x0000000008005d20       0x34 build/obj/serial_usb.o
                0x0000000008005d20                sduStart
 *fill*         0x0000000008005d54        0xc 
 .text.sduConfigureHookI
                0x0000000008005d60       0x4c build/obj/serial_usb.o
                0x0000000008005d60                sduConfigureHookI
 *fill*         0x0000000008005dac        0x4 
 .text.sduRequestsHook
                0x0000000008005db0       0x40 build/obj/serial_usb.o
                0x0000000008005db0                sduRequestsHook
 .text.sduDataTransmitted
                0x0000000008005df0       0x6c build/obj/serial_usb.o
                0x0000000008005df0                sduDataTransmitted
 *fill*         0x0000000008005e5c        0x4 
 .text.sduDataReceived
                0x0000000008005e60       0x64 build/obj/serial_usb.o
                0x0000000008005e60                sduDataReceived
 *fill*         0x0000000008005ec4        0xc 
 .text.sduInterruptTransmitted
                0x0000000008005ed0        0x4 build/obj/serial_usb.o
                0x0000000008005ed0                sduInterruptTransmitted
 *fill*         0x0000000008005ed4        0xc 
 .text.usbInit  0x0000000008005ee0        0x4 build/obj/usb.o
                0x0000000008005ee0                usbInit
 *fill*         0x0000000008005ee4        0xc 
 .text.usbObjectInit
                0x0000000008005ef0       0x28 build/obj/usb.o
                0x0000000008005ef0                usbObjectInit
 *fill*         0x0000000008005f18        0x8 
 .text.usbStart
                0x0000000008005f20       0x2c build/obj/usb.o
                0x0000000008005f20                usbStart
 *fill*         0x0000000008005f4c        0x4 
 .text.usbInitEndpointI
                0x0000000008005f50       0x30 build/obj/usb.o
                0x0000000008005f50                usbInitEndpointI
 .text.usbPrepareQueuedReceive
                0x0000000008005f80       0x1c build/obj/usb.o
                0x0000000008005f80                usbPrepareQueuedReceive
 *fill*         0x0000000008005f9c        0x4 
 .text.usbPrepareQueuedTransmit
                0x0000000008005fa0       0x1c build/obj/usb.o
                0x0000000008005fa0                usbPrepareQueuedTransmit
 *fill*         0x0000000008005fbc        0x4 
 .text.usbStartReceiveI
                0x0000000008005fc0       0x24 build/obj/usb.o
                0x0000000008005fc0                usbStartReceiveI
 *fill*         0x0000000008005fe4        0xc 
 .text.usbStartTransmitI
                0x0000000008005ff0       0x24 build/obj/usb.o
                0x0000000008005ff0                usbStartTransmitI
 *fill*         0x0000000008006014        0xc 
 .text._usb_reset
                0x0000000008006020       0x2c build/obj/usb.o
                0x0000000008006020                _usb_reset
 *fill*         0x000000000800604c        0x4 
 .text._usb_ep0setup
                0x0000000008006050      0x334 build/obj/usb.o
                0x0000000008006050                _usb_ep0setup
 *fill*         0x0000000008006384        0xc 
 .text._usb_ep0in
                0x0000000008006390       0xd8 build/obj/usb.o
                0x0000000008006390                _usb_ep0in
 *fill*         0x0000000008006468        0x8 
 .text._usb_ep0out
                0x0000000008006470       0x88 build/obj/usb.o
                0x0000000008006470                _usb_ep0out
 *fill*         0x00000000080064f8        0x8 
 .text.hal_lld_init
                0x0000000008006500       0x94 build/obj/hal_lld.o
                0x0000000008006500                hal_lld_init
 *fill*         0x0000000008006594        0xc 
 .text.stm32_clock_init
                0x00000000080065a0       0xb8 build/obj/hal_lld.o
                0x00000000080065a0                stm32_clock_init
 *fill*         0x0000000008006658        0x8 
 .text._pal_lld_init
                0x0000000008006660      0x1ac build/obj/pal_lld.o
                0x0000000008006660                _pal_lld_init
 *fill*         0x000000000800680c        0x4 
 .text.usb_lld_pump
                0x0000000008006810      0x3cc build/obj/usb_lld.o
 *fill*         0x0000000008006bdc        0x4 
 .text.otg_disable_ep.isra.0
                0x0000000008006be0       0x74 build/obj/usb_lld.o
 *fill*         0x0000000008006c54        0xc 
 .text.usb_lld_init
                0x0000000008006c60       0x28 build/obj/usb_lld.o
                0x0000000008006c60                usb_lld_init
 *fill*         0x0000000008006c88        0x8 
 .text.usb_lld_start
                0x0000000008006c90       0xf0 build/obj/usb_lld.o
                0x0000000008006c90                usb_lld_start
 .text.usb_lld_reset
                0x0000000008006d80       0xc4 build/obj/usb_lld.o
                0x0000000008006d80                usb_lld_reset
 *fill*         0x0000000008006e44        0xc 
 .text.usb_lld_set_address
                0x0000000008006e50       0x18 build/obj/usb_lld.o
                0x0000000008006e50                usb_lld_set_address
 *fill*         0x0000000008006e68        0x8 
 .text.usb_lld_init_endpoint
                0x0000000008006e70      0x164 build/obj/usb_lld.o
                0x0000000008006e70                usb_lld_init_endpoint
 *fill*         0x0000000008006fd4        0xc 
 .text.usb_lld_get_status_out
                0x0000000008006fe0       0x1c build/obj/usb_lld.o
                0x0000000008006fe0                usb_lld_get_status_out
 *fill*         0x0000000008006ffc        0x4 
 .text.usb_lld_get_status_in
                0x0000000008007000       0x1c build/obj/usb_lld.o
                0x0000000008007000                usb_lld_get_status_in
 *fill*         0x000000000800701c        0x4 
 .text.usb_lld_read_setup
                0x0000000008007020       0x14 build/obj/usb_lld.o
                0x0000000008007020                usb_lld_read_setup
 *fill*         0x0000000008007034        0xc 
 .text.usb_lld_prepare_receive
                0x0000000008007040       0x40 build/obj/usb_lld.o
                0x0000000008007040                usb_lld_prepare_receive
 .text.otg_epout_handler.constprop.8
                0x0000000008007080       0xa4 build/obj/usb_lld.o
 *fill*         0x0000000008007124        0xc 
 .text.usb_lld_prepare_transmit
                0x0000000008007130       0x4c build/obj/usb_lld.o
                0x0000000008007130                usb_lld_prepare_transmit
 *fill*         0x000000000800717c        0x4 
 .text.otg_epin_handler.constprop.9
                0x0000000008007180       0xd0 build/obj/usb_lld.o
 .text.Vector174
                0x0000000008007250      0x128 build/obj/usb_lld.o
                0x0000000008007250                Vector174
 *fill*         0x0000000008007378        0x8 
 .text.usb_lld_start_out
                0x0000000008007380       0x14 build/obj/usb_lld.o
                0x0000000008007380                usb_lld_start_out
 *fill*         0x0000000008007394        0xc 
 .text.usb_lld_start_in
                0x00000000080073a0       0x28 build/obj/usb_lld.o
                0x00000000080073a0                usb_lld_start_in
 *fill*         0x00000000080073c8        0x8 
 .text.usb_lld_stall_out
                0x00000000080073d0       0x14 build/obj/usb_lld.o
                0x00000000080073d0                usb_lld_stall_out
 *fill*         0x00000000080073e4        0xc 
 .text.usb_lld_stall_in
                0x00000000080073f0       0x14 build/obj/usb_lld.o
                0x00000000080073f0                usb_lld_stall_in
 *fill*         0x0000000008007404        0xc 
 .text.usb_lld_clear_out
                0x0000000008007410       0x14 build/obj/usb_lld.o
                0x0000000008007410                usb_lld_clear_out
 *fill*         0x0000000008007424        0xc 
 .text.usb_lld_clear_in
                0x0000000008007430       0x14 build/obj/usb_lld.o
                0x0000000008007430                usb_lld_clear_in
 *fill*         0x0000000008007444        0xc 
 .text.__early_init
                0x0000000008007450        0x4 build/obj/board.o
                0x0000000008007450                __early_init
 *fill*         0x0000000008007454        0xc 
 .text.boardInit
                0x0000000008007460        0x4 build/obj/board.o
                0x0000000008007460                boardInit
 *fill*         0x0000000008007464        0xc 
 .text.chprintf
                0x0000000008007470       0x1c build/obj/shell.o
 *fill*         0x000000000800748c        0x4 
 .text.cmd_systime
                0x0000000008007490       0x28 build/obj/shell.o
 *fill*         0x00000000080074b8        0x8 
 .text.cmd_info
                0x00000000080074c0       0xbc build/obj/shell.o
 *fill*         0x000000000800757c        0x4 
 .text._strtok.constprop.2
                0x0000000008007580       0x44 build/obj/shell.o
 *fill*         0x00000000080075c4        0xc 
 .text.shellInit
                0x00000000080075d0        0xc build/obj/shell.o
                0x00000000080075d0                shellInit
 *fill*         0x00000000080075dc        0x4 
 .text.shellExit
                0x00000000080075e0       0x20 build/obj/shell.o
                0x00000000080075e0                shellExit
 .text.shellCreate
                0x0000000008007600       0x18 build/obj/shell.o
                0x0000000008007600                shellCreate
 *fill*         0x0000000008007618        0x8 
 .text.shellGetLine
                0x0000000008007620       0x9c build/obj/shell.o
                0x0000000008007620                shellGetLine
 *fill*         0x00000000080076bc        0x4 
 .text.shell_thread
                0x00000000080076c0      0x1ac build/obj/shell.o
 *fill*         0x000000000800786c        0x4 
 .text.chvprintf
                0x0000000008007870      0x384 build/obj/chprintf.o
                0x0000000008007870                chvprintf
 *fill*         0x0000000008007bf4        0xc 
 .text.get_descriptor
                0x0000000008007c00       0x30 build/obj/usbcfg.o
 .text.usb_event
                0x0000000008007c30       0x40 build/obj/usbcfg.o
 .text.Thread2  0x0000000008007c70       0x30 build/obj/main.o
 .text.Thread1  0x0000000008007ca0       0x34 build/obj/main.o
 *fill*         0x0000000008007cd4        0xc 
 .text.chprintf
                0x0000000008007ce0       0x1c build/obj/main.o
 *fill*         0x0000000008007cfc        0x4 
 .text.cmd_test
                0x0000000008007d00       0x50 build/obj/main.o
 .text.cmd_threads
                0x0000000008007d50       0x64 build/obj/main.o
 *fill*         0x0000000008007db4        0xc 
 .text.cmd_mem  0x0000000008007dc0       0x54 build/obj/main.o
 *(.rodata)
 *fill*         0x0000000008007e14        0xc 
 .rodata        0x0000000008007e20      0x101 /usr/lib/gcc/arm-none-eabi/6.3.1/../../../arm-none-eabi/lib/libg.a(lib_a-ctype_.o)
                0x0000000008007e20                _ctype_
 *(.rodata.*)
 *fill*         0x0000000008007f21        0xf 
 .rodata._idle_thread.str1.4
                0x0000000008007f30        0x5 build/obj/chsys.o
 *fill*         0x0000000008007f35        0xb 
 .rodata.ch_debug
                0x0000000008007f40       0x16 build/obj/chregistry.o
                0x0000000008007f40                ch_debug
 *fill*         0x0000000008007f56        0xa 
 .rodata.TestThread.str1.4
                0x0000000008007f60      0x1e4 build/obj/test.o
                                        0x1f0 (size before relaxing)
 *fill*         0x0000000008008144        0xc 
 .rodata.patterns
                0x0000000008008150       0x30 build/obj/test.o
 .rodata.print_line.str1.4
                0x0000000008008180      0x1e4 build/obj/test.o
                                          0x3 (size before relaxing)
 .rodata.wa     0x0000000008008180       0x14 build/obj/test.o
                0x0000000008008180                wa
 *fill*         0x0000000008008194        0xc 
 .rodata.patternthd
                0x00000000080081a0       0x14 build/obj/testthd.o
                0x00000000080081a0                patternthd
 *fill*         0x00000000080081b4        0xc 
 .rodata.str1.4
                0x00000000080081c0       0x63 build/obj/testthd.o
 *fill*         0x0000000008008223        0xd 
 .rodata.testthd1
                0x0000000008008230       0x10 build/obj/testthd.o
                0x0000000008008230                testthd1
 .rodata.testthd2
                0x0000000008008240       0x10 build/obj/testthd.o
                0x0000000008008240                testthd2
 .rodata.testthd3
                0x0000000008008250       0x10 build/obj/testthd.o
                0x0000000008008250                testthd3
 .rodata.testthd4
                0x0000000008008260       0x10 build/obj/testthd.o
                0x0000000008008260                testthd4
 .rodata.thd1_execute.str1.4
                0x0000000008008270       0x12 build/obj/testthd.o
                                         0x1a (size before relaxing)
 *fill*         0x0000000008008282        0xe 
 .rodata.patternsem
                0x0000000008008290       0x14 build/obj/testsem.o
                0x0000000008008290                patternsem
 .rodata.sem1_execute.str1.4
                0x00000000080082a4       0x1a build/obj/testsem.o
 *fill*         0x00000000080082a4        0xc 
 .rodata.str1.4
                0x00000000080082b0       0x6e build/obj/testsem.o
 *fill*         0x000000000800831e        0x2 
 .rodata.testsem1
                0x0000000008008320       0x10 build/obj/testsem.o
                0x0000000008008320                testsem1
 .rodata.testsem2
                0x0000000008008330       0x10 build/obj/testsem.o
                0x0000000008008330                testsem2
 .rodata.testsem3
                0x0000000008008340       0x10 build/obj/testsem.o
                0x0000000008008340                testsem3
 .rodata.testsem4
                0x0000000008008350       0x10 build/obj/testsem.o
                0x0000000008008350                testsem4
 .rodata.mtx1_execute.str1.4
                0x0000000008008360       0x1a build/obj/testmtx.o
 .rodata.mtx2_execute.str1.4
                0x0000000008008360        0x4 build/obj/testmtx.o
 *fill*         0x0000000008008364        0xc 
 .rodata.patternmtx
                0x0000000008008370       0x24 build/obj/testmtx.o
                0x0000000008008370                patternmtx
 *fill*         0x0000000008008394        0xc 
 .rodata.str1.4
                0x00000000080083a0       0xe9 build/obj/testmtx.o
 *fill*         0x0000000008008489        0x7 
 .rodata.testmtx1
                0x0000000008008490       0x10 build/obj/testmtx.o
                0x0000000008008490                testmtx1
 .rodata.testmtx2
                0x00000000080084a0       0x10 build/obj/testmtx.o
                0x00000000080084a0                testmtx2
 .rodata.testmtx3
                0x00000000080084b0       0x10 build/obj/testmtx.o
                0x00000000080084b0                testmtx3
 .rodata.testmtx4
                0x00000000080084c0       0x10 build/obj/testmtx.o
                0x00000000080084c0                testmtx4
 .rodata.testmtx5
                0x00000000080084d0       0x10 build/obj/testmtx.o
                0x00000000080084d0                testmtx5
 .rodata.testmtx6
                0x00000000080084e0       0x10 build/obj/testmtx.o
                0x00000000080084e0                testmtx6
 .rodata.testmtx7
                0x00000000080084f0       0x10 build/obj/testmtx.o
                0x00000000080084f0                testmtx7
 .rodata.testmtx8
                0x0000000008008500       0x10 build/obj/testmtx.o
                0x0000000008008500                testmtx8
 .rodata.msg1_execute.str1.4
                0x0000000008008510        0x4 build/obj/testmsg.o
 .rodata.patternmsg
                0x0000000008008510        0x8 build/obj/testmsg.o
                0x0000000008008510                patternmsg
 *fill*         0x0000000008008518        0x8 
 .rodata.str1.4
                0x0000000008008520        0xf build/obj/testmsg.o
 *fill*         0x000000000800852f        0x1 
 .rodata.testmsg1
                0x0000000008008530       0x10 build/obj/testmsg.o
                0x0000000008008530                testmsg1
 .rodata.mbox1_execute.str1.4
                0x0000000008008540        0x6 build/obj/testmbox.o
 .rodata.patternmbox
                0x0000000008008540        0x8 build/obj/testmbox.o
                0x0000000008008540                patternmbox
 *fill*         0x0000000008008548        0x8 
 .rodata.str1.4
                0x0000000008008550       0x20 build/obj/testmbox.o
 .rodata.testmbox1
                0x0000000008008570       0x10 build/obj/testmbox.o
                0x0000000008008570                testmbox1
 .rodata.evhndl
                0x0000000008008580        0xc build/obj/testevt.o
 .rodata.evt1_execute.str1.4
                0x000000000800858c        0x4 build/obj/testevt.o
 .rodata.evt2_execute.str1.4
                0x000000000800858c        0x2 build/obj/testevt.o
 *fill*         0x000000000800858c        0x4 
 .rodata.patternevt
                0x0000000008008590       0x10 build/obj/testevt.o
                0x0000000008008590                patternevt
 .rodata.str1.4
                0x00000000080085a0       0x52 build/obj/testevt.o
 *fill*         0x00000000080085f2        0xe 
 .rodata.testevt1
                0x0000000008008600       0x10 build/obj/testevt.o
                0x0000000008008600                testevt1
 .rodata.testevt2
                0x0000000008008610       0x10 build/obj/testevt.o
                0x0000000008008610                testevt2
 .rodata.testevt3
                0x0000000008008620       0x10 build/obj/testevt.o
                0x0000000008008620                testevt3
 .rodata.patternheap
                0x0000000008008630        0x8 build/obj/testheap.o
                0x0000000008008630                patternheap
 *fill*         0x0000000008008638        0x8 
 .rodata.str1.4
                0x0000000008008640       0x28 build/obj/testheap.o
 *fill*         0x0000000008008668        0x8 
 .rodata.testheap1
                0x0000000008008670       0x10 build/obj/testheap.o
                0x0000000008008670                testheap1
 .rodata.patternpools
                0x0000000008008680        0x8 build/obj/testpools.o
                0x0000000008008680                patternpools
 *fill*         0x0000000008008688        0x8 
 .rodata.str1.4
                0x0000000008008690       0x1c build/obj/testpools.o
 *fill*         0x00000000080086ac        0x4 
 .rodata.testpools1
                0x00000000080086b0       0x10 build/obj/testpools.o
                0x00000000080086b0                testpools1
 .rodata.dyn1_execute.str1.4
                0x00000000080086c0        0x3 build/obj/testdyn.o
                                          0xf (size before relaxing)
 *fill*         0x00000000080086c3        0xd 
 .rodata.dyn2_execute.str1.4
                0x00000000080086d0        0x5 build/obj/testdyn.o
                                          0xd (size before relaxing)
 *fill*         0x00000000080086d5        0xb 
 .rodata.patterndyn
                0x00000000080086e0       0x10 build/obj/testdyn.o
                0x00000000080086e0                patterndyn
 .rodata.str1.4
                0x00000000080086f0       0x81 build/obj/testdyn.o
 *fill*         0x0000000008008771        0xf 
 .rodata.testdyn1
                0x0000000008008780       0x10 build/obj/testdyn.o
                0x0000000008008780                testdyn1
 .rodata.testdyn2
                0x0000000008008790       0x10 build/obj/testdyn.o
                0x0000000008008790                testdyn2
 .rodata.testdyn3
                0x00000000080087a0       0x10 build/obj/testdyn.o
                0x00000000080087a0                testdyn3
 .rodata.patternqueues
                0x00000000080087b0        0xc build/obj/testqueues.o
                0x00000000080087b0                patternqueues
 .rodata.queues1_execute.str1.4
                0x00000000080087bc        0x5 build/obj/testqueues.o
 *fill*         0x00000000080087bc        0x4 
 .rodata.str1.4
                0x00000000080087c0       0x2d build/obj/testqueues.o
 *fill*         0x00000000080087ed        0x3 
 .rodata.testqueues1
                0x00000000080087f0       0x10 build/obj/testqueues.o
                0x00000000080087f0                testqueues1
 .rodata.testqueues2
                0x0000000008008800       0x10 build/obj/testqueues.o
                0x0000000008008800                testqueues2
 .rodata.bmk10_execute.str1.4
                0x0000000008008810        0xa build/obj/testbmk.o
 *fill*         0x000000000800881a        0x6 
 .rodata.bmk11_execute.str1.4
                0x0000000008008820        0xf build/obj/testbmk.o
 *fill*         0x000000000800882f        0x1 
 .rodata.bmk12_execute.str1.4
                0x0000000008008830        0xf build/obj/testbmk.o
 *fill*         0x000000000800883f        0x1 
 .rodata.bmk13_execute.str1.4
                0x0000000008008840       0xa5 build/obj/testbmk.o
 *fill*         0x00000000080088e5        0xb 
 .rodata.bmk1_execute.str1.4
                0x00000000080088f0       0x16 build/obj/testbmk.o
 *fill*         0x0000000008008906        0xa 
 .rodata.bmk6_execute.str1.4
                0x0000000008008910       0x1b build/obj/testbmk.o
 *fill*         0x000000000800892b        0x5 
 .rodata.bmk7_execute.str1.4
                0x0000000008008930       0x11 build/obj/testbmk.o
 *fill*         0x0000000008008941        0xf 
 .rodata.bmk9_execute.str1.4
                0x0000000008008950        0x9 build/obj/testbmk.o
 *fill*         0x0000000008008959        0x7 
 .rodata.patternbmk
                0x0000000008008960       0x38 build/obj/testbmk.o
                0x0000000008008960                patternbmk
 *fill*         0x0000000008008998        0x8 
 .rodata.str1.4
                0x00000000080089a0      0x19f build/obj/testbmk.o
 *fill*         0x0000000008008b3f        0x1 
 .rodata.testbmk1
                0x0000000008008b40       0x10 build/obj/testbmk.o
                0x0000000008008b40                testbmk1
 .rodata.testbmk10
                0x0000000008008b50       0x10 build/obj/testbmk.o
                0x0000000008008b50                testbmk10
 .rodata.testbmk11
                0x0000000008008b60       0x10 build/obj/testbmk.o
                0x0000000008008b60                testbmk11
 .rodata.testbmk12
                0x0000000008008b70       0x10 build/obj/testbmk.o
                0x0000000008008b70                testbmk12
 .rodata.testbmk13
                0x0000000008008b80       0x10 build/obj/testbmk.o
                0x0000000008008b80                testbmk13
 .rodata.testbmk2
                0x0000000008008b90       0x10 build/obj/testbmk.o
                0x0000000008008b90                testbmk2
 .rodata.testbmk3
                0x0000000008008ba0       0x10 build/obj/testbmk.o
                0x0000000008008ba0                testbmk3
 .rodata.testbmk4
                0x0000000008008bb0       0x10 build/obj/testbmk.o
                0x0000000008008bb0                testbmk4
 .rodata.testbmk5
                0x0000000008008bc0       0x10 build/obj/testbmk.o
                0x0000000008008bc0                testbmk5
 .rodata.testbmk6
                0x0000000008008bd0       0x10 build/obj/testbmk.o
                0x0000000008008bd0                testbmk6
 .rodata.testbmk7
                0x0000000008008be0       0x10 build/obj/testbmk.o
                0x0000000008008be0                testbmk7
 .rodata.testbmk8
                0x0000000008008bf0       0x10 build/obj/testbmk.o
                0x0000000008008bf0                testbmk8
 .rodata.testbmk9
                0x0000000008008c00       0x10 build/obj/testbmk.o
                0x0000000008008c00                testbmk9
 .rodata.vmt    0x0000000008008c10       0x20 build/obj/serial_usb.o
 .rodata.active_status
                0x0000000008008c30        0x2 build/obj/usb.o
 *fill*         0x0000000008008c32        0xe 
 .rodata.halted_status
                0x0000000008008c40        0x2 build/obj/usb.o
 *fill*         0x0000000008008c42        0xe 
 .rodata.zero_status
                0x0000000008008c50        0x2 build/obj/usb.o
 *fill*         0x0000000008008c52        0xe 
 .rodata.ep0config
                0x0000000008008c60       0x24 build/obj/usb_lld.o
 *fill*         0x0000000008008c84        0xc 
 .rodata.hsparams
                0x0000000008008c90        0xc build/obj/usb_lld.o
 *fill*         0x0000000008008c9c        0x4 
 .rodata.usb_lld_pump.str1.4
                0x0000000008008ca0        0xd build/obj/usb_lld.o
 *fill*         0x0000000008008cad        0x3 
 .rodata.pal_default_config
                0x0000000008008cb0       0xfc build/obj/board.o
                0x0000000008008cb0                pal_default_config
 *fill*         0x0000000008008dac        0x4 
 .rodata._strtok.constprop.2.str1.4
                0x0000000008008db0        0x3 build/obj/shell.o
 *fill*         0x0000000008008db3        0xd 
 .rodata.cmd_info.str1.4
                0x0000000008008dc0       0xc5 build/obj/shell.o
                                        0x16d (size before relaxing)
 *fill*         0x0000000008008e85        0xb 
 .rodata.cmd_systime.str1.4
                0x0000000008008e90       0x1a build/obj/shell.o
 *fill*         0x0000000008008eaa        0x6 
 .rodata.shellGetLine.str1.4
                0x0000000008008eb0        0x3 build/obj/shell.o
                                          0x7 (size before relaxing)
 *fill*         0x0000000008008eb3        0xd 
 .rodata.shell_thread.str1.4
                0x0000000008008ec0       0x81 build/obj/shell.o
 *fill*         0x0000000008008f41        0xf 
 .rodata.chvprintf.str1.4
                0x0000000008008f50        0x7 build/obj/chprintf.o
 *fill*         0x0000000008008f57        0x9 
 .rodata.ep1config
                0x0000000008008f60       0x24 build/obj/usbcfg.o
 *fill*         0x0000000008008f84        0xc 
 .rodata.ep2config
                0x0000000008008f90       0x24 build/obj/usbcfg.o
 *fill*         0x0000000008008fb4        0xc 
 .rodata.serusbcfg
                0x0000000008008fc0        0x8 build/obj/usbcfg.o
                0x0000000008008fc0                serusbcfg
 *fill*         0x0000000008008fc8        0x8 
 .rodata.usbcfg
                0x0000000008008fd0       0x10 build/obj/usbcfg.o
                0x0000000008008fd0                usbcfg
 .rodata.vcom_configuration_descriptor
                0x0000000008008fe0        0x8 build/obj/usbcfg.o
 *fill*         0x0000000008008fe8        0x8 
 .rodata.vcom_configuration_descriptor_data
                0x0000000008008ff0       0x43 build/obj/usbcfg.o
 *fill*         0x0000000008009033        0xd 
 .rodata.vcom_device_descriptor
                0x0000000008009040        0x8 build/obj/usbcfg.o
 *fill*         0x0000000008009048        0x8 
 .rodata.vcom_device_descriptor_data
                0x0000000008009050       0x12 build/obj/usbcfg.o
 *fill*         0x0000000008009062        0xe 
 .rodata.vcom_string0
                0x0000000008009070        0x4 build/obj/usbcfg.o
 *fill*         0x0000000008009074        0xc 
 .rodata.vcom_string1
                0x0000000008009080       0x26 build/obj/usbcfg.o
 *fill*         0x00000000080090a6        0xa 
 .rodata.vcom_string2
                0x00000000080090b0       0x38 build/obj/usbcfg.o
 *fill*         0x00000000080090e8        0x8 
 .rodata.vcom_string3
                0x00000000080090f0        0x8 build/obj/usbcfg.o
 *fill*         0x00000000080090f8        0x8 
 .rodata.vcom_strings
                0x0000000008009100       0x20 build/obj/usbcfg.o
 .rodata.Thread1.str1.4
                0x0000000008009120        0x9 build/obj/main.o
 *fill*         0x0000000008009129        0x7 
 .rodata.Thread2.str1.4
                0x0000000008009130        0x9 build/obj/main.o
 *fill*         0x0000000008009139        0x7 
 .rodata.cmd_mem.str1.4
                0x0000000008009140       0x66 build/obj/main.o
 *fill*         0x00000000080091a6        0xa 
 .rodata.cmd_test.str1.4
                0x00000000080091b0       0x20 build/obj/main.o
 .rodata.cmd_threads.str1.4
                0x00000000080091d0       0x64 build/obj/main.o
 *fill*         0x0000000008009234        0xc 
 .rodata.commands
                0x0000000008009240       0x20 build/obj/main.o
 .rodata.shell_cfg1
                0x0000000008009260        0x8 build/obj/main.o
 *fill*         0x0000000008009268        0x8 
 .rodata.states.7003
                0x0000000008009270       0x3c build/obj/main.o
 *fill*         0x00000000080092ac        0x4 
 .rodata.str1.4
                0x00000000080092b0       0x90 build/obj/main.o
                                         0x95 (size before relaxing)
 *(.glue_7t)
 .glue_7t       0x0000000008009340        0x0 linker stubs
 *(.glue_7)
 .glue_7        0x0000000008009340        0x0 linker stubs
 *(.gcc*)

.vfp11_veneer   0x0000000008009340        0x0
 .vfp11_veneer  0x0000000008009340        0x0 linker stubs

.v4_bx          0x0000000008009340        0x0
 .v4_bx         0x0000000008009340        0x0 linker stubs

.iplt           0x0000000008009340        0x0
 .iplt          0x0000000008009340        0x0 build/obj/crt0.o

.rel.dyn        0x0000000008009340        0x0
 .rel.iplt      0x0000000008009340        0x0 build/obj/crt0.o

.ARM.extab
 *(.ARM.extab* .gnu.linkonce.armextab.*)

.ARM.exidx      0x0000000008009340        0x0
                [!provide]                        PROVIDE (__exidx_start, .)
 *(.ARM.exidx* .gnu.linkonce.armexidx.*)
                [!provide]                        PROVIDE (__exidx_end, .)

.eh_frame_hdr
 *(.eh_frame_hdr)

.eh_frame
 *(.eh_frame)

.textalign      0x0000000008009340        0x0
                0x0000000008009340                . = ALIGN (0x8)
                0x0000000008009340                . = ALIGN (0x4)
                0x0000000008009340                _etext = .
                0x0000000008009340                _textdata = _etext

.stacks         0x0000000020000000      0x800
                0x0000000020000000                . = ALIGN (0x8)
                0x0000000020000000                __main_stack_base__ = .
                0x0000000020000400                . = (. + __main_stack_size__)
 *fill*         0x0000000020000000      0x400 
                0x0000000020000400                . = ALIGN (0x8)
                0x0000000020000400                __main_stack_end__ = .
                0x0000000020000400                __process_stack_base__ = .
                0x0000000020000400                __main_thread_stack_base__ = .
                0x0000000020000800                . = (. + __process_stack_size__)
 *fill*         0x0000000020000400      0x400 
                0x0000000020000800                . = ALIGN (0x8)
                0x0000000020000800                __process_stack_end__ = .
                0x0000000020000800                __main_thread_stack_end__ = .

.data           0x0000000020000800       0xdc load address 0x0000000008009340
                0x0000000020000800                . = ALIGN (0x4)
                0x0000000020000800                PROVIDE (_data, .)
 *(.data)
 .data          0x0000000020000800        0x4 /usr/lib/gcc/arm-none-eabi/6.3.1/../../../arm-none-eabi/lib/libg.a(lib_a-ctype_.o)
                0x0000000020000800                __ctype_ptr__
                0x0000000020000804                . = ALIGN (0x4)
 *(.data.*)
 .data.sem1     0x0000000020000804        0xc build/obj/testsem.o
 .data.c1       0x0000000020000810        0x8 build/obj/testmtx.o
 .data.m1       0x0000000020000818       0x10 build/obj/testmtx.o
 .data.m2       0x0000000020000828       0x10 build/obj/testmtx.o
 .data.mb1      0x0000000020000838       0x28 build/obj/testmbox.o
 .data.es1      0x0000000020000860        0x4 build/obj/testevt.o
 .data.es2      0x0000000020000864        0x4 build/obj/testevt.o
 .data.mp1      0x0000000020000868        0xc build/obj/testpools.o
 .data.iq       0x0000000020000874       0x24 build/obj/testqueues.o
 .data.oq       0x0000000020000898       0x24 build/obj/testqueues.o
 .data.linecoding
                0x00000000200008bc        0x7 build/obj/serial_usb.o
 *fill*         0x00000000200008c3        0x1 
 .data.local_commands
                0x00000000200008c4       0x18 build/obj/shell.o
                0x00000000200008dc                . = ALIGN (0x4)
 *(.ramtext)
                0x00000000200008dc                . = ALIGN (0x4)
                0x00000000200008dc                PROVIDE (_edata, .)

.igot.plt       0x00000000200008dc        0x0 load address 0x000000000800941c
 .igot.plt      0x00000000200008dc        0x0 build/obj/crt0.o

.bss            0x00000000200008e0     0x1058 load address 0x000000000800941c
                0x00000000200008e0                . = ALIGN (0x4)
                0x00000000200008e0                PROVIDE (_bss_start, .)
 *(.bss)
                0x00000000200008e0                . = ALIGN (0x4)
 *(.bss.*)
 .bss.HARDFAULT_PSP
                0x00000000200008e0        0x4 build/obj/vectors.o
                0x00000000200008e0                HARDFAULT_PSP
 *fill*         0x00000000200008e4        0x4 
 .bss._idle_thread_wa
                0x00000000200008e8       0xe0 build/obj/chsys.o
                0x00000000200008e8                _idle_thread_wa
 .bss.mainthread.4853
                0x00000000200009c8       0x48 build/obj/chsys.o
 .bss.vtlist    0x0000000020000a10       0x10 build/obj/chvt.o
                0x0000000020000a10                vtlist
 .bss.rlist     0x0000000020000a20       0x1c build/obj/chschd.o
                0x0000000020000a20                rlist
 .bss.endmem    0x0000000020000a3c        0x4 build/obj/chmemcore.o
 .bss.nextmem   0x0000000020000a40        0x4 build/obj/chmemcore.o
 *fill*         0x0000000020000a44        0x4 
 .bss.default_heap
                0x0000000020000a48       0x20 build/obj/chheap.o
 .bss.chp       0x0000000020000a68        0x4 build/obj/test.o
 .bss.failpoint
                0x0000000020000a6c        0x4 build/obj/test.o
 .bss.global_fail
                0x0000000020000a70        0x1 build/obj/test.o
 .bss.local_fail
                0x0000000020000a71        0x1 build/obj/test.o
 *fill*         0x0000000020000a72        0x6 
 .bss.test      0x0000000020000a78      0x690 build/obj/test.o
                0x0000000020000a78                test
 .bss.test_timer_done
                0x0000000020001108        0x1 build/obj/test.o
                0x0000000020001108                test_timer_done
 *fill*         0x0000000020001109        0x3 
 .bss.threads   0x000000002000110c       0x14 build/obj/test.o
                0x000000002000110c                threads
 .bss.tokens_buffer
                0x0000000020001120       0x10 build/obj/test.o
 .bss.tokp      0x0000000020001130        0x4 build/obj/test.o
 .bss.vt        0x0000000020001134       0x14 build/obj/test.o
 .bss.test_heap
                0x0000000020001148       0x20 build/obj/testheap.o
 .bss.heap1     0x0000000020001168       0x20 build/obj/testdyn.o
 .bss.mp1       0x0000000020001188        0xc build/obj/testdyn.o
 .bss.ib.5000   0x0000000020001194       0x10 build/obj/testbmk.o
 .bss.iq.5001   0x00000000200011a4       0x24 build/obj/testbmk.o
 .bss.mtx1      0x00000000200011c8       0x10 build/obj/testbmk.o
 .bss.sem1      0x00000000200011d8        0xc build/obj/testbmk.o
 .bss.vt1.5013  0x00000000200011e4       0x14 build/obj/testbmk.o
 .bss.vt2.5014  0x00000000200011f8       0x14 build/obj/testbmk.o
 *fill*         0x000000002000120c        0x4 
 .bss.USBD2     0x0000000020001210      0x1d0 build/obj/usb_lld.o
                0x0000000020001210                USBD2
 .bss.ep0_state
                0x00000000200013e0       0x14 build/obj/usb_lld.o
 .bss.ep0setup_buffer
                0x00000000200013f4        0x8 build/obj/usb_lld.o
 .bss.shell_terminated
                0x00000000200013fc        0x4 build/obj/shell.o
                0x00000000200013fc                shell_terminated
 .bss.ep1instate
                0x0000000020001400       0x14 build/obj/usbcfg.o
 .bss.ep1outstate
                0x0000000020001414       0x14 build/obj/usbcfg.o
 .bss.ep2instate
                0x0000000020001428       0x14 build/obj/usbcfg.o
 .bss.SDU1      0x000000002000143c      0x258 build/obj/main.o
                0x000000002000143c                SDU1
 *fill*         0x0000000020001694        0x4 
 .bss.waThread1
                0x0000000020001698      0x150 build/obj/main.o
 .bss.waThread2
                0x00000000200017e8      0x150 build/obj/main.o
                0x0000000020001938                . = ALIGN (0x4)
 *(COMMON)
                0x0000000020001938                . = ALIGN (0x4)
                0x0000000020001938                PROVIDE (_bss_end, .)
                [!provide]                        PROVIDE (end, .)
                0x0000000020001938                _end = .
                0x0000000020001938                __heap_base__ = _end
                0x0000000020030000                __heap_end__ = __ram_end__
START GROUP
LOAD /usr/lib/gcc/arm-none-eabi/6.3.1/thumb/v7e-m/libgcc.a
LOAD /usr/lib/gcc/arm-none-eabi/6.3.1/../../../arm-none-eabi/lib/libg.a
LOAD /usr/lib/gcc/arm-none-eabi/6.3.1/../../../arm-none-eabi/lib/libc.a
END GROUP
OUTPUT(build/ch.elf elf32-littlearm)

.debug_info     0x0000000000000000    0x3082c
 .debug_info    0x0000000000000000      0x2b3 build/obj/crt0.o
 .debug_info    0x00000000000002b3      0x7a9 build/obj/vectors.o
 .debug_info    0x0000000000000a5c      0xa3c build/obj/chcore_v7m.o
 .debug_info    0x0000000000001498      0x984 build/obj/nvic.o
 .debug_info    0x0000000000001e1c      0x815 build/obj/chsys.o
 .debug_info    0x0000000000002631      0x6d9 build/obj/chvt.o
 .debug_info    0x0000000000002d0a      0xb68 build/obj/chschd.o
 .debug_info    0x0000000000003872      0xd33 build/obj/chthreads.o
 .debug_info    0x00000000000045a5      0xaae build/obj/chdynamic.o
 .debug_info    0x0000000000005053      0x736 build/obj/chregistry.o
 .debug_info    0x0000000000005789      0xd9e build/obj/chsem.o
 .debug_info    0x0000000000006527      0xbff build/obj/chmtx.o
 .debug_info    0x0000000000007126      0xbca build/obj/chcond.o
 .debug_info    0x0000000000007cf0      0xf6c build/obj/chevents.o
 .debug_info    0x0000000000008c5c      0x872 build/obj/chmsg.o
 .debug_info    0x00000000000094ce      0xf26 build/obj/chmboxes.o
 .debug_info    0x000000000000a3f4      0xdbe build/obj/chqueues.o
 .debug_info    0x000000000000b1b2      0x793 build/obj/chmemcore.o
 .debug_info    0x000000000000b945      0x95e build/obj/chheap.o
 .debug_info    0x000000000000c2a3      0x992 build/obj/chmempools.o
 .debug_info    0x000000000000cc35     0x213f build/obj/test.o
 .debug_info    0x000000000000ed74      0xdc3 build/obj/testthd.o
 .debug_info    0x000000000000fb37     0x1139 build/obj/testsem.o
 .debug_info    0x0000000000010c70     0x1d78 build/obj/testmtx.o
 .debug_info    0x00000000000129e8      0x95c build/obj/testmsg.o
 .debug_info    0x0000000000013344     0x155f build/obj/testmbox.o
 .debug_info    0x00000000000148a3     0x1172 build/obj/testevt.o
 .debug_info    0x0000000000015a15      0xe65 build/obj/testheap.o
 .debug_info    0x000000000001687a      0xa46 build/obj/testpools.o
 .debug_info    0x00000000000172c0     0x104b build/obj/testdyn.o
 .debug_info    0x000000000001830b     0x175b build/obj/testqueues.o
 .debug_info    0x0000000000019a66     0x1ecc build/obj/testbmk.o
 .debug_info    0x000000000001b932     0x15e9 build/obj/hal.o
 .debug_info    0x000000000001cf1b     0x2154 build/obj/serial_usb.o
 .debug_info    0x000000000001f06f     0x2a6a build/obj/usb.o
 .debug_info    0x0000000000021ad9     0x17ca build/obj/hal_lld.o
 .debug_info    0x00000000000232a3     0x193f build/obj/pal_lld.o
 .debug_info    0x0000000000024be2     0x33b6 build/obj/usb_lld.o
 .debug_info    0x0000000000027f98     0x1456 build/obj/board.o
 .debug_info    0x00000000000293ee     0x299a build/obj/shell.o
 .debug_info    0x000000000002bd88      0xbd9 build/obj/chprintf.o
 .debug_info    0x000000000002c961     0x1a19 build/obj/usbcfg.o
 .debug_info    0x000000000002e37a     0x20ee build/obj/main.o
 .debug_info    0x0000000000030468      0x158 /usr/lib/gcc/arm-none-eabi/6.3.1/../../../arm-none-eabi/lib/libg.a(lib_a-strcasecmp.o)
 .debug_info    0x00000000000305c0       0xcf /usr/lib/gcc/arm-none-eabi/6.3.1/../../../arm-none-eabi/lib/libg.a(lib_a-strpbrk.o)
 .debug_info    0x000000000003068f       0xe1 /usr/lib/gcc/arm-none-eabi/6.3.1/../../../arm-none-eabi/lib/libg.a(lib_a-strspn.o)
 .debug_info    0x0000000000030770       0xbc /usr/lib/gcc/arm-none-eabi/6.3.1/../../../arm-none-eabi/lib/libg.a(lib_a-ctype_.o)

.debug_abbrev   0x0000000000000000     0x75db
 .debug_abbrev  0x0000000000000000      0x115 build/obj/crt0.o
 .debug_abbrev  0x0000000000000115      0x16f build/obj/vectors.o
 .debug_abbrev  0x0000000000000284      0x21d build/obj/chcore_v7m.o
 .debug_abbrev  0x00000000000004a1      0x18d build/obj/nvic.o
 .debug_abbrev  0x000000000000062e      0x1e2 build/obj/chsys.o
 .debug_abbrev  0x0000000000000810      0x184 build/obj/chvt.o
 .debug_abbrev  0x0000000000000994      0x330 build/obj/chschd.o
 .debug_abbrev  0x0000000000000cc4      0x336 build/obj/chthreads.o
 .debug_abbrev  0x0000000000000ffa      0x229 build/obj/chdynamic.o
 .debug_abbrev  0x0000000000001223      0x18c build/obj/chregistry.o
 .debug_abbrev  0x00000000000013af      0x349 build/obj/chsem.o
 .debug_abbrev  0x00000000000016f8      0x303 build/obj/chmtx.o
 .debug_abbrev  0x00000000000019fb      0x2c7 build/obj/chcond.o
 .debug_abbrev  0x0000000000001cc2      0x2e3 build/obj/chevents.o
 .debug_abbrev  0x0000000000001fa5      0x20f build/obj/chmsg.o
 .debug_abbrev  0x00000000000021b4      0x2f1 build/obj/chmboxes.o
 .debug_abbrev  0x00000000000024a5      0x34c build/obj/chqueues.o
 .debug_abbrev  0x00000000000027f1      0x1f0 build/obj/chmemcore.o
 .debug_abbrev  0x00000000000029e1      0x1fe build/obj/chheap.o
 .debug_abbrev  0x0000000000002bdf      0x285 build/obj/chmempools.o
 .debug_abbrev  0x0000000000002e64      0x563 build/obj/test.o
 .debug_abbrev  0x00000000000033c7      0x28a build/obj/testthd.o
 .debug_abbrev  0x0000000000003651      0x2c4 build/obj/testsem.o
 .debug_abbrev  0x0000000000003915      0x2e2 build/obj/testmtx.o
 .debug_abbrev  0x0000000000003bf7      0x218 build/obj/testmsg.o
 .debug_abbrev  0x0000000000003e0f      0x233 build/obj/testmbox.o
 .debug_abbrev  0x0000000000004042      0x2c7 build/obj/testevt.o
 .debug_abbrev  0x0000000000004309      0x216 build/obj/testheap.o
 .debug_abbrev  0x000000000000451f      0x250 build/obj/testpools.o
 .debug_abbrev  0x000000000000476f      0x279 build/obj/testdyn.o
 .debug_abbrev  0x00000000000049e8      0x290 build/obj/testqueues.o
 .debug_abbrev  0x0000000000004c78      0x32a build/obj/testbmk.o
 .debug_abbrev  0x0000000000004fa2      0x2af build/obj/hal.o
 .debug_abbrev  0x0000000000005251      0x3f6 build/obj/serial_usb.o
 .debug_abbrev  0x0000000000005647      0x435 build/obj/usb.o
 .debug_abbrev  0x0000000000005a7c      0x206 build/obj/hal_lld.o
 .debug_abbrev  0x0000000000005c82      0x287 build/obj/pal_lld.o
 .debug_abbrev  0x0000000000005f09      0x4f0 build/obj/usb_lld.o
 .debug_abbrev  0x00000000000063f9      0x214 build/obj/board.o
 .debug_abbrev  0x000000000000660d      0x452 build/obj/shell.o
 .debug_abbrev  0x0000000000006a5f      0x2c2 build/obj/chprintf.o
 .debug_abbrev  0x0000000000006d21      0x2db build/obj/usbcfg.o
 .debug_abbrev  0x0000000000006ffc      0x3d3 build/obj/main.o
 .debug_abbrev  0x00000000000073cf       0xa4 /usr/lib/gcc/arm-none-eabi/6.3.1/../../../arm-none-eabi/lib/libg.a(lib_a-strcasecmp.o)
 .debug_abbrev  0x0000000000007473       0x81 /usr/lib/gcc/arm-none-eabi/6.3.1/../../../arm-none-eabi/lib/libg.a(lib_a-strpbrk.o)
 .debug_abbrev  0x00000000000074f4       0x8e /usr/lib/gcc/arm-none-eabi/6.3.1/../../../arm-none-eabi/lib/libg.a(lib_a-strspn.o)