Archive member included because of file (symbol)

/usr/local/gcc-arm-none-eabi-4_8-2014q3/bin/../lib/gcc/arm-none-eabi/4.8.4/armv7e-m/libgcc.a(_arm_addsubsf3.o)
                              build/obj/ginput_mouse.o (__aeabi_fsub)
/usr/local/gcc-arm-none-eabi-4_8-2014q3/bin/../lib/gcc/arm-none-eabi/4.8.4/armv7e-m/libgcc.a(_arm_muldivsf3.o)
                              build/obj/ginput_mouse.o (__aeabi_fmul)
/usr/local/gcc-arm-none-eabi-4_8-2014q3/bin/../lib/gcc/arm-none-eabi/4.8.4/armv7e-m/libgcc.a(_arm_fixsfsi.o)
                              build/obj/ginput_mouse.o (__aeabi_f2iz)
/usr/local/gcc-arm-none-eabi-4_8-2014q3/bin/../lib/gcc/arm-none-eabi/4.8.4/../../../../arm-none-eabi/lib/armv7e-m/libg.a(lib_a-memcpy.o)
                              build/obj/gos_chibios.o (memcpy)
/usr/local/gcc-arm-none-eabi-4_8-2014q3/bin/../lib/gcc/arm-none-eabi/4.8.4/../../../../arm-none-eabi/lib/armv7e-m/libg.a(lib_a-memset.o)
                              build/obj/usb.o (memset)
/usr/local/gcc-arm-none-eabi-4_8-2014q3/bin/../lib/gcc/arm-none-eabi/4.8.4/../../../../arm-none-eabi/lib/armv7e-m/libg.a(lib_a-strcasecmp.o)
                              build/obj/shell.o (strcasecmp)
/usr/local/gcc-arm-none-eabi-4_8-2014q3/bin/../lib/gcc/arm-none-eabi/4.8.4/../../../../arm-none-eabi/lib/armv7e-m/libg.a(lib_a-strpbrk.o)
                              build/obj/shell.o (strpbrk)
/usr/local/gcc-arm-none-eabi-4_8-2014q3/bin/../lib/gcc/arm-none-eabi/4.8.4/../../../../arm-none-eabi/lib/armv7e-m/libg.a(lib_a-strspn.o)
                              build/obj/shell.o (strspn)
/usr/local/gcc-arm-none-eabi-4_8-2014q3/bin/../lib/gcc/arm-none-eabi/4.8.4/../../../../arm-none-eabi/lib/armv7e-m/libg.a(lib_a-ctype_.o)
                              /usr/local/gcc-arm-none-eabi-4_8-2014q3/bin/../lib/gcc/arm-none-eabi/4.8.4/../../../../arm-none-eabi/lib/armv7e-m/libg.a(lib_a-strcasecmp.o) (__ctype_ptr__)

Discarded input sections

 .text          0x00000000        0x0 build/obj/crt0.o
 .data          0x00000000        0x0 build/obj/crt0.o
 .bss           0x00000000        0x0 build/obj/crt0.o
 .text.__early_init
                0x00000000       0x10 build/obj/crt0.o
 .text          0x00000000        0x0 build/obj/vectors.o
 .data          0x00000000        0x0 build/obj/vectors.o
 .bss           0x00000000        0x0 build/obj/vectors.o
 .text          0x00000000        0x0 build/obj/chcore.o
 .data          0x00000000        0x0 build/obj/chcore.o
 .bss           0x00000000        0x0 build/obj/chcore.o
 .text          0x00000000        0x0 build/obj/chcore_v7m.o
 .data          0x00000000        0x0 build/obj/chcore_v7m.o
 .bss           0x00000000        0x0 build/obj/chcore_v7m.o
 .text          0x00000000        0x0 build/obj/nvic.o
 .data          0x00000000        0x0 build/obj/nvic.o
 .bss           0x00000000        0x0 build/obj/nvic.o
 .text.nvicDisableVector
                0x00000000       0x50 build/obj/nvic.o
 .text          0x00000000        0x0 build/obj/chsys.o
 .data          0x00000000        0x0 build/obj/chsys.o
 .bss           0x00000000        0x0 build/obj/chsys.o
 .text          0x00000000        0x0 build/obj/chdebug.o
 .data          0x00000000        0x0 build/obj/chdebug.o
 .bss           0x00000000        0x0 build/obj/chdebug.o
 .debug_info    0x00000000       0x79 build/obj/chdebug.o
 .debug_abbrev  0x00000000       0x26 build/obj/chdebug.o
 .debug_aranges
                0x00000000       0x18 build/obj/chdebug.o
 .debug_line    0x00000000       0x1d build/obj/chdebug.o
 .debug_str     0x00000000      0x1d9 build/obj/chdebug.o
 .comment       0x00000000       0x71 build/obj/chdebug.o
 .ARM.attributes
                0x00000000       0x33 build/obj/chdebug.o
 .text          0x00000000        0x0 build/obj/chlists.o
 .data          0x00000000        0x0 build/obj/chlists.o
 .bss           0x00000000        0x0 build/obj/chlists.o
 .debug_info    0x00000000       0x79 build/obj/chlists.o
 .debug_abbrev  0x00000000       0x26 build/obj/chlists.o
 .debug_aranges
                0x00000000       0x18 build/obj/chlists.o
 .debug_line    0x00000000       0x1d build/obj/chlists.o
 .debug_str     0x00000000      0x1d9 build/obj/chlists.o
 .comment       0x00000000       0x71 build/obj/chlists.o
 .ARM.attributes
                0x00000000       0x33 build/obj/chlists.o
 .text          0x00000000        0x0 build/obj/chvt.o
 .data          0x00000000        0x0 build/obj/chvt.o
 .bss           0x00000000        0x0 build/obj/chvt.o
 .text          0x00000000        0x0 build/obj/chschd.o
 .data          0x00000000        0x0 build/obj/chschd.o
 .bss           0x00000000        0x0 build/obj/chschd.o
 .text          0x00000000        0x0 build/obj/chthreads.o
 .data          0x00000000        0x0 build/obj/chthreads.o
 .bss           0x00000000        0x0 build/obj/chthreads.o
 .text.chThdSetPriority
                0x00000000       0x30 build/obj/chthreads.o
 .text.chThdResume
[...]
Memory Configuration

Name             Origin             Length             Attributes
flash            0x08000000         0x00200000
ram              0x20000000         0x00030000
ccmram           0x10000000         0x00010000
*default*        0x00000000         0xffffffff

Linker script and memory map

LOAD build/obj/crt0.o
LOAD build/obj/vectors.o
LOAD build/obj/chcore.o
LOAD build/obj/chcore_v7m.o
LOAD build/obj/nvic.o
LOAD build/obj/chsys.o
LOAD build/obj/chdebug.o
LOAD build/obj/chlists.o
LOAD build/obj/chvt.o
LOAD build/obj/chschd.o
LOAD build/obj/chthreads.o
LOAD build/obj/chdynamic.o
LOAD build/obj/chregistry.o
LOAD build/obj/chsem.o
LOAD build/obj/chmtx.o
LOAD build/obj/chcond.o
LOAD build/obj/chevents.o
LOAD build/obj/chmsg.o
LOAD build/obj/chmboxes.o
LOAD build/obj/chqueues.o
LOAD build/obj/chmemcore.o
LOAD build/obj/chheap.o
LOAD build/obj/chmempools.o
LOAD build/obj/test.o
LOAD build/obj/testthd.o
LOAD build/obj/testsem.o
LOAD build/obj/testmtx.o
LOAD build/obj/testmsg.o
LOAD build/obj/testmbox.o
LOAD build/obj/testevt.o
LOAD build/obj/testheap.o
LOAD build/obj/testpools.o
LOAD build/obj/testdyn.o
LOAD build/obj/testqueues.o
LOAD build/obj/testbmk.o
LOAD build/obj/hal.o
LOAD build/obj/adc.o
LOAD build/obj/can.o
LOAD build/obj/ext.o
LOAD build/obj/gpt.o
LOAD build/obj/i2c.o
LOAD build/obj/icu.o
LOAD build/obj/mac.o
LOAD build/obj/mmc_spi.o
LOAD build/obj/mmcsd.o
LOAD build/obj/pal.o
LOAD build/obj/pwm.o
LOAD build/obj/rtc.o
LOAD build/obj/sdc.o
LOAD build/obj/serial.o
LOAD build/obj/serial_usb.o
LOAD build/obj/spi.o
LOAD build/obj/tm.o
LOAD build/obj/uart.o
LOAD build/obj/usb.o
LOAD build/obj/stm32_dma.o
LOAD build/obj/hal_lld.o
LOAD build/obj/adc_lld.o
LOAD build/obj/ext_lld_isr.o
LOAD build/obj/can_lld.o
LOAD build/obj/ext_lld.o
LOAD build/obj/mac_lld.o
LOAD build/obj/sdc_lld.o
LOAD build/obj/pal_lld.o
LOAD build/obj/i2c_lld.o
LOAD build/obj/usb_lld.o
LOAD build/obj/rtc_lld.o
LOAD build/obj/spi_lld.o
LOAD build/obj/gpt_lld.o
LOAD build/obj/icu_lld.o
LOAD build/obj/pwm_lld.o
LOAD build/obj/serial_lld.o
LOAD build/obj/uart_lld.o
LOAD build/obj/board.o
LOAD build/obj/gfx.o
LOAD build/obj/gos_chibios.o
LOAD build/obj/gos_freertos.o
LOAD build/obj/gos_win32.o
LOAD build/obj/gos_linux.o
LOAD build/obj/gos_osx.o
LOAD build/obj/gos_raw32.o
LOAD build/obj/gos_ecos.o
LOAD build/obj/gos_rawrtos.o
LOAD build/obj/gdriver_gdriver.o
LOAD build/obj/gqueue_gqueue.o
LOAD build/obj/gdisp_gdisp.o
LOAD build/obj/gdisp_fonts.o
LOAD build/obj/gdisp_image.o
LOAD build/obj/gdisp_image_native.o
LOAD build/obj/gdisp_image_gif.o
LOAD build/obj/gdisp_image_bmp.o
LOAD build/obj/gdisp_image_jpg.o
LOAD build/obj/gdisp_image_png.o
LOAD build/obj/mf_encoding.o
LOAD build/obj/mf_font.o
LOAD build/obj/mf_justify.o
LOAD build/obj/mf_kerning.o
LOAD build/obj/mf_rlefont.o
LOAD build/obj/mf_bwfont.o
LOAD build/obj/mf_scaledfont.o
LOAD build/obj/mf_wordwrap.o
LOAD build/obj/gevent_gevent.o
LOAD build/obj/gtimer_gtimer.o
LOAD build/obj/gwin_gwin.o
LOAD build/obj/gwin_widget.o
LOAD build/obj/gwin_wm.o
LOAD build/obj/gwin_console.o
LOAD build/obj/gwin_graph.o
LOAD build/obj/gwin_button.o
LOAD build/obj/gwin_slider.o
LOAD build/obj/gwin_checkbox.o
LOAD build/obj/gwin_image.o
LOAD build/obj/gwin_label.o
LOAD build/obj/gwin_radio.o
LOAD build/obj/gwin_list.o
LOAD build/obj/gwin_progressbar.o
LOAD build/obj/gwin_container.o
LOAD build/obj/gwin_frame.o
LOAD build/obj/gwin_gl3d.o
LOAD build/obj/ginput_ginput.o
LOAD build/obj/ginput_mouse.o
LOAD build/obj/ginput_keyboard.o
LOAD build/obj/ginput_toggle.o
LOAD build/obj/ginput_dial.o
LOAD build/obj/gadc_gadc.o
LOAD build/obj/gaudio_gaudio.o
LOAD build/obj/gmisc_gmisc.o
LOAD build/obj/gmisc_arrayops.o
LOAD build/obj/gmisc_trig.o
LOAD build/obj/gfile_gfile.o
LOAD build/obj/gfile_fs_native.o
LOAD build/obj/gfile_fs_ram.o
LOAD build/obj/gfile_fs_rom.o
LOAD build/obj/gfile_fs_fatfs.o
LOAD build/obj/gfile_fs_petitfs.o
LOAD build/obj/gfile_fs_mem.o
LOAD build/obj/gfile_fs_chibios.o
LOAD build/obj/gfile_fs_strings.o
LOAD build/obj/gfile_printg.o
LOAD build/obj/gfile_scang.o
LOAD build/obj/gfile_stdio.o
LOAD build/obj/gfile_fatfs_wrapper.o
LOAD build/obj/gfile_fatfs_diskio_chibios.o
LOAD build/obj/gfile_petitfs_wrapper.o
LOAD build/obj/gfile_petitfs_diskio_chibios.o
LOAD build/obj/stm32f429i_discovery_sdram.o
LOAD build/obj/stm32f4xx_fmc.o
LOAD build/obj/gdisp_lld_STM32F429iDiscovery.o
LOAD build/obj/gmouse_lld_STMPE811.o
LOAD build/obj/shell.o
LOAD build/obj/chprintf.o
LOAD build/obj/usbcfg.o
LOAD build/obj/main.o
                0x00000400                __main_stack_size__ = 0x400
                0x00000400                __process_stack_size__ = 0x400
                0x20000000                __ram_start__ = ORIGIN (ram)
                0x00030000                __ram_size__ = 0x30000
                0x20030000                __ram_end__ = (__ram_start__ + __ram_size__)
                0x00000000                . = 0x0
                0x00000000                _text = .

startup         0x08000000      0x1ac
 *(vectors)
 vectors        0x08000000      0x1ac build/obj/vectors.o
                0x08000000                _vectors

constructors    0x080001ac        0x0
                0x080001ac                PROVIDE (__init_array_start, .)
 *(SORT(.init_array.*))
 *(.init_array)
                0x080001ac                PROVIDE (__init_array_end, .)

destructors     0x080001ac        0x0
                0x080001ac                PROVIDE (__fini_array_start, .)
 *(.fini_array)
 *(SORT(.fini_array.*))
                0x080001ac                PROVIDE (__fini_array_end, .)

.text           0x080001b0     0x899c
 *(.text.startup.*)
 .text.startup.main
                0x080001b0      0x120 build/obj/main.o
                0x080001b0                main
 *(.text)
 .text          0x080002d0      0x21c /usr/local/gcc-arm-none-eabi-4_8-2014q3/bin/../lib/gcc/arm-none-eabi/4.8.4/armv7e-m/libgcc.a(_arm_addsubsf3.o)
                0x080002d0                __aeabi_frsub
                0x080002d8                __subsf3
                0x080002d8                __aeabi_fsub
                0x080002dc                __aeabi_fadd
                0x080002dc                __addsf3
                0x0800043c                __aeabi_ui2f
                0x0800043c                __floatunsisf
                0x08000444                __aeabi_i2f
                0x08000444                __floatsisf
                0x08000460                __floatundisf
                0x08000460                __aeabi_ul2f
                0x08000470                __floatdisf
                0x08000470                __aeabi_l2f
 *fill*         0x080004ec        0x4 
 .text          0x080004f0      0x2a0 /usr/local/gcc-arm-none-eabi-4_8-2014q3/bin/../lib/gcc/arm-none-eabi/4.8.4/armv7e-m/libgcc.a(_arm_muldivsf3.o)
                0x080004f0                __mulsf3
                0x080004f0                __aeabi_fmul
                0x08000658                __divsf3
                0x08000658                __aeabi_fdiv
 .text          0x08000790       0x4c /usr/local/gcc-arm-none-eabi-4_8-2014q3/bin/../lib/gcc/arm-none-eabi/4.8.4/armv7e-m/libgcc.a(_arm_fixsfsi.o)
                0x08000790                __fixsfsi
                0x08000790                __aeabi_f2iz
 *(.text.*)
 *fill*         0x080007dc        0x4 
 .text.__late_init
                0x080007e0       0x10 build/obj/crt0.o
                0x080007e0                __late_init
 .text._default_exit
                0x080007f0       0x10 build/obj/crt0.o
                0x080007f0                _default_exit
 .text.ResetHandler
                0x08000800      0x100 build/obj/crt0.o
                0x08000800                ResetHandler
 .text._unhandled_exception
                0x08000900       0x10 build/obj/vectors.o
                0x08000900                Vector58
                0x08000900                VectorE8
                0x08000900                Vector9C
                0x08000900                VectorAC
                0x08000900                Vector1A0
                0x08000900                Vector5C
                0x08000900                NMIVector
                0x08000900                Vector11C
                0x08000900                Vector19C
                0x08000900                Vector8C
                0x08000900                VectorDC
                0x08000900                Vector168
                0x08000900                Vector110
                0x08000900                VectorC8
                0x08000900                Vector94
                0x08000900                VectorA8
                0x08000900                VectorB4
                0x08000900                VectorEC
                0x08000900                UsageFaultVector
                0x08000900                DebugMonitorVector
                0x08000900                Vector40
                0x08000900                VectorF8
                0x08000900                Vector108
                0x08000900                VectorBC
                0x08000900                Vector190
                0x08000900                Vector148
                0x08000900                Vector188
                0x08000900                PendSVVector
                0x08000900                Vector198
                0x08000900                Vector118
                0x08000900                Vector64
                0x08000900                VectorCC
                0x08000900                Vector54
                0x08000900                Vector98
                0x08000900                VectorD8
                0x08000900                Vector138
                0x08000900                Vector24
                0x08000900                Vector178
                0x08000900                Vector1A4
                0x08000900                BusFaultVector
                0x08000900                VectorD0
                0x08000900                Vector140
                0x08000900                VectorE4
                0x08000900                VectorC0
                0x08000900                Vector134
                0x08000900                VectorF0
                0x08000900                Vector13C
                0x08000900                Vector100
                0x08000900                VectorE0
                0x08000900                VectorF4
                0x08000900                MemManageVector
                0x08000900                VectorA0
                0x08000900                VectorC4
                0x08000900                Vector180
                0x08000900                VectorB0
                0x08000900                Vector90
                0x08000900                Vector114
                0x08000900                Vector60
                0x08000900                Vector1C
                0x08000900                Vector17C
                0x08000900                Vector48
                0x08000900                Vector1A8
                0x08000900                Vector16C
                0x08000900                VectorD4
                0x08000900                Vector4C
                0x08000900                Vector144
                0x08000900                Vector15C
                0x08000900                Vector68
                0x08000900                _unhandled_exception
                0x08000900                Vector170
                0x08000900                Vector88
                0x08000900                Vector104
                0x08000900                Vector184
                0x08000900                Vector10C
                0x08000900                Vector14C
                0x08000900                Vector50
                0x08000900                Vector194
                0x08000900                Vector44
                0x08000900                Vector28
                0x08000900                VectorB8
                0x08000900                Vector34
                0x08000900                VectorA4
                0x08000900                Vector20
                0x08000900                Vector18C
 .text.HardFaultVector
                0x08000910       0x20 build/obj/vectors.o
                0x08000910                HardFaultVector
 .text.port_halt
                0x08000930       0x10 build/obj/chcore.o
                0x08000930                port_halt
 .text._port_switch_from_isr
                0x08000940       0x10 build/obj/chcore_v7m.o
                0x08000940                _port_switch_from_isr
 .text.SVCallVector
                0x08000950       0x20 build/obj/chcore_v7m.o
                0x08000950                SVCallVector
 .text._port_init
                0x08000970       0x30 build/obj/chcore_v7m.o
                0x08000970                _port_init
 .text._port_irq_epilogue
                0x080009a0       0x70 build/obj/chcore_v7m.o
                0x080009a0                _port_irq_epilogue
 .text.SysTickVector
                0x08000a10       0x20 build/obj/chcore_v7m.o
                0x08000a10                SysTickVector
 .text._port_switch
                0x08000a30       0x10 build/obj/chcore_v7m.o
                0x08000a30                _port_switch
 .text._port_thread_start
                0x08000a40       0x10 build/obj/chcore_v7m.o
                0x08000a40                _port_thread_start
 .text.nvicEnableVector
                0x08000a50       0x50 build/obj/nvic.o
                0x08000a50                nvicEnableVector
 .text.nvicSetSystemHandlerPriority
                0x08000aa0       0x30 build/obj/nvic.o
                0x08000aa0                nvicSetSystemHandlerPriority
 .text._idle_thread
                0x08000ad0       0x20 build/obj/chsys.o
                0x08000ad0                _idle_thread
 .text.chSysInit
                0x08000af0       0x60 build/obj/chsys.o
                0x08000af0                chSysInit
 .text.chSysTimerHandlerI
                0x08000b50       0x60 build/obj/chsys.o
                0x08000b50                chSysTimerHandlerI
 .text._vt_init
                0x08000bb0       0x20 build/obj/chvt.o
                0x08000bb0                _vt_init
 .text.chVTSetI
                0x08000bd0       0x40 build/obj/chvt.o
                0x08000bd0                chVTSetI
 .text.chVTResetI
                0x08000c10       0x30 build/obj/chvt.o
                0x08000c10                chVTResetI
 .text.wakeup   0x08000c40       0x70 build/obj/chschd.o
 .text._scheduler_init
                0x08000cb0       0x20 build/obj/chschd.o
                0x08000cb0                _scheduler_init
 .text.chSchReadyI
                0x08000cd0       0x30 build/obj/chschd.o
                0x08000cd0                chSchReadyI
 .text.chSchGoSleepS
                0x08000d00       0x30 build/obj/chschd.o
                0x08000d00                chSchGoSleepS
 .text.chSchGoSleepTimeoutS
                0x08000d30       0x50 build/obj/chschd.o
                0x08000d30                chSchGoSleepTimeoutS
 .text.chSchWakeupS
                0x08000d80       0x60 build/obj/chschd.o
                0x08000d80                chSchWakeupS
 .text.chSchDoRescheduleBehind
                0x08000de0       0x40 build/obj/chschd.o
                0x08000de0                chSchDoRescheduleBehind
 .text.chSchDoRescheduleAhead
                0x08000e20       0x40 build/obj/chschd.o
                0x08000e20                chSchDoRescheduleAhead
 .text.chSchRescheduleS
                0x08000e60       0x20 build/obj/chschd.o
                0x08000e60                chSchRescheduleS
 .text.chSchDoReschedule
                0x08000e80       0x20 build/obj/chschd.o
                0x08000e80                chSchDoReschedule
 .text._thread_init
                0x08000ea0       0x50 build/obj/chthreads.o
                0x08000ea0                _thread_init
 .text.chThdCreateI
                0x08000ef0       0x70 build/obj/chthreads.o
                0x08000ef0                chThdCreateI
 .text.chThdCreateStatic
                0x08000f60       0x90 build/obj/chthreads.o
                0x08000f60                chThdCreateStatic
 .text.chThdSleep
                0x08000ff0       0x20 build/obj/chthreads.o
                0x08000ff0                chThdSleep
 .text.chThdYield
                0x08001010       0x30 build/obj/chthreads.o
                0x08001010                chThdYield
 .text.chThdExitS
                0x08001040       0x40 build/obj/chthreads.o
                0x08001040                chThdExitS
 .text.chThdExit
                0x08001080       0x10 build/obj/chthreads.o
                0x08001080                chThdExit
 .text.chThdCreateFromHeap
                0x08001090       0x40 build/obj/chdynamic.o
                0x08001090                chThdCreateFromHeap
 .text.chSemInit
                0x080010d0       0x10 build/obj/chsem.o
                0x080010d0                chSemInit
 .text.chSemWaitS
                0x080010e0       0x40 build/obj/chsem.o
                0x080010e0                chSemWaitS
 .text.chSemWait
                0x08001120       0x20 build/obj/chsem.o
                0x08001120                chSemWait
 .text.chSemWaitTimeoutS
                0x08001140       0x40 build/obj/chsem.o
                0x08001140                chSemWaitTimeoutS
 .text.chSemWaitTimeout
                0x08001180       0x20 build/obj/chsem.o
                0x08001180                chSemWaitTimeout
 .text.chSemSignalI
                0x080011a0       0x20 build/obj/chsem.o
                0x080011a0                chSemSignalI
 .text.chMtxInit
                0x080011c0       0x10 build/obj/chmtx.o
                0x080011c0                chMtxInit
 .text.chMtxLockS
                0x080011d0       0xd0 build/obj/chmtx.o
                0x080011d0                chMtxLockS
 .text.chMtxLock
                0x080012a0       0x20 build/obj/chmtx.o
                0x080012a0                chMtxLock
 .text.chMtxUnlock
                0x080012c0       0x70 build/obj/chmtx.o
                0x080012c0                chMtxUnlock
 .text._core_init
                0x08001330       0x30 build/obj/chmemcore.o
                0x08001330                _core_init
 .text.chCoreAlloc
                0x08001360       0x40 build/obj/chmemcore.o
                0x08001360                chCoreAlloc
 .text._heap_init
                0x080013a0       0x20 build/obj/chheap.o
                0x080013a0                _heap_init
 .text.chHeapAlloc
                0x080013c0       0x80 build/obj/chheap.o
                0x080013c0                chHeapAlloc
 .text.chHeapFree
                0x08001440       0xa0 build/obj/chheap.o
                0x08001440                chHeapFree
 .text.halInit  0x080014e0       0x30 build/obj/hal.o
                0x080014e0                halInit
 .text.halPolledDelay
                0x08001510       0x40 build/obj/hal.o
                0x08001510                halPolledDelay
 .text.i2cInit  0x08001550       0x10 build/obj/i2c.o
                0x08001550                i2cInit
 .text.i2cObjectInit
                0x08001560       0x10 build/obj/i2c.o
                0x08001560                i2cObjectInit
 .text.i2cStart
                0x08001570       0x20 build/obj/i2c.o
                0x08001570                i2cStart
 .text.i2cMasterTransmitTimeout
                0x08001590       0x50 build/obj/i2c.o
                0x08001590                i2cMasterTransmitTimeout
 .text.i2cAcquireBus
                0x080015e0       0x10 build/obj/i2c.o
                0x080015e0                i2cAcquireBus
 .text.i2cReleaseBus
                0x080015f0       0x10 build/obj/i2c.o
                0x080015f0                i2cReleaseBus
 .text.sduInit  0x08001600       0x10 build/obj/serial_usb.o
                0x08001600                sduInit
 .text.spiInit  0x08001610       0x10 build/obj/spi.o
                0x08001610                spiInit
 .text.spiObjectInit
                0x08001620       0x10 build/obj/spi.o
                0x08001620                spiObjectInit
 .text.spiStart
                0x08001630       0x20 build/obj/spi.o
                0x08001630                spiStart
 .text.spiSelect
                0x08001650       0x20 build/obj/spi.o
                0x08001650                spiSelect
 .text.spiUnselect
                0x08001670       0x20 build/obj/spi.o
                0x08001670                spiUnselect
 .text.spiSend  0x08001690       0x30 build/obj/spi.o
                0x08001690                spiSend
 .text.usbInit  0x080016c0       0x10 build/obj/usb.o
                0x080016c0                usbInit
 .text.usbObjectInit
                0x080016d0       0x20 build/obj/usb.o
                0x080016d0                usbObjectInit
 .text.usbStartReceiveI
                0x080016f0       0x30 build/obj/usb.o
                0x080016f0                usbStartReceiveI
 .text.usbStartTransmitI
                0x08001720       0x30 build/obj/usb.o
                0x08001720                usbStartTransmitI
 .text._usb_reset
                0x08001750       0x30 build/obj/usb.o
                0x08001750                _usb_reset
 .text._usb_ep0setup
                0x08001780      0x360 build/obj/usb.o
                0x08001780                _usb_ep0setup
 .text._usb_ep0in
                0x08001ae0       0xd0 build/obj/usb.o
                0x08001ae0                _usb_ep0in
 .text._usb_ep0out
                0x08001bb0       0x80 build/obj/usb.o
                0x08001bb0                _usb_ep0out
 .text.Vector6C
                0x08001c30       0x30 build/obj/stm32_dma.o
                0x08001c30                Vector6C
 .text.Vector70
                0x08001c60       0x30 build/obj/stm32_dma.o
                0x08001c60                Vector70
 .text.Vector74
                0x08001c90       0x30 build/obj/stm32_dma.o
                0x08001c90                Vector74
 .text.Vector78
                0x08001cc0       0x30 build/obj/stm32_dma.o
                0x08001cc0                Vector78
 .text.Vector7C
                0x08001cf0       0x30 build/obj/stm32_dma.o
                0x08001cf0                Vector7C
 .text.Vector80
                0x08001d20       0x30 build/obj/stm32_dma.o
                0x08001d20                Vector80
 .text.Vector84
                0x08001d50       0x30 build/obj/stm32_dma.o
                0x08001d50                Vector84
 .text.VectorFC
                0x08001d80       0x30 build/obj/stm32_dma.o
                0x08001d80                VectorFC
 .text.Vector120
                0x08001db0       0x30 build/obj/stm32_dma.o
                0x08001db0                Vector120
 .text.Vector124
                0x08001de0       0x30 build/obj/stm32_dma.o
                0x08001de0                Vector124
 .text.Vector128
                0x08001e10       0x30 build/obj/stm32_dma.o
                0x08001e10                Vector128
 .text.Vector12C
                0x08001e40       0x30 build/obj/stm32_dma.o
                0x08001e40                Vector12C
 .text.Vector130
                0x08001e70       0x30 build/obj/stm32_dma.o
                0x08001e70                Vector130
 .text.Vector150
                0x08001ea0       0x30 build/obj/stm32_dma.o
                0x08001ea0                Vector150
 .text.Vector154
                0x08001ed0       0x30 build/obj/stm32_dma.o
                0x08001ed0                Vector154
 .text.Vector158
                0x08001f00       0x30 build/obj/stm32_dma.o
                0x08001f00                Vector158
 .text.dmaInit  0x08001f30       0x50 build/obj/stm32_dma.o
                0x08001f30                dmaInit
 .text.dmaStreamAllocate
                0x08001f80       0xa0 build/obj/stm32_dma.o
                0x08001f80                dmaStreamAllocate
 .text.hal_lld_init
                0x08002020       0xa0 build/obj/hal_lld.o
                0x08002020                hal_lld_init
 .text.stm32_clock_init
                0x080020c0       0xd0 build/obj/hal_lld.o
                0x080020c0                stm32_clock_init
 .text._pal_lld_init
                0x08002190      0x1c0 build/obj/pal_lld.o
                0x08002190                _pal_lld_init
 .text._pal_lld_setgroupmode
                0x08002350       0xd0 build/obj/pal_lld.o
                0x08002350                _pal_lld_setgroupmode
 .text.i2c_lld_abort_operation
                0x08002420       0x60 build/obj/i2c_lld.o
 .text.i2c_lld_safety_timeout
                0x08002480       0x30 build/obj/i2c_lld.o
 .text.i2c_lld_serve_tx_end_irq
                0x080024b0       0x40 build/obj/i2c_lld.o
 .text.i2c_lld_serve_rx_end_irq
                0x080024f0       0x70 build/obj/i2c_lld.o
 .text.Vector160
                0x08002560      0x110 build/obj/i2c_lld.o
                0x08002560                Vector160
 .text.Vector164
                0x08002670       0xf0 build/obj/i2c_lld.o
                0x08002670                Vector164
 .text.i2c_lld_init
                0x08002760       0x30 build/obj/i2c_lld.o
                0x08002760                i2c_lld_init
 .text.i2c_lld_start
                0x08002790      0x180 build/obj/i2c_lld.o
                0x08002790                i2c_lld_start
 .text.i2c_lld_master_transmit_timeout
                0x08002910      0x100 build/obj/i2c_lld.o
                0x08002910                i2c_lld_master_transmit_timeout
 .text.usb_lld_init
                0x08002a10       0x30 build/obj/usb_lld.o
                0x08002a10                usb_lld_init
 .text.usb_lld_reset
                0x08002a40       0xc0 build/obj/usb_lld.o
                0x08002a40                usb_lld_reset
 .text.usb_lld_set_address
                0x08002b00       0x20 build/obj/usb_lld.o
                0x08002b00                usb_lld_set_address
 .text.usb_lld_get_status_out
                0x08002b20       0x20 build/obj/usb_lld.o
                0x08002b20                usb_lld_get_status_out
 .text.usb_lld_get_status_in
                0x08002b40       0x20 build/obj/usb_lld.o
                0x08002b40                usb_lld_get_status_in
 .text.usb_lld_read_setup
                0x08002b60       0x20 build/obj/usb_lld.o
                0x08002b60                usb_lld_read_setup
 .text.usb_lld_prepare_receive
                0x08002b80       0x50 build/obj/usb_lld.o
                0x08002b80                usb_lld_prepare_receive
 .text.otg_epout_handler
                0x08002bd0       0x90 build/obj/usb_lld.o
 .text.usb_lld_prepare_transmit
                0x08002c60       0x50 build/obj/usb_lld.o
                0x08002c60                usb_lld_prepare_transmit
 .text.otg_epin_handler
                0x08002cb0       0xd0 build/obj/usb_lld.o
 .text.Vector174
                0x08002d80      0x150 build/obj/usb_lld.o
                0x08002d80                Vector174
 .text.usb_lld_start_out
                0x08002ed0       0x20 build/obj/usb_lld.o
                0x08002ed0                usb_lld_start_out
 .text.usb_lld_start_in
                0x08002ef0       0x30 build/obj/usb_lld.o
                0x08002ef0                usb_lld_start_in
 .text.usb_lld_stall_out
                0x08002f20       0x20 build/obj/usb_lld.o
                0x08002f20                usb_lld_stall_out
 .text.usb_lld_stall_in
                0x08002f40       0x20 build/obj/usb_lld.o
                0x08002f40                usb_lld_stall_in
 .text.usb_lld_clear_out
                0x08002f60       0x20 build/obj/usb_lld.o
                0x08002f60                usb_lld_clear_out
 .text.usb_lld_clear_in
                0x08002f80       0x20 build/obj/usb_lld.o
                0x08002f80                usb_lld_clear_in
 .text.spi_lld_serve_tx_interrupt
                0x08002fa0       0x10 build/obj/spi_lld.o
 .text.spi_lld_serve_rx_interrupt
                0x08002fb0       0x80 build/obj/spi_lld.o
 .text.spi_lld_init
                0x08003030       0x50 build/obj/spi_lld.o
                0x08003030                spi_lld_init
 .text.spi_lld_start
                0x08003080       0xa0 build/obj/spi_lld.o
                0x08003080                spi_lld_start
 .text.spi_lld_select
                0x08003120       0x20 build/obj/spi_lld.o
                0x08003120                spi_lld_select
 .text.spi_lld_unselect
                0x08003140       0x20 build/obj/spi_lld.o
                0x08003140                spi_lld_unselect
 .text.spi_lld_send
                0x08003160       0x40 build/obj/spi_lld.o
                0x08003160                spi_lld_send
 .text.__early_init
                0x080031a0       0x10 build/obj/board.o
                0x080031a0                __early_init
 .text.boardInit
                0x080031b0       0x10 build/obj/board.o
                0x080031b0                boardInit
 .text.gfxInit  0x080031c0       0x30 build/obj/gfx.o
                0x080031c0                gfxInit
 .text._gosInit
                0x080031f0       0x20 build/obj/gos_chibios.o
                0x080031f0                _gosInit
 .text.gfxSleepMilliseconds
                0x08003210       0x30 build/obj/gos_chibios.o
                0x08003210                gfxSleepMilliseconds
 .text.gfxSemInit
                0x08003240       0x10 build/obj/gos_chibios.o
                0x08003240                gfxSemInit
 .text.gfxSemWait
                0x08003250       0x40 build/obj/gos_chibios.o
                0x08003250                gfxSemWait
 .text.gfxSemSignal
                0x08003290       0x20 build/obj/gos_chibios.o
                0x08003290                gfxSemSignal
 .text.gfxThreadCreate
                0x080032b0       0x30 build/obj/gos_chibios.o
                0x080032b0                gfxThreadCreate
 .text._gdriverInit
                0x080032e0       0x10 build/obj/gdriver_gdriver.o
                0x080032e0                _gdriverInit
 .text.gdriverRegister
                0x080032f0       0xa0 build/obj/gdriver_gdriver.o
                0x080032f0                gdriverRegister
 .text.gdriverGetInstance
                0x08003390       0x30 build/obj/gdriver_gdriver.o
                0x08003390                gdriverGetInstance
 .text.gdriverGetNext
                0x080033c0       0x30 build/obj/gdriver_gdriver.o
                0x080033c0                gdriverGetNext
 .text.drawcharglyph
                0x080033f0       0x30 build/obj/gdisp_gdisp.o
 .text.fillcharglyph
                0x08003420       0x30 build/obj/gdisp_gdisp.o
 .text.hline_clip
                0x08003450       0x80 build/obj/gdisp_gdisp.o
 .text.vline_clip
                0x080034d0       0x80 build/obj/gdisp_gdisp.o
 .text._gdispInitDriver
                0x08003550       0x30 build/obj/gdisp_gdisp.o
                0x08003550                _gdispInitDriver
 .text._gdispDeInitDriver
                0x08003580       0x20 build/obj/gdisp_gdisp.o
                0x08003580                _gdispDeInitDriver
 .text.gdispGGetWidth
                0x080035a0       0x10 build/obj/gdisp_gdisp.o
                0x080035a0                gdispGGetWidth
 .text.gdispGGetHeight
                0x080035b0       0x10 build/obj/gdisp_gdisp.o
                0x080035b0                gdispGGetHeight
 .text.gdispGDrawPixel
                0x080035c0       0x50 build/obj/gdisp_gdisp.o
                0x080035c0                gdispGDrawPixel
 .text.gdispGDrawLine
                0x08003610      0x1a0 build/obj/gdisp_gdisp.o
                0x08003610                gdispGDrawLine
 .text.gdispGClear
                0x080037b0       0x60 build/obj/gdisp_gdisp.o
                0x080037b0                gdispGClear
 .text._gdispInit
                0x08003810       0x50 build/obj/gdisp_gdisp.o
                0x08003810                _gdispInit
 .text.gdispGFillArea
                0x08003860       0xf0 build/obj/gdisp_gdisp.o
                0x08003860                gdispGFillArea
 .text.gdispGSetClip
                0x08003950       0x80 build/obj/gdisp_gdisp.o
                0x08003950                gdispGSetClip
 .text._gdispPostInitDriver
                0x080039d0       0xe0 build/obj/gdisp_gdisp.o
                0x080039d0                _gdispPostInitDriver
 .text.gdispGFillCircle
                0x08003ab0      0x1d0 build/obj/gdisp_gdisp.o
                0x08003ab0                gdispGFillCircle
 .text.gdispGDrawBox
                0x08003c80       0xd0 build/obj/gdisp_gdisp.o
                0x08003c80                gdispGDrawBox
 .text.gdispGDrawString
                0x08003d50       0x80 build/obj/gdisp_gdisp.o
                0x08003d50                gdispGDrawString
 .text.gdispGFillStringBox
                0x08003dd0      0x1a0 build/obj/gdisp_gdisp.o
                0x08003dd0                gdispGFillStringBox
 .text.gdispGetStringWidth
                0x08003f70       0x20 build/obj/gdisp_gdisp.o
                0x08003f70                gdispGetStringWidth
 .text.gdispBlendColor
                0x08003f90       0x60 build/obj/gdisp_gdisp.o
                0x08003f90                gdispBlendColor
 .text.drawcharline
                0x08003ff0       0xe0 build/obj/gdisp_gdisp.o
 .text.fillcharline
                0x080040d0       0x90 build/obj/gdisp_gdisp.o
 .text.matchfont
                0x08004160       0x50 build/obj/gdisp_fonts.o
 .text.gdispOpenFont
                0x080041b0       0x50 build/obj/gdisp_fonts.o
                0x080041b0                gdispOpenFont
 .text.gdispCloseFont
                0x08004200       0x20 build/obj/gdisp_fonts.o
                0x08004200                gdispCloseFont
 .text.mf_getchar
                0x08004220       0x10 build/obj/mf_encoding.o
                0x08004220                mf_getchar
 .text.mf_rewind
                0x08004230       0x10 build/obj/mf_encoding.o
                0x08004230                mf_rewind
 .text.mf_render_character
                0x08004240       0x30 build/obj/mf_font.o
                0x08004240                mf_render_character
 .text.mf_character_width
                0x08004270       0x20 build/obj/mf_font.o
                0x08004270                mf_character_width
 .text.mf_get_font_list
                0x08004290       0x10 build/obj/mf_font.o
                0x08004290                mf_get_font_list
 .text.mf_round_to_tab
                0x080042a0       0x40 build/obj/mf_justify.o
 .text.render_left
                0x080042e0       0x60 build/obj/mf_justify.o
 .text.mf_get_string_width
                0x08004340       0x60 build/obj/mf_justify.o
                0x08004340                mf_get_string_width
 .text.mf_render_aligned
                0x080043a0      0x160 build/obj/mf_justify.o
                0x080043a0                mf_render_aligned
 .text.write_pixels
                0x08004500       0x70 build/obj/mf_rlefont.o
 .text.find_glyph.isra.0
                0x08004570       0x40 build/obj/mf_rlefont.o
 .text.write_ref_codeword
                0x080045b0      0x1a0 build/obj/mf_rlefont.o
 .text.mf_rlefont_render_character
                0x08004750       0xd0 build/obj/mf_rlefont.o
                0x08004750                mf_rlefont_render_character
 .text.mf_rlefont_character_width
                0x08004820       0x20 build/obj/mf_rlefont.o
                0x08004820                mf_rlefont_character_width
 .text._geventInit
                0x08004840       0x10 build/obj/gevent_gevent.o
                0x08004840                _geventInit
 .text.geventGetSourceListener
                0x08004850       0x70 build/obj/gevent_gevent.o
                0x08004850                geventGetSourceListener
 .text.geventGetEventBuffer
                0x080048c0       0x30 build/obj/gevent_gevent.o
                0x080048c0                geventGetEventBuffer
 .text.geventSendEvent
                0x080048f0       0x60 build/obj/gevent_gevent.o
                0x080048f0                geventSendEvent
 .text.GTimerThreadHandler
                0x08004950       0xd0 build/obj/gtimer_gtimer.o
 .text._gtimerInit
                0x08004a20       0x20 build/obj/gtimer_gtimer.o
                0x08004a20                _gtimerInit
 .text.gtimerStart
                0x08004a40      0x110 build/obj/gtimer_gtimer.o
                0x08004a40                gtimerStart
 .text.gtimerIsActive
                0x08004b50       0x10 build/obj/gtimer_gtimer.o
                0x08004b50                gtimerIsActive
 .text.gtimerJab
                0x08004b60       0x30 build/obj/gtimer_gtimer.o
                0x08004b60                gtimerJab
 .text._ginputInit
                0x08004b90       0x10 build/obj/ginput_ginput.o
                0x08004b90                _ginputInit
 .text.SendMouseEvent
                0x08004ba0       0xb0 build/obj/ginput_mouse.o
 .text.GetMouseReading
                0x08004c50      0x330 build/obj/ginput_mouse.o
 .text.MousePoll
                0x08004f80       0x40 build/obj/ginput_mouse.o
 .text.CalibrateMouse
                0x08004fc0      0x700 build/obj/ginput_mouse.o
 .text._gmouseInit
                0x080056c0       0x20 build/obj/ginput_mouse.o
                0x080056c0                _gmouseInit
 .text._gmouseInitDriver
                0x080056e0       0x60 build/obj/ginput_mouse.o
                0x080056e0                _gmouseInitDriver
 .text._gmousePostInitDriver
                0x08005740       0x80 build/obj/ginput_mouse.o
                0x08005740                _gmousePostInitDriver
 .text._gmouseDeInitDriver
                0x080057c0       0x10 build/obj/ginput_mouse.o
                0x080057c0                _gmouseDeInitDriver
 .text.ginputGetMouse
                0x080057d0       0x20 build/obj/ginput_mouse.o
                0x080057d0                ginputGetMouse
 .text.ginputGetMouseStatus
                0x080057f0       0x50 build/obj/ginput_mouse.o
                0x080057f0                ginputGetMouseStatus
 .text._gmouseWakeup
                0x08005840       0x20 build/obj/ginput_mouse.o
                0x08005840                _gmouseWakeup
 .text.SDRAM_InitSequence
                0x08005860       0xb0 build/obj/stm32f429i_discovery_sdram.o
                0x08005860                SDRAM_InitSequence
 .text.SDRAM_Init
                0x08005910       0x80 build/obj/stm32f429i_discovery_sdram.o
                0x08005910                SDRAM_Init
 .text.FMC_SDRAMInit
                0x08005990       0xd0 build/obj/stm32f4xx_fmc.o
                0x08005990                FMC_SDRAMInit
 .text.FMC_SDRAMCmdConfig
                0x08005a60       0x20 build/obj/stm32f4xx_fmc.o
                0x08005a60                FMC_SDRAMCmdConfig
 .text.FMC_SetRefreshCount
                0x08005a80       0x10 build/obj/stm32f4xx_fmc.o
                0x08005a80                FMC_SetRefreshCount
 .text.FMC_GetFlagStatus
                0x08005a90       0x40 build/obj/stm32f4xx_fmc.o
                0x08005a90                FMC_GetFlagStatus
 .text.LTDC_LayerInit
                0x08005ad0      0x100 build/obj/gdisp_lld_STM32F429iDiscovery.o
 .text.gdisp_lld_draw_pixel
                0x08005bd0       0x30 build/obj/gdisp_lld_STM32F429iDiscovery.o
                0x08005bd0                gdisp_lld_draw_pixel
 .text.gdisp_lld_get_pixel_color
                0x08005c00       0x20 build/obj/gdisp_lld_STM32F429iDiscovery.o
                0x08005c00                gdisp_lld_get_pixel_color
 .text.LTDC_Reload
                0x08005c20       0x30 build/obj/gdisp_lld_STM32F429iDiscovery.o
 .text.gdisp_lld_init
                0x08005c50      0x1d0 build/obj/gdisp_lld_STM32F429iDiscovery.o
                0x08005c50                gdisp_lld_init
 .text.read_word.isra.2
                0x08005e20       0x50 build/obj/gmouse_lld_STMPE811.o
 .text.read_byte.isra.3
                0x08005e70       0x50 build/obj/gmouse_lld_STMPE811.o
 .text.write_reg.isra.4
                0x08005ec0       0x40 build/obj/gmouse_lld_STMPE811.o
 .text.read_xyz
                0x08005f00       0x90 build/obj/gmouse_lld_STMPE811.o
 .text.MouseInit
                0x08005f90       0xe0 build/obj/gmouse_lld_STMPE811.o
 .text.drawScreen
                0x08006070      0x1a0 build/obj/main.o
                0x08006070                drawScreen
 .text.memset   0x08006210       0x94 /usr/local/gcc-arm-none-eabi-4_8-2014q3/bin/../lib/gcc/arm-none-eabi/4.8.4/../../../../arm-none-eabi/lib/armv7e-m/libg.a(lib_a-memset.o)
                0x08006210                memset
 *(.rodata)
 *(.rodata.*)
 *fill*         0x080062a4        0xc 
 .rodata.str1.4
                0x080062b0        0x5 build/obj/chsys.o
                                  0x8 (size before relaxing)
 *fill*         0x080062b5        0xb 
 .rodata.ch_debug
                0x080062c0       0x18 build/obj/chregistry.o
                0x080062c0                ch_debug
 *fill*         0x080062d8        0x8 
 .rodata.zero_status
                0x080062e0        0x4 build/obj/usb.o
 *fill*         0x080062e4        0xc 
 .rodata.active_status
                0x080062f0        0x4 build/obj/usb.o
 *fill*         0x080062f4        0xc 
 .rodata.halted_status
                0x08006300        0x4 build/obj/usb.o
 *fill*         0x08006304        0xc 
 .rodata._stm32_dma_streams
                0x08006310       0xc0 build/obj/stm32_dma.o
                0x08006310                _stm32_dma_streams
 .rodata.hsparams
                0x080063d0        0xc build/obj/usb_lld.o
 *fill*         0x080063dc        0x4 
 .rodata.ep0config
                0x080063e0       0x24 build/obj/usb_lld.o
 *fill*         0x08006404        0xc 
 .rodata.pal_default_config
                0x08006410       0xfc build/obj/board.o
                0x08006410                pal_default_config
 *fill*         0x0800650c        0x4 
 .rodata.blks.7558
                0x08006510       0x80 build/obj/gdisp_gdisp.o
 .rodata.mf_rlefont_DejaVuSans12_aa_glyph_offsets_0
                0x08006590       0xc0 build/obj/mf_font.o
 .rodata.mf_rlefont_DejaVuSans12_aa_dictionary_offsets
                0x08006650       0xf4 build/obj/mf_font.o
 *fill*         0x08006744        0xc 
 .rodata.mf_rlefont_DejaVuSans24_aa
                0x08006750       0x30 build/obj/mf_font.o
                0x08006750                mf_rlefont_DejaVuSans24_aa
 .rodata.mf_rlefont_DejaVuSans24_aa_glyph_offsets_0
                0x08006780       0xc0 build/obj/mf_font.o
 .rodata.mf_rlefont_DejaVuSans12_aa_dictionary_data
                0x08006840      0x14c build/obj/mf_font.o
 *fill*         0x0800698c        0x4 
 .rodata.mf_rlefont_DejaVuSans24_aa_dictionary_offsets
                0x08006990      0x154 build/obj/mf_font.o
 *fill*         0x08006ae4        0xc 
 .rodata.mf_rlefont_DejaVuSans24_aa_char_ranges
                0x08006af0        0xc build/obj/mf_font.o
 *fill*         0x08006afc        0x4 
 .rodata.mf_rlefont_DejaVuSans12_aa_char_ranges
                0x08006b00        0xc build/obj/mf_font.o
 *fill*         0x08006b0c        0x4 
 .rodata.mf_rlefont_DejaVuSans24_aa_dictionary_data
                0x08006b10      0x254 build/obj/mf_font.o
 *fill*         0x08006d64        0xc 
 .rodata.str1.4
                0x08006d70       0x48 build/obj/mf_font.o
 *fill*         0x08006db8        0x8 
 .rodata.mf_rlefont_DejaVuSans12_aa_glyph_data_0
                0x08006dc0      0x818 build/obj/mf_font.o
 *fill*         0x080075d8        0x8 
 .rodata.mf_rlefont_DejaVuSans12_aa_listentry
                0x080075e0        0x8 build/obj/mf_font.o
 *fill*         0x080075e8        0x8 
 .rodata.mf_rlefont_DejaVuSans24_aa_listentry
                0x080075f0        0x8 build/obj/mf_font.o
 *fill*         0x080075f8        0x8 
 .rodata.mf_rlefont_DejaVuSans12_aa
                0x08007600       0x30 build/obj/mf_font.o
                0x08007600                mf_rlefont_DejaVuSans12_aa
 .rodata.mf_rlefont_DejaVuSans24_aa_glyph_data_0
                0x08007630     0x12c0 build/obj/mf_font.o
 .rodata.str1.4
                0x080088f0       0x38 build/obj/ginput_mouse.o
                                 0x3c (size before relaxing)
 *fill*         0x08008928        0x8 
 .rodata.driverCfg
                0x08008930       0x68 build/obj/gdisp_lld_STM32F429iDiscovery.o
 *fill*         0x08008998        0x8 
 .rodata.fmt2Bpp.8084
                0x080089a0        0x8 build/obj/gdisp_lld_STM32F429iDiscovery.o
 *fill*         0x080089a8        0x8 
 .rodata.initdata.8065
                0x080089b0       0xa0 build/obj/gdisp_lld_STM32F429iDiscovery.o
 .rodata.spi_cfg
                0x08008a50        0xc build/obj/gdisp_lld_STM32F429iDiscovery.o
 *fill*         0x08008a5c        0x4 
 .rodata.GDISPVMT_OnlyOne
                0x08008a60       0x60 build/obj/gdisp_lld_STM32F429iDiscovery.o
                0x08008a60                GDISPVMT_OnlyOne
 .rodata.GMOUSEVMT_OnlyOne
                0x08008ac0       0x3c build/obj/gmouse_lld_STMPE811.o
                0x08008ac0                GMOUSEVMT_OnlyOne
 *fill*         0x08008afc        0x4 
 .rodata.i2ccfg
                0x08008b00        0xc build/obj/gmouse_lld_STMPE811.o
 *fill*         0x08008b0c        0x4 
 .rodata.str1.4
                0x08008b10       0x3c build/obj/main.o
 *(.glue_7t)
 .glue_7t       0x00000000        0x0 linker stubs
 *(.glue_7)
 .glue_7        0x00000000        0x0 linker stubs
 *(.gcc*)

.vfp11_veneer   0x08008b4c        0x0
 .vfp11_veneer  0x00000000        0x0 linker stubs

.v4_bx          0x08008b4c        0x0
 .v4_bx         0x00000000        0x0 linker stubs

.iplt           0x08008b4c        0x0
 .iplt          0x00000000        0x0 build/obj/crt0.o

.rel.dyn        0x08008b4c        0x0
 .rel.iplt      0x00000000        0x0 build/obj/crt0.o

.ARM.extab
 *(.ARM.extab* .gnu.linkonce.armextab.*)

.ARM.exidx      0x08008b4c        0x0
                0x08008b4c                PROVIDE (__exidx_start, .)
 *(.ARM.exidx* .gnu.linkonce.armexidx.*)
                0x08008b4c                PROVIDE (__exidx_end, .)

.eh_frame_hdr
 *(.eh_frame_hdr)

.eh_frame
 *(.eh_frame)

.textalign      0x08008b4c        0x4
                0x08008b50                . = ALIGN (0x8)
 *fill*         0x08008b4c        0x4 
                0x08008b50                . = ALIGN (0x4)
                0x08008b50                _etext = .
                0x08008b50                _textdata = _etext

.stacks         0x20000000      0x800
                0x20000000                . = ALIGN (0x8)
                0x20000000                __main_stack_base__ = .
                0x20000400                . = (. + __main_stack_size__)
 *fill*         0x20000000      0x400 
                0x20000400                . = ALIGN (0x8)
                0x20000400                __main_stack_end__ = .
                0x20000400                __process_stack_base__ = .
                0x20000400                __main_thread_stack_base__ = .
                0x20000800                . = (. + __process_stack_size__)
 *fill*         0x20000400      0x400 
                0x20000800                . = ALIGN (0x8)
                0x20000800                __process_stack_end__ = .
                0x20000800                __main_thread_stack_end__ = .

.data           0x20000800        0x0 load address 0x08008b50
                0x20000800                . = ALIGN (0x4)
                0x20000800                PROVIDE (_data, .)
 *(.data)
                0x20000800                . = ALIGN (0x4)
 *(.data.*)
                0x20000800                . = ALIGN (0x4)
 *(.ramtext)
                0x20000800                . = ALIGN (0x4)
                0x20000800                PROVIDE (_edata, .)

.igot.plt       0x20000800        0x0 load address 0x08008b50
 .igot.plt      0x00000000        0x0 build/obj/crt0.o

.bss            0x20000800      0xfb4 load address 0x08008b50
                0x20000800                . = ALIGN (0x4)
                0x20000800                PROVIDE (_bss_start, .)
 *(.bss)
                0x20000800                . = ALIGN (0x4)
 *(.bss.*)
 .bss.HARDFAULT_PSP
                0x20000800        0x4 build/obj/vectors.o
                0x20000800                HARDFAULT_PSP
 .bss.mainthread.4797
                0x20000804       0x48 build/obj/chsys.o
 *fill*         0x2000084c        0x4 
 .bss._idle_thread_wa
                0x20000850       0xe0 build/obj/chsys.o
                0x20000850                _idle_thread_wa
 .bss.vtlist    0x20000930       0x10 build/obj/chvt.o
                0x20000930                vtlist
 .bss.rlist     0x20000940       0x1c build/obj/chschd.o
                0x20000940                rlist
 .bss.endmem    0x2000095c        0x4 build/obj/chmemcore.o
 .bss.nextmem   0x20000960        0x4 build/obj/chmemcore.o
 *fill*         0x20000964        0x4 
 .bss.default_heap
                0x20000968       0x20 build/obj/chheap.o
 .bss.dma_isr_redir
                0x20000988       0x80 build/obj/stm32_dma.o
 .bss.dma_streams_mask
                0x20000a08        0x4 build/obj/stm32_dma.o
 .bss.I2CD3     0x20000a0c       0x38 build/obj/i2c_lld.o
                0x20000a0c                I2CD3
 *fill*         0x20000a44        0x4 
 .bss.USBD2     0x20000a48      0x1d0 build/obj/usb_lld.o
                0x20000a48                USBD2
 .bss.ep0_state
                0x20000c18       0x14 build/obj/usb_lld.o
 .bss.ep0setup_buffer
                0x20000c2c        0x8 build/obj/usb_lld.o
 .bss.dummytx   0x20000c34        0x2 build/obj/spi_lld.o
 *fill*         0x20000c36        0x2 
 .bss.SPID5     0x20000c38       0x30 build/obj/spi_lld.o
                0x20000c38                SPID5
 .bss.dummyrx   0x20000c68        0x2 build/obj/spi_lld.o
 .bss.initDone  0x20000c6a        0x1 build/obj/gfx.o
 *fill*         0x20000c6b        0x1 
 .bss.dtail     0x20000c6c        0x4 build/obj/gdriver_gdriver.o
 .bss.dhead     0x20000c70        0x4 build/obj/gdriver_gdriver.o
 .bss.initDone  0x20000c74        0x1 build/obj/gdisp_gdisp.o
 *fill*         0x20000c75        0x3 
 .bss.GDISP     0x20000c78        0x4 build/obj/gdisp_gdisp.o
                0x20000c78                GDISP
 .bss.Assignments
                0x20000c7c      0x200 build/obj/gevent_gevent.o
 .bss.geventMutex
                0x20000e7c       0x10 build/obj/gevent_gevent.o
 .bss.mutex     0x20000e8c       0x10 build/obj/gtimer_gtimer.o
 .bss.hThread   0x20000e9c        0x4 build/obj/gtimer_gtimer.o
 .bss.waTimerThread
                0x20000ea0      0x8d0 build/obj/gtimer_gtimer.o
 .bss.pTimerHead
                0x20001770        0x4 build/obj/gtimer_gtimer.o
 .bss.waitsem   0x20001774       0x10 build/obj/gtimer_gtimer.o
 .bss.MouseTimer
                0x20001784       0x1c build/obj/ginput_mouse.o
 .bss.sindex.8056
                0x200017a0        0x1 build/obj/gdisp_lld_STM32F429iDiscovery.o
 .bss.sdata.8061
                0x200017a1        0x1 build/obj/gdisp_lld_STM32F429iDiscovery.o
 *fill*         0x200017a2        0x2 
 .bss.ev        0x200017a4       0x10 build/obj/main.o
                0x200017a4                ev
                0x200017b4                . = ALIGN (0x4)
 *(COMMON)
                0x200017b4                . = ALIGN (0x4)
                0x200017b4                PROVIDE (_bss_end, .)
                0x200017b4                PROVIDE (end, .)
                0x200017b4                _end = .
                0x200017b4                __heap_base__ = _end
                0x20030000                __heap_end__ = __ram_end__
START GROUP
LOAD /usr/local/gcc-arm-none-eabi-4_8-2014q3/bin/../lib/gcc/arm-none-eabi/4.8.4/armv7e-m/libgcc.a
LOAD /usr/local/gcc-arm-none-eabi-4_8-2014q3/bin/../lib/gcc/arm-none-eabi/4.8.4/../../../../arm-none-eabi/lib/armv7e-m/libg.a
LOAD /usr/local/gcc-arm-none-eabi-4_8-2014q3/bin/../lib/gcc/arm-none-eabi/4.8.4/../../../../arm-none-eabi/lib/armv7e-m/libc.a
END GROUP
OUTPUT(build/ch.elf elf32-littlearm)

.debug_info     0x00000000    0x200fd
 .debug_info    0x00000000      0x2b7 build/obj/crt0.o
 .debug_info    0x000002b7      0x207 build/obj/vectors.o
 .debug_info    0x000004be       0x92 build/obj/chcore.o
 .debug_info    0x00000550      0x7f2 build/obj/chcore_v7m.o
 .debug_info    0x00000d42      0x406 build/obj/nvic.o
 .debug_info    0x00001148      0x827 build/obj/chsys.o
 .debug_info    0x0000196f      0x203 build/obj/chvt.o
 .debug_info    0x00001b72      0x974 build/obj/chschd.o
 .debug_info    0x000024e6      0xbf2 build/obj/chthreads.o
 .debug_info    0x000030d8      0x88c build/obj/chdynamic.o
 .debug_info    0x00003964      0x629 build/obj/chregistry.o
 .debug_info    0x00003f8d      0xab8 build/obj/chsem.o
 .debug_info    0x00004a45      0x9d4 build/obj/chmtx.o
 .debug_info    0x00005419      0x221 build/obj/chmemcore.o
 .debug_info    0x0000563a      0x6fa build/obj/chheap.o
 .debug_info    0x00005d34      0x3c0 build/obj/hal.o
 .debug_info    0x000060f4      0xb9d build/obj/i2c.o
 .debug_info    0x00006c91     0x1de1 build/obj/serial_usb.o
 .debug_info    0x00008a72     0x10cb build/obj/spi.o
 .debug_info    0x00009b3d     0x1f36 build/obj/usb.o
 .debug_info    0x0000ba73      0xabe build/obj/stm32_dma.o
 .debug_info    0x0000c531      0x491 build/obj/hal_lld.o
 .debug_info    0x0000c9c2      0x704 build/obj/pal_lld.o
 .debug_info    0x0000d0c6     0x16ed build/obj/i2c_lld.o
 .debug_info    0x0000e7b3     0x2830 build/obj/usb_lld.o
 .debug_info    0x00010fe3      0xdd4 build/obj/spi_lld.o
 .debug_info    0x00011db7      0x1f4 build/obj/board.o
 .debug_info    0x00011fab      0x1b0 build/obj/gfx.o
 .debug_info    0x0001215b      0xb35 build/obj/gos_chibios.o
 .debug_info    0x00012c90      0x88e build/obj/gdriver_gdriver.o
 .debug_info    0x0001351e     0x2b94 build/obj/gdisp_gdisp.o
 .debug_info    0x000160b2      0x895 build/obj/gdisp_fonts.o
 .debug_info    0x00016947      0x11b build/obj/mf_encoding.o
 .debug_info    0x00016a62      0x6c5 build/obj/mf_font.o
 .debug_info    0x00017127      0x9a1 build/obj/mf_justify.o
 .debug_info    0x00017ac8      0xa51 build/obj/mf_rlefont.o
 .debug_info    0x00018519      0xb0c build/obj/gevent_gevent.o
 .debug_info    0x00019025      0xabc build/obj/gtimer_gtimer.o
 .debug_info    0x00019ae1       0xf4 build/obj/ginput_ginput.o
 .debug_info    0x00019bd5     0x1b77 build/obj/ginput_mouse.o
 .debug_info    0x0001b74c      0x768 build/obj/stm32f429i_discovery_sdram.o
 .debug_info    0x0001beb4      0xcab build/obj/stm32f4xx_fmc.o
 .debug_info    0x0001cb5f     0x1911 build/obj/gdisp_lld_STM32F429iDiscovery.o
 .debug_info    0x0001e470     0x1490 build/obj/gmouse_lld_STMPE811.o
 .debug_info    0x0001f900      0x7fd build/obj/main.o

.debug_abbrev   0x00000000     0x64fd
 .debug_abbrev  0x00000000       0xfd build/obj/crt0.o
 .debug_abbrev  0x000000fd       0xdf build/obj/vectors.o
 .debug_abbrev  0x000001dc       0x42 build/obj/chcore.o
 .debug_abbrev  0x0000021e      0x1b9 build/obj/chcore_v7m.o
 .debug_abbrev  0x000003d7      0x10e build/obj/nvic.o
 .debug_abbrev  0x000004e5      0x20e build/obj/chsys.o
 .debug_abbrev  0x000006f3      0x117 build/obj/chvt.o
 .debug_abbrev  0x0000080a      0x313 build/obj/chschd.o
 .debug_abbrev  0x00000b1d      0x34f build/obj/chthreads.o
 .debug_abbrev  0x00000e6c      0x22b build/obj/chdynamic.o
 .debug_abbrev  0x00001097      0x187 build/obj/chregistry.o
 .debug_abbrev  0x0000121e      0x310 build/obj/chsem.o
 .debug_abbrev  0x0000152e      0x2fa build/obj/chmtx.o
 .debug_abbrev  0x00001828      0x164 build/obj/chmemcore.o
 .debug_abbrev  0x0000198c      0x1e7 build/obj/chheap.o
 .debug_abbrev  0x00001b73      0x1c8 build/obj/hal.o
 .debug_abbrev  0x00001d3b      0x27b build/obj/i2c.o
 .debug_abbrev  0x00001fb6      0x3f7 build/obj/serial_usb.o
 .debug_abbrev  0x000023ad      0x276 build/obj/spi.o
 .debug_abbrev  0x00002623      0x420 build/obj/usb.o
 .debug_abbrev  0x00002a43      0x21f build/obj/stm32_dma.o
 .debug_abbrev  0x00002c62      0x12b build/obj/hal_lld.o
 .debug_abbrev  0x00002d8d      0x1aa build/obj/pal_lld.o
 .debug_abbrev  0x00002f37      0x3e6 build/obj/i2c_lld.o
 .debug_abbrev  0x0000331d      0x515 build/obj/usb_lld.o
 .debug_abbrev  0x00003832      0x304 build/obj/spi_lld.o
 .debug_abbrev  0x00003b36       0xe3 build/obj/board.o
 .debug_abbrev  0x00003c19       0xa2 build/obj/gfx.o
 .debug_abbrev  0x00003cbb      0x2a4 build/obj/gos_chibios.o
 .debug_abbrev  0x00003f5f      0x246 build/obj/gdriver_gdriver.o
 .debug_abbrev  0x000041a5      0x3f6 build/obj/gdisp_gdisp.o
 .debug_abbrev  0x0000459b      0x21e build/obj/gdisp_fonts.o
 .debug_abbrev  0x000047b9       0xb3 build/obj/mf_encoding.o
 .debug_abbrev  0x0000486c      0x1fe build/obj/mf_font.o
 .debug_abbrev  0x00004a6a      0x299 build/obj/mf_justify.o
 .debug_abbrev  0x00004d03      0x2c1 build/obj/mf_rlefont.o
 .debug_abbrev  0x00004fc4      0x27d build/obj/gevent_gevent.o
 .debug_abbrev  0x00005241      0x283 build/obj/gtimer_gtimer.o
 .debug_abbrev  0x000054c4       0x88 build/obj/ginput_ginput.o
 .debug_abbrev  0x0000554c      0x439 build/obj/ginput_mouse.o
 .debug_abbrev  0x00005985      0x1bc build/obj/stm32f429i_discovery_sdram.o
 .debug_abbrev  0x00005b41      0x1ae build/obj/stm32f4xx_fmc.o
 .debug_abbrev  0x00005cef      0x36e build/obj/gdisp_lld_STM32F429iDiscovery.o
 .debug_abbrev  0x0000605d      0x2be build/obj/gmouse_lld_STMPE811.o
 .debug_abbrev  0x0000631b      0x1e2 build/obj/main.o

.debug_loc      0x00000000     0xbc9b
 .debug_loc     0x00000000       0xde build/obj/crt0.o
 .debug_loc     0x000000de       0x5a build/obj/chcore_v7m.o
 .debug_loc     0x00000138      0x159 build/obj/nvic.o
 .debug_loc     0x00000291       0x31 build/obj/chsys.o
 .debug_loc     0x000002c2       0x67 build/obj/chvt.o
 .debug_loc     0x00000329      0x2d2 build/obj/chschd.o
 .debug_loc     0x000005fb      0x419 build/obj/chthreads.o
 .debug_loc     0x00000a14      0x1b8 build/obj/chdynamic.o
 .debug_loc     0x00000bcc       0x3f build/obj/chregistry.o
 .debug_loc     0x00000c0b      0x4d4 build/obj/chsem.o
 .debug_loc     0x000010df      0x407 build/obj/chmtx.o
 .debug_loc     0x000014e6       0xcc build/obj/chmemcore.o
 .debug_loc     0x000015b2      0x3ae build/obj/chheap.o
 .debug_loc     0x00001960       0x9d build/obj/hal.o
 .debug_loc     0x000019fd      0x205 build/obj/i2c.o
 .debug_loc     0x00001c02      0x6e2 build/obj/serial_usb.o
 .debug_loc     0x000022e4      0x468 build/obj/spi.o
 .debug_loc     0x0000274c      0xc1c build/obj/usb.o
 .debug_loc     0x00003368      0x279 build/obj/stm32_dma.o
 .debug_loc     0x000035e1      0x1b2 build/obj/pal_lld.o
 .debug_loc     0x00003793      0x6bb build/obj/i2c_lld.o
 .debug_loc     0x00003e4e      0xfbc build/obj/usb_lld.o
 .debug_loc     0x00004e0a      0x26a build/obj/spi_lld.o
 .debug_loc     0x00005074      0x431 build/obj/gos_chibios.o
 .debug_loc     0x000054a5      0x398 build/obj/gdriver_gdriver.o
 .debug_loc     0x0000583d     0x2ac8 build/obj/gdisp_gdisp.o
 .debug_loc     0x00008305      0x1da build/obj/gdisp_fonts.o
 .debug_loc     0x000084df       0x21 build/obj/mf_encoding.o
 .debug_loc     0x00008500      0x1c9 build/obj/mf_font.o
 .debug_loc     0x000086c9      0x913 build/obj/mf_justify.o
 .debug_loc     0x00008fdc      0x9c6 build/obj/mf_rlefont.o
 .debug_loc     0x000099a2      0x51e build/obj/gevent_gevent.o
 .debug_loc     0x00009ec0      0x2cb build/obj/gtimer_gtimer.o
 .debug_loc     0x0000a18b      0xae3 build/obj/ginput_mouse.o
 .debug_loc     0x0000ac6e      0x12f build/obj/stm32f429i_discovery_sdram.o
 .debug_loc     0x0000ad9d      0x8ba build/obj/stm32f4xx_fmc.o
 .debug_loc     0x0000b657      0x360 build/obj/gdisp_lld_STM32F429iDiscovery.o
 .debug_loc     0x0000b9b7      0x1e6 build/obj/gmouse_lld_STMPE811.o
 .debug_loc     0x0000bb9d       0xfe build/obj/main.o

.debug_aranges  0x00000000     0x1040
 .debug_aranges
                0x00000000       0x38 build/obj/crt0.o
 .debug_aranges
                0x00000038       0x28 build/obj/vectors.o
 .debug_aranges
                0x00000060       0x20 build/obj/chcore.o
 .debug_aranges
                0x00000080       0x50 build/obj/chcore_v7m.o
 .debug_aranges
                0x000000d0       0x30 build/obj/nvic.o
 .debug_aranges
                0x00000100       0x30 build/obj/chsys.o
 .debug_aranges
                0x00000130       0x30 build/obj/chvt.o
 .debug_aranges
                0x00000160       0x68 build/obj/chschd.o
 .debug_aranges
                0x000001c8       0x78 build/obj/chthreads.o
 .debug_aranges
                0x00000240       0x38 build/obj/chdynamic.o
 .debug_aranges
                0x00000278       0x28 build/obj/chregistry.o
 .debug_aranges
                0x000002a0       0x70 build/obj/chsem.o
 .debug_aranges
                0x00000310       0x58 build/obj/chmtx.o
 .debug_aranges
                0x00000368       0x38 build/obj/chmemcore.o
 .debug_aranges
                0x000003a0       0x40 build/obj/chheap.o
 .debug_aranges
                0x000003e0       0x30 build/obj/hal.o
 .debug_aranges
                0x00000410       0x60 build/obj/i2c.o
 .debug_aranges
                0x00000470       0xb0 build/obj/serial_usb.o
 .debug_aranges
                0x00000520       0x98 build/obj/spi.o
 .debug_aranges
                0x000005b8       0xa8 build/obj/usb.o
 .debug_aranges
                0x00000660       0xb0 build/obj/stm32_dma.o
 .debug_aranges
                0x00000710       0x28 build/obj/hal_lld.o
 .debug_aranges
                0x00000738       0x28 build/obj/pal_lld.o
 .debug_aranges
                0x00000760       0x70 build/obj/i2c_lld.o
 .debug_aranges
                0x000007d0       0xd0 build/obj/usb_lld.o
 .debug_aranges
                0x000008a0       0x78 build/obj/spi_lld.o
 .debug_aranges
                0x00000918       0x28 build/obj/board.o
 .debug_aranges
                0x00000940       0x28 build/obj/gfx.o
 .debug_aranges
                0x00000968       0x78 build/obj/gos_chibios.o
 .debug_aranges
                0x000009e0       0x58 build/obj/gdriver_gdriver.o
 .debug_aranges
                0x00000a38      0x160 build/obj/gdisp_gdisp.o
 .debug_aranges
                0x00000b98       0x40 build/obj/gdisp_fonts.o
 .debug_aranges
                0x00000bd8       0x28 build/obj/mf_encoding.o
 .debug_aranges
                0x00000c00       0x38 build/obj/mf_font.o
 .debug_aranges
                0x00000c38       0x40 build/obj/mf_justify.o
 .debug_aranges
                0x00000c78       0x40 build/obj/mf_rlefont.o
 .debug_aranges
                0x00000cb8       0x88 build/obj/gevent_gevent.o
 .debug_aranges
                0x00000d40       0x68 build/obj/gtimer_gtimer.o
 .debug_aranges
                0x00000da8       0x28 build/obj/ginput_ginput.o
 .debug_aranges
                0x00000dd0       0xa0 build/obj/ginput_mouse.o
 .debug_aranges
                0x00000e70       0x38 build/obj/stm32f429i_discovery_sdram.o
 .debug_aranges
                0x00000ea8       0xf0 build/obj/stm32f4xx_fmc.o
 .debug_aranges
                0x00000f98       0x40 build/obj/gdisp_lld_STM32F429iDiscovery.o
 .debug_aranges
                0x00000fd8       0x40 build/obj/gmouse_lld_STMPE811.o
 .debug_aranges
                0x00001018       0x28 build/obj/main.o

.debug_ranges   0x00000000     0x1e98
 .debug_ranges  0x00000000       0x58 build/obj/crt0.o
 .debug_ranges  0x00000058       0x18 build/obj/vectors.o
 .debug_ranges  0x00000070       0x10 build/obj/chcore.o
 .debug_ranges  0x00000080       0x58 build/obj/chcore_v7m.o
 .debug_ranges  0x000000d8       0x20 build/obj/nvic.o
 .debug_ranges  0x000000f8       0x38 build/obj/chsys.o
 .debug_ranges  0x00000130       0x20 build/obj/chvt.o
 .debug_ranges  0x00000150      0x160 build/obj/chschd.o
 .debug_ranges  0x000002b0      0x120 build/obj/chthreads.o
 .debug_ranges  0x000003d0       0x28 build/obj/chdynamic.o
 .debug_ranges  0x000003f8       0x18 build/obj/chregistry.o
 .debug_ranges  0x00000410      0x108 build/obj/chsem.o
 .debug_ranges  0x00000518      0x168 build/obj/chmtx.o
 .debug_ranges  0x00000680       0x28 build/obj/chmemcore.o
 .debug_ranges  0x000006a8       0x30 build/obj/chheap.o
 .debug_ranges  0x000006d8       0x38 build/obj/hal.o
 .debug_ranges  0x00000710       0x80 build/obj/i2c.o
 .debug_ranges  0x00000790       0xd0 build/obj/serial_usb.o
 .debug_ranges  0x00000860      0x100 build/obj/spi.o
 .debug_ranges  0x00000960      0x188 build/obj/usb.o
 .debug_ranges  0x00000ae8       0xa0 build/obj/stm32_dma.o
 .debug_ranges  0x00000b88       0x30 build/obj/hal_lld.o
 .debug_ranges  0x00000bb8      0x108 build/obj/pal_lld.o
 .debug_ranges  0x00000cc0      0x120 build/obj/i2c_lld.o
 .debug_ranges  0x00000de0      0x2a8 build/obj/usb_lld.o
 .debug_ranges  0x00001088       0x68 build/obj/spi_lld.o
 .debug_ranges  0x000010f0       0x18 build/obj/board.o
 .debug_ranges  0x00001108       0x18 build/obj/gfx.o
 .debug_ranges  0x00001120       0x68 build/obj/gos_chibios.o
 .debug_ranges  0x00001188       0x48 build/obj/gdriver_gdriver.o
 .debug_ranges  0x000011d0      0x5e8 build/obj/gdisp_gdisp.o
 .debug_ranges  0x000017b8       0x30 build/obj/gdisp_fonts.o
 .debug_ranges  0x000017e8       0x18 build/obj/mf_encoding.o
 .debug_ranges  0x00001800       0x28 build/obj/mf_font.o
 .debug_ranges  0x00001828       0x48 build/obj/mf_justify.o
 .debug_ranges  0x00001870      0x118 build/obj/mf_rlefont.o
 .debug_ranges  0x00001988       0x78 build/obj/gevent_gevent.o
 .debug_ranges  0x00001a00       0x58 build/obj/gtimer_gtimer.o
 .debug_ranges  0x00001a58       0x18 build/obj/ginput_ginput.o
 .debug_ranges  0x00001a70      0x1b8 build/obj/ginput_mouse.o
 .debug_ranges  0x00001c28       0x28 build/obj/stm32f429i_discovery_sdram.o
 .debug_ranges  0x00001c50       0xe0 build/obj/stm32f4xx_fmc.o
 .debug_ranges  0x00001d30       0xe8 build/obj/gdisp_lld_STM32F429iDiscovery.o
 .debug_ranges  0x00001e18       0x68 build/obj/gmouse_lld_STMPE811.o
 .debug_ranges  0x00001e80       0x18 build/obj/main.o

.debug_line     0x00000000     0x933d
 .debug_line    0x00000000      0x15d build/obj/crt0.o
 .debug_line    0x0000015d      0x114 build/obj/vectors.o
 .debug_line    0x00000271       0x53 build/obj/chcore.o
 .debug_line    0x000002c4      0x232 build/obj/chcore_v7m.o
 .debug_line    0x000004f6      0x13e build/obj/nvic.o
 .debug_line    0x00000634      0x23d build/obj/chsys.o
 .debug_line    0x00000871      0x177 build/obj/chvt.o
 .debug_line    0x000009e8      0x389 build/obj/chschd.o
 .debug_line    0x00000d71      0x3e4 build/obj/chthreads.o
 .debug_line    0x00001155      0x25c build/obj/chdynamic.o
 .debug_line    0x000013b1      0x20c build/obj/chregistry.o
 .debug_line    0x000015bd      0x338 build/obj/chsem.o
 .debug_line    0x000018f5      0x354 build/obj/chmtx.o
 .debug_line    0x00001c49      0x19a build/obj/chmemcore.o
 .debug_line    0x00001de3      0x2b0 build/obj/chheap.o
 .debug_line    0x00002093      0x29b build/obj/hal.o
 .debug_line    0x0000232e      0x338 build/obj/i2c.o
 .debug_line    0x00002666      0x474 build/obj/serial_usb.o
 .debug_line    0x00002ada      0x3ec build/obj/spi.o
 .debug_line    0x00002ec6      0x58f build/obj/usb.o
 .debug_line    0x00003455      0x3ee build/obj/stm32_dma.o
 .debug_line    0x00003843      0x206 build/obj/hal_lld.o
 .debug_line    0x00003a49      0x215 build/obj/pal_lld.o
 .debug_line    0x00003c5e      0x5d9 build/obj/i2c_lld.o
 .debug_line    0x00004237      0x7e9 build/obj/usb_lld.o
 .debug_line    0x00004a20      0x468 build/obj/spi_lld.o
 .debug_line    0x00004e88      0x1a9 build/obj/board.o
 .debug_line    0x00005031      0x173 build/obj/gfx.o
 .debug_line    0x000051a4      0x35e build/obj/gos_chibios.o
 .debug_line    0x00005502      0x324 build/obj/gdriver_gdriver.o
 .debug_line    0x00005826      0xb6a build/obj/gdisp_gdisp.o
 .debug_line    0x00006390      0x2e2 build/obj/gdisp_fonts.o
 .debug_line    0x00006672      0x15d build/obj/mf_encoding.o
 .debug_line    0x000067cf      0x202 build/obj/mf_font.o
 .debug_line    0x000069d1      0x260 build/obj/mf_justify.o
 .debug_line    0x00006c31      0x2b6 build/obj/mf_rlefont.o
 .debug_line    0x00006ee7      0x382 build/obj/gevent_gevent.o
 .debug_line    0x00007269      0x389 build/obj/gtimer_gtimer.o
 .debug_line    0x000075f2      0x143 build/obj/ginput_ginput.o
 .debug_line    0x00007735      0x75f build/obj/ginput_mouse.o
 .debug_line    0x00007e94      0x2f5 build/obj/stm32f429i_discovery_sdram.o
 .debug_line    0x00008189      0x5c6 build/obj/stm32f4xx_fmc.o
 .debug_line    0x0000874f      0x534 build/obj/gdisp_lld_STM32F429iDiscovery.o
 .debug_line    0x00008c83      0x477 build/obj/gmouse_lld_STMPE811.o
 .debug_line    0x000090fa      0x243 build/obj/main.o

.debug_str      0x00000000     0x51ef
 .debug_str     0x00000000      0x2b4 build/obj/crt0.o
                                0x2ff (size before relaxing)
 .debug_str     0x000002b4      0x1bf build/obj/vectors.o
                                0x351 (size before relaxing)
 .debug_str     0x00000473       0x2d build/obj/chcore.o
                                0x1e8 (size before relaxing)
 .debug_str     0x000004a0      0x2d7 build/obj/chcore_v7m.o
                                0x4dc (size before relaxing)
 .debug_str     0x00000777       0x96 build/obj/nvic.o
                                0x2f2 (size before relaxing)
 .debug_str     0x0000080d      0x209 build/obj/chsys.o
                                0x5ca (size before relaxing)
 .debug_str     0x00000a16       0x36 build/obj/chvt.o
                                0x273 (size before relaxing)
 .debug_str     0x00000a4c       0xd5 build/obj/chschd.o
                                0x4e9 (size before relaxing)
 .debug_str     0x00000b21       0xd3 build/obj/chthreads.o
                                0x554 (size before relaxing)
 .debug_str     0x00000bf4      0x113 build/obj/chdynamic.o
                                0x4d6 (size before relaxing)
 .debug_str     0x00000d07       0x42 build/obj/chregistry.o
                                0x4e2 (size before relaxing)
 .debug_str     0x00000d49       0xc8 build/obj/chsem.o
                                0x4cd (size before relaxing)
 .debug_str     0x00000e11       0x91 build/obj/chmtx.o
                                0x46e (size before relaxing)
 .debug_str     0x00000ea2       0x70 build/obj/chmemcore.o
                                0x268 (size before relaxing)
 .debug_str     0x00000f12       0x48 build/obj/chheap.o
                                0x45d (size before relaxing)
 .debug_str     0x00000f5a      0x177 build/obj/hal.o
                                0x375 (size before relaxing)
 .debug_str     0x000010d1      0x33b build/obj/i2c.o
                                0x6f8 (size before relaxing)
 .debug_str     0x0000140c      0x93f build/obj/serial_usb.o
                                0xd57 (size before relaxing)
 .debug_str     0x00001d4b      0x242 build/obj/spi.o
                                0x72a (size before relaxing)
 .debug_str     0x00001f8d      0x2b0 build/obj/usb.o
                                0xd7d (size before relaxing)
 .debug_str     0x0000223d      0x7a6 build/obj/stm32_dma.o
                                0xa9d (size before relaxing)
 .debug_str     0x000029e3       0xbe build/obj/hal_lld.o
                                0x41c (size before relaxing)
 .debug_str     0x00002aa1       0x77 build/obj/pal_lld.o
                                0x47a (size before relaxing)
 .debug_str     0x00002b18      0x12d build/obj/i2c_lld.o
                                0xeee (size before relaxing)
 .debug_str     0x00002c45      0x204 build/obj/usb_lld.o
                                0xffc (size before relaxing)
 .debug_str     0x00002e49       0x97 build/obj/spi_lld.o
                                0x7ca (size before relaxing)
 .debug_str     0x00002ee0       0x2d build/obj/board.o
                                0x2d7 (size before relaxing)
 .debug_str     0x00002f0d       0xc6 build/obj/gfx.o
                                0x2a7 (size before relaxing)
 .debug_str     0x00002fd3      0x129 build/obj/gos_chibios.o
                                0x63c (size before relaxing)
 .debug_str     0x000030fc       0xff build/obj/gdriver_gdriver.o
                                0x54d (size before relaxing)
 .debug_str     0x000031fb      0x6ca build/obj/gdisp_gdisp.o
                                0xbd7 (size before relaxing)
 .debug_str     0x000038c5       0xe7 build/obj/gdisp_fonts.o
                                0x5c2 (size before relaxing)
 .debug_str     0x000039ac       0x40 build/obj/mf_encoding.o
                                0x229 (size before relaxing)
 .debug_str     0x000039ec      0x2f3 build/obj/mf_font.o
                                0x662 (size before relaxing)
 .debug_str     0x00003cdf       0xa4 build/obj/mf_justify.o
                                0x44d (size before relaxing)
 .debug_str     0x00003d83      0x140 build/obj/mf_rlefont.o
                                0x518 (size before relaxing)
 .debug_str     0x00003ec3      0x1d5 build/obj/gevent_gevent.o
                                0x623 (size before relaxing)
 .debug_str     0x00004098      0x110 build/obj/gtimer_gtimer.o
                                0x641 (size before relaxing)
 .debug_str     0x000041a8       0x40 build/obj/ginput_ginput.o
                                0x234 (size before relaxing)
 .debug_str     0x000041e8      0x297 build/obj/ginput_mouse.o
                                0xa2e (size before relaxing)
 .debug_str     0x0000447f      0x389 build/obj/stm32f429i_discovery_sdram.o
                                0x6c0 (size before relaxing)
 .debug_str     0x00004808      0x684 build/obj/stm32f4xx_fmc.o
                                0xb10 (size before relaxing)
 .debug_str     0x00004e8c      0x2cf build/obj/gdisp_lld_STM32F429iDiscovery.o
                                0xc0e (size before relaxing)
 .debug_str     0x0000515b       0x82 build/obj/gmouse_lld_STMPE811.o
                                0x8bc (size before relaxing)
 .debug_str     0x000051dd       0x12 build/obj/main.o
                                0x3d6 (size before relaxing)

.comment        0x00000000       0x70
 .comment       0x00000000       0x70 build/obj/crt0.o
                                 0x71 (size before relaxing)
 .comment       0x00000000       0x71 build/obj/vectors.o
 .comment       0x00000000       0x71 build/obj/chcore.o
 .comment       0x00000000       0x71 build/obj/chcore_v7m.o
 .comment       0x00000000       0x71 build/obj/nvic.o
 .comment       0x00000000       0x71 build/obj/chsys.o
 .comment       0x00000000       0x71 build/obj/chvt.o
 .comment       0x00000000       0x71 build/obj/chschd.o
 .comment       0x00000000       0x71 build/obj/chthreads.o
 .comment       0x00000000       0x71 build/obj/chdynamic.o
 .comment       0x00000000       0x71 build/obj/chregistry.o
 .comment       0x00000000       0x71 build/obj/chsem.o
 .comment       0x00000000       0x71 build/obj/chmtx.o
 .comment       0x00000000       0x71 build/obj/chmemcore.o
 .comment       0x00000000       0x71 build/obj/chheap.o
 .comment       0x00000000       0x71 build/obj/hal.o
 .comment       0x00000000       0x71 build/obj/i2c.o
 .comment       0x00000000       0x71 build/obj/serial_usb.o
 .comment       0x00000000       0x71 build/obj/spi.o
 .comment       0x00000000       0x71 build/obj/usb.o
 .comment       0x00000000       0x71 build/obj/stm32_dma.o
 .comment       0x00000000       0x71 build/obj/hal_lld.o
 .comment       0x00000000       0x71 build/obj/pal_lld.o
 .comment       0x00000000       0x71 build/obj/i2c_lld.o
 .comment       0x00000000       0x71 build/obj/usb_lld.o
 .comment       0x00000000       0x71 build/obj/spi_lld.o
 .comment       0x00000000       0x71 build/obj/board.o
 .comment       0x00000000       0x71 build/obj/gfx.o
 .comment       0x00000000       0x71 build/obj/gos_chibios.o
 .comment       0x00000000       0x71 build/obj/gdriver_gdriver.o
 .comment       0x00000000       0x71 build/obj/gdisp_gdisp.o
 .comment       0x00000000       0x71 build/obj/gdisp_fonts.o
 .comment       0x00000000       0x71 build/obj/mf_encoding.o
 .comment       0x00000000       0x71 build/obj/mf_font.o
 .comment       0x00000000       0x71 build/obj/mf_justify.o
 .comment       0x00000000       0x71 build/obj/mf_rlefont.o
 .comment       0x00000000       0x71 build/obj/gevent_gevent.o
 .comment       0x00000000       0x71 build/obj/gtimer_gtimer.o
 .comment       0x00000000       0x71 build/obj/ginput_ginput.o
 .comment       0x00000000       0x71 build/obj/ginput_mouse.o
 .comment       0x00000000       0x71 build/obj/stm32f429i_discovery_sdram.o
 .comment       0x00000000       0x71 build/obj/stm32f4xx_fmc.o
 .comment       0x00000000       0x71 build/obj/gdisp_lld_STM32F429iDiscovery.o
 .comment       0x00000000       0x71 build/obj/gmouse_lld_STMPE811.o
 .comment       0x00000000       0x71 build/obj/main.o

.ARM.attributes
                0x00000000       0x31
 .ARM.attributes
                0x00000000       0x33 build/obj/crt0.o
 .ARM.attributes
                0x00000033       0x33 build/obj/vectors.o
 .ARM.attributes
                0x00000066       0x33 build/obj/chcore.o
 .ARM.attributes
                0x00000099       0x33 build/obj/chcore_v7m.o
 .ARM.attributes
                0x000000cc       0x33 build/obj/nvic.o
 .ARM.attributes
                0x000000ff       0x33 build/obj/chsys.o
 .ARM.attributes
                0x00000132       0x33 build/obj/chvt.o
 .ARM.attributes
                0x00000165       0x33 build/obj/chschd.o
 .ARM.attributes
                0x00000198       0x33 build/obj/chthreads.o
 .ARM.attributes
                0x000001cb       0x33 build/obj/chdynamic.o
 .ARM.attributes
                0x000001fe       0x33 build/obj/chregistry.o
 .ARM.attributes
                0x00000231       0x33 build/obj/chsem.o
 .ARM.attributes
                0x00000264       0x33 build/obj/chmtx.o
 .ARM.attributes
                0x00000297       0x33 build/obj/chmemcore.o
 .ARM.attributes
                0x000002ca       0x33 build/obj/chheap.o
 .ARM.attributes
                0x000002fd       0x33 build/obj/hal.o
 .ARM.attributes
                0x00000330       0x33 build/obj/i2c.o
 .ARM.attributes
                0x00000363       0x33 build/obj/serial_usb.o
 .ARM.attributes
                0x00000396       0x33 build/obj/spi.o
 .ARM.attributes
                0x000003c9       0x33 build/obj/usb.o
 .ARM.attributes
                0x000003fc       0x33 build/obj/stm32_dma.o
 .ARM.attributes
                0x0000042f       0x33 build/obj/hal_lld.o
 .ARM.attributes
                0x00000462       0x33 build/obj/pal_lld.o
 .ARM.attributes
                0x00000495       0x33 build/obj/i2c_lld.o
 .ARM.attributes
                0x000004c8       0x33 build/obj/usb_lld.o
 .ARM.attributes
                0x000004fb       0x33 build/obj/spi_lld.o
 .ARM.attributes
                0x0000052e       0x33 build/obj/board.o
 .ARM.attributes
                0x00000561       0x33 build/obj/gfx.o
 .ARM.attributes
                0x00000594       0x33 build/obj/gos_chibios.o
 .ARM.attributes
                0x000005c7       0x33 build/obj/gdriver_gdriver.o
 .ARM.attributes
                0x000005fa       0x33 build/obj/gdisp_gdisp.o
 .ARM.attributes
                0x0000062d       0x33 build/obj/gdisp_fonts.o
 .ARM.attributes
                0x00000660       0x33 build/obj/mf_encoding.o
 .ARM.attributes
                0x00000693       0x33 build/obj/mf_font.o
 .ARM.attributes
                0x000006c6       0x33 build/obj/mf_justify.o
 .ARM.attributes
                0x000006f9       0x33 build/obj/mf_rlefont.o
 .ARM.attributes
                0x0000072c       0x33 build/obj/gevent_gevent.o
 .ARM.attributes
                0x0000075f       0x33 build/obj/gtimer_gtimer.o
 .ARM.attributes
                0x00000792       0x33 build/obj/ginput_ginput.o
 .ARM.attributes
                0x000007c5       0x33 build/obj/ginput_mouse.o
 .ARM.attributes
                0x000007f8       0x33 build/obj/stm32f429i_discovery_sdram.o
 .ARM.attributes
                0x0000082b       0x33 build/obj/stm32f4xx_fmc.o
 .ARM.attributes
                0x0000085e       0x33 build/obj/gdisp_lld_STM32F429iDiscovery.o
 .ARM.attributes
                0x00000891       0x33 build/obj/gmouse_lld_STMPE811.o
 .ARM.attributes
                0x000008c4       0x33 build/obj/main.o
 .ARM.attributes
                0x000008f7       0x1e /usr/local/gcc-arm-none-eabi-4_8-2014q3/bin/../lib/gcc/arm-none-eabi/4.8.4/armv7e-m/libgcc.a(_arm_addsubsf3.o)
 .ARM.attributes
                0x00000915       0x1e /usr/local/gcc-arm-none-eabi-4_8-2014q3/bin/../lib/gcc/arm-none-eabi/4.8.4/armv7e-m/libgcc.a(_arm_muldivsf3.o)
 .ARM.attributes
                0x00000933       0x1e /usr/local/gcc-arm-none-eabi-4_8-2014q3/bin/../lib/gcc/arm-none-eabi/4.8.4/armv7e-m/libgcc.a(_arm_fixsfsi.o)
 .ARM.attributes
                0x00000951       0x2e /usr/local/gcc-arm-none-eabi-4_8-2014q3/bin/../lib/gcc/arm-none-eabi/4.8.4/../../../../arm-none-eabi/lib/armv7e-m/libg.a(lib_a-memset.o)

.debug_frame    0x00000000     0x2b84
 .debug_frame   0x00000000       0x50 build/obj/crt0.o
 .debug_frame   0x00000050       0x30 build/obj/vectors.o
 .debug_frame   0x00000080       0x20 build/obj/chcore.o
 .debug_frame   0x000000a0       0x98 build/obj/chcore_v7m.o
 .debug_frame   0x00000138       0x64 build/obj/nvic.o
 .debug_frame   0x0000019c       0x5c build/obj/chsys.o
 .debug_frame   0x000001f8       0x4c build/obj/chvt.o
 .debug_frame   0x00000244      0x108 build/obj/chschd.o
 .debug_frame   0x0000034c      0x184 build/obj/chthreads.o
 .debug_frame   0x000004d0       0x80 build/obj/chdynamic.o
 .debug_frame   0x00000550       0x3c build/obj/chregistry.o
 .debug_frame   0x0000058c      0x130 build/obj/chsem.o
 .debug_frame   0x000006bc       0xdc build/obj/chmtx.o
 .debug_frame   0x00000798       0x50 build/obj/chmemcore.o
 .debug_frame   0x000007e8       0x98 build/obj/chheap.o
 .debug_frame   0x00000880       0x4c build/obj/hal.o
 .debug_frame   0x000008cc       0xe8 build/obj/i2c.o
 .debug_frame   0x000009b4      0x1b4 build/obj/serial_usb.o
 .debug_frame   0x00000b68      0x1a8 build/obj/spi.o
 .debug_frame   0x00000d10      0x204 build/obj/usb.o
 .debug_frame   0x00000f14      0x230 build/obj/stm32_dma.o
 .debug_frame   0x00001144       0x44 build/obj/hal_lld.o
 .debug_frame   0x00001188       0x68 build/obj/pal_lld.o
 .debug_frame   0x000011f0      0x18c build/obj/i2c_lld.o
 .debug_frame   0x0000137c      0x278 build/obj/usb_lld.o
 .debug_frame   0x000015f4      0x138 build/obj/spi_lld.o
 .debug_frame   0x0000172c       0x30 build/obj/board.o
 .debug_frame   0x0000175c       0x48 build/obj/gfx.o
 .debug_frame   0x000017a4      0x110 build/obj/gos_chibios.o
 .debug_frame   0x000018b4       0xd4 build/obj/gdriver_gdriver.o
 .debug_frame   0x00001988      0x55c build/obj/gdisp_gdisp.o
 .debug_frame   0x00001ee4       0x88 build/obj/gdisp_fonts.o
 .debug_frame   0x00001f6c       0x30 build/obj/mf_encoding.o
 .debug_frame   0x00001f9c       0x84 build/obj/mf_font.o
 .debug_frame   0x00002020       0xe4 build/obj/mf_justify.o
 .debug_frame   0x00002104       0xc8 build/obj/mf_rlefont.o
 .debug_frame   0x000021cc      0x194 build/obj/gevent_gevent.o
 .debug_frame   0x00002360      0x10c build/obj/gtimer_gtimer.o
 .debug_frame   0x0000246c       0x30 build/obj/ginput_ginput.o
 .debug_frame   0x0000249c      0x1ec build/obj/ginput_mouse.o
 .debug_frame   0x00002688       0x94 build/obj/stm32f429i_discovery_sdram.o
 .debug_frame   0x0000271c      0x278 build/obj/stm32f4xx_fmc.o
 .debug_frame   0x00002994       0xac build/obj/gdisp_lld_STM32F429iDiscovery.o
 .debug_frame   0x00002a40       0xa8 build/obj/gmouse_lld_STMPE811.o
 .debug_frame   0x00002ae8       0x70 build/obj/main.o
 .debug_frame   0x00002b58       0x2c /usr/local/gcc-arm-none-eabi-4_8-2014q3/bin/../lib/gcc/arm-none-eabi/4.8.4/../../../../arm-none-eabi/lib/armv7e-m/libg.a(lib_a-memset.o)

Cross Reference Table

Symbol                                            File
BusFaultVector                                    build/obj/vectors.o
DebugMonitorVector                                build/obj/vectors.o
FMC_ClearFlag                                     build/obj/stm32f4xx_fmc.o
FMC_ClearITPendingBit                             build/obj/stm32f4xx_fmc.o
FMC_GetECC                                        build/obj/stm32f4xx_fmc.o
FMC_GetFlagStatus                                 build/obj/stm32f4xx_fmc.o
                                                  build/obj/stm32f429i_discovery_sdram.o
FMC_GetITStatus                                   build/obj/stm32f4xx_fmc.o
FMC_GetModeStatus                                 build/obj/stm32f4xx_fmc.o
FMC_ITConfig                                      build/obj/stm32f4xx_fmc.o
FMC_NANDCmd                                       build/obj/stm32f4xx_fmc.o
FMC_NANDDeInit                                    build/obj/stm32f4xx_fmc.o
FMC_NANDECCCmd                                    build/obj/stm32f4xx_fmc.o
FMC_NANDInit                                      build/obj/stm32f4xx_fmc.o
FMC_NANDStructInit                                build/obj/stm32f4xx_fmc.o
FMC_NORSRAMCmd                                    build/obj/stm32f4xx_fmc.o
FMC_NORSRAMDeInit                                 build/obj/stm32f4xx_fmc.o
FMC_NORSRAMInit                                   build/obj/stm32f4xx_fmc.o
FMC_NORSRAMStructInit                             build/obj/stm32f4xx_fmc.o
FMC_PCCARDCmd                                     build/obj/stm32f4xx_fmc.o
FMC_PCCARDDeInit                                  build/obj/stm32f4xx_fmc.o
FMC_PCCARDInit                                    build/obj/stm32f4xx_fmc.o
FMC_PCCARDStructInit                              build/obj/stm32f4xx_fmc.o
FMC_SDRAMCmdConfig                                build/obj/stm32f4xx_fmc.o
                                                  build/obj/stm32f429i_discovery_sdram.o
FMC_SDRAMDeInit                                   build/obj/stm32f4xx_fmc.o
FMC_SDRAMInit                                     build/obj/stm32f4xx_fmc.o
                                                  build/obj/stm32f429i_discovery_sdram.o
FMC_SDRAMStructInit                               build/obj/stm32f4xx_fmc.o
FMC_SDRAMWriteProtectionConfig                    build/obj/stm32f4xx_fmc.o
                                                  build/obj/stm32f429i_discovery_sdram.o
FMC_SetAutoRefresh_Number                         build/obj/stm32f4xx_fmc.o
FMC_SetRefreshCount                               build/obj/stm32f4xx_fmc.o
                                                  build/obj/stm32f429i_discovery_sdram.o
GDISP                                             build/obj/gdisp_gdisp.o
                                                  build/obj/main.o
                                                  build/obj/ginput_mouse.o
GDISPVMT_OnlyOne                                  build/obj/gdisp_lld_STM32F429iDiscovery.o
                                                  build/obj/gdisp_gdisp.o
GMOUSEVMT_OnlyOne                                 build/obj/gmouse_lld_STMPE811.o
                                                  build/obj/ginput_mouse.o
HARDFAULT_PSP                                     build/obj/vectors.o
HardFaultVector                                   build/obj/vectors.o
I2CD3                                             build/obj/i2c_lld.o
                                                  build/obj/gmouse_lld_STMPE811.o
MemManageVector                                   build/obj/vectors.o
NMIVector                                         build/obj/vectors.o
PendSVVector                                      build/obj/vectors.o
ResetHandler                                      build/obj/crt0.o
                                                  build/obj/vectors.o
SDRAM_Init                                        build/obj/stm32f429i_discovery_sdram.o
                                                  build/obj/gdisp_lld_STM32F429iDiscovery.o
SDRAM_InitSequence                                build/obj/stm32f429i_discovery_sdram.o
SDRAM_ReadBuffer                                  build/obj/stm32f429i_discovery_sdram.o
SDRAM_WriteBuffer                                 build/obj/stm32f429i_discovery_sdram.o
SDU1                                              build/obj/usbcfg.o
SPID5                                             build/obj/spi_lld.o
                                                  build/obj/gdisp_lld_STM32F429iDiscovery.o
SVCallVector                                      build/obj/chcore_v7m.o
                                                  build/obj/vectors.o
SysTickVector                                     build/obj/chcore_v7m.o
                                                  build/obj/vectors.o
TestThread                                        build/obj/test.o
USBD2                                             build/obj/usb_lld.o
                                                  build/obj/usbcfg.o
UsageFaultVector                                  build/obj/vectors.o
Vector100                                         build/obj/vectors.o
Vector104                                         build/obj/vectors.o
Vector108                                         build/obj/vectors.o
Vector10C                                         build/obj/vectors.o
Vector110                                         build/obj/vectors.o
Vector114                                         build/obj/vectors.o
Vector118                                         build/obj/vectors.o
Vector11C                                         build/obj/vectors.o
Vector120                                         build/obj/stm32_dma.o
                                                  build/obj/vectors.o
Vector124                                         build/obj/stm32_dma.o
                                                  build/obj/vectors.o
Vector128                                         build/obj/stm32_dma.o
                                                  build/obj/vectors.o
Vector12C                                         build/obj/stm32_dma.o
                                                  build/obj/vectors.o
Vector130                                         build/obj/stm32_dma.o
                                                  build/obj/vectors.o
Vector134                                         build/obj/vectors.o
Vector138                                         build/obj/vectors.o
Vector13C                                         build/obj/vectors.o
Vector140                                         build/obj/vectors.o
Vector144                                         build/obj/vectors.o
Vector148                                         build/obj/vectors.o
Vector14C                                         build/obj/vectors.o
Vector150                                         build/obj/stm32_dma.o
                                                  build/obj/vectors.o
Vector154                                         build/obj/stm32_dma.o
                                                  build/obj/vectors.o
Vector158                                         build/obj/stm32_dma.o
                                                  build/obj/vectors.o
Vector15C                                         build/obj/vectors.o
Vector160                                         build/obj/i2c_lld.o
                                                  build/obj/vectors.o
Vector164                                         build/obj/i2c_lld.o
                                                  build/obj/vectors.o
Vector168                                         build/obj/vectors.o
Vector16C                                         build/obj/vectors.o
Vector170                                         build/obj/vectors.o
Vector174                                         build/obj/usb_lld.o
                                                  build/obj/vectors.o
Vector178                                         build/obj/vectors.o
Vector17C                                         build/obj/vectors.o
Vector180                                         build/obj/vectors.o
Vector184                                         build/obj/vectors.o
Vector188                                         build/obj/vectors.o
Vector18C                                         build/obj/vectors.o
Vector190                                         build/obj/vectors.o
Vector194                                         build/obj/vectors.o
Vector198                                         build/obj/vectors.o
Vector19C                                         build/obj/vectors.o
Vector1A0                                         build/obj/vectors.o
Vector1A4                                         build/obj/vectors.o
Vector1A8                                         build/obj/vectors.o
Vector1C                                          build/obj/vectors.o
Vector20                                          build/obj/vectors.o
Vector24                                          build/obj/vectors.o
Vector28                                          build/obj/vectors.o
Vector34                                          build/obj/vectors.o
Vector40                                          build/obj/vectors.o
Vector44                                          build/obj/vectors.o
Vector48                                          build/obj/vectors.o
Vector4C                                          build/obj/vectors.o
Vector50                                          build/obj/vectors.o
Vector54                                          build/obj/vectors.o
Vector58                                          build/obj/vectors.o
Vector5C                                          build/obj/vectors.o
Vector60                                          build/obj/vectors.o
Vector64                                          build/obj/vectors.o
Vector68                                          build/obj/vectors.o
Vector6C                                          build/obj/stm32_dma.o
                                                  build/obj/vectors.o
Vector70                                          build/obj/stm32_dma.o
                                                  build/obj/vectors.o
Vector74                                          build/obj/stm32_dma.o
                                                  build/obj/vectors.o
Vector78                                          build/obj/stm32_dma.o
                                                  build/obj/vectors.o